Archive member included to satisfy reference by file (symbol)

c:/progra~2/armgnu~1/112202~1.02/bin/../lib/gcc/arm-none-eabi/11.2.1/thumb/v6-m/nofp\libgcc.a(_dvmd_tls.o)
                              CMakeFiles/adc_board_test.dir/C_/development/pico/pico-sdk/src/rp2_common/pico_divider/divider.S.obj (__aeabi_idiv0)
c:/progra~2/armgnu~1/112202~1.02/bin/../lib/gcc/arm-none-eabi/11.2.1/thumb/v6-m/nofp\libg.a(lib_a-calloc.o)
                              CMakeFiles/adc_board_test.dir/C_/development/pico/pico-sdk/src/rp2_common/pico_malloc/pico_malloc.c.obj (calloc)
c:/progra~2/armgnu~1/112202~1.02/bin/../lib/gcc/arm-none-eabi/11.2.1/thumb/v6-m/nofp\libg.a(lib_a-callocr.o)
                              c:/progra~2/armgnu~1/112202~1.02/bin/../lib/gcc/arm-none-eabi/11.2.1/thumb/v6-m/nofp\libg.a(lib_a-calloc.o) (_calloc_r)
c:/progra~2/armgnu~1/112202~1.02/bin/../lib/gcc/arm-none-eabi/11.2.1/thumb/v6-m/nofp\libg.a(lib_a-errno.o)
                              c:/progra~2/armgnu~1/112202~1.02/bin/../lib/gcc/arm-none-eabi/11.2.1/thumb/v6-m/nofp\libg.a(lib_a-callocr.o) (__errno)
c:/progra~2/armgnu~1/112202~1.02/bin/../lib/gcc/arm-none-eabi/11.2.1/thumb/v6-m/nofp\libg.a(lib_a-impure.o)
                              c:/progra~2/armgnu~1/112202~1.02/bin/../lib/gcc/arm-none-eabi/11.2.1/thumb/v6-m/nofp\libg.a(lib_a-calloc.o) (_impure_ptr)
c:/progra~2/armgnu~1/112202~1.02/bin/../lib/gcc/arm-none-eabi/11.2.1/thumb/v6-m/nofp\libg.a(lib_a-init.o)
                              c:/progra~2/armgnu~1/112202~1.02/bin/../lib/gcc/arm-none-eabi/11.2.1/thumb/v6-m/nofp/crt0.o (__libc_init_array)
c:/progra~2/armgnu~1/112202~1.02/bin/../lib/gcc/arm-none-eabi/11.2.1/thumb/v6-m/nofp\libg.a(lib_a-malloc.o)
                              CMakeFiles/adc_board_test.dir/C_/development/pico/pico-sdk/src/rp2_common/pico_malloc/pico_malloc.c.obj (malloc)
c:/progra~2/armgnu~1/112202~1.02/bin/../lib/gcc/arm-none-eabi/11.2.1/thumb/v6-m/nofp\libg.a(lib_a-mallocr.o)
                              c:/progra~2/armgnu~1/112202~1.02/bin/../lib/gcc/arm-none-eabi/11.2.1/thumb/v6-m/nofp\libg.a(lib_a-callocr.o) (_malloc_r)
c:/progra~2/armgnu~1/112202~1.02/bin/../lib/gcc/arm-none-eabi/11.2.1/thumb/v6-m/nofp\libg.a(lib_a-mlock.o)
                              c:/progra~2/armgnu~1/112202~1.02/bin/../lib/gcc/arm-none-eabi/11.2.1/thumb/v6-m/nofp\libg.a(lib_a-mallocr.o) (__malloc_lock)
c:/progra~2/armgnu~1/112202~1.02/bin/../lib/gcc/arm-none-eabi/11.2.1/thumb/v6-m/nofp\libg.a(lib_a-realloc.o)
                              CMakeFiles/adc_board_test.dir/C_/development/pico/pico-sdk/src/rp2_common/pico_malloc/pico_malloc.c.obj (realloc)
c:/progra~2/armgnu~1/112202~1.02/bin/../lib/gcc/arm-none-eabi/11.2.1/thumb/v6-m/nofp\libg.a(lib_a-reallocr.o)
                              c:/progra~2/armgnu~1/112202~1.02/bin/../lib/gcc/arm-none-eabi/11.2.1/thumb/v6-m/nofp\libg.a(lib_a-realloc.o) (_realloc_r)
c:/progra~2/armgnu~1/112202~1.02/bin/../lib/gcc/arm-none-eabi/11.2.1/thumb/v6-m/nofp\libg.a(lib_a-sbrkr.o)
                              c:/progra~2/armgnu~1/112202~1.02/bin/../lib/gcc/arm-none-eabi/11.2.1/thumb/v6-m/nofp\libg.a(lib_a-mallocr.o) (_sbrk_r)
c:/progra~2/armgnu~1/112202~1.02/bin/../lib/gcc/arm-none-eabi/11.2.1/thumb/v6-m/nofp\libg.a(lib_a-sscanf.o)
                              CMakeFiles/adc_board_test.dir/main.cpp.obj (sscanf)
c:/progra~2/armgnu~1/112202~1.02/bin/../lib/gcc/arm-none-eabi/11.2.1/thumb/v6-m/nofp\libg.a(lib_a-stdio.o)
                              c:/progra~2/armgnu~1/112202~1.02/bin/../lib/gcc/arm-none-eabi/11.2.1/thumb/v6-m/nofp\libg.a(lib_a-sscanf.o) (__seofread)
c:/progra~2/armgnu~1/112202~1.02/bin/../lib/gcc/arm-none-eabi/11.2.1/thumb/v6-m/nofp\libg.a(lib_a-strlen-stub.o)
                              CMakeFiles/adc_board_test.dir/C_/development/pico/pico-sdk/src/rp2_common/pico_stdio/stdio.c.obj (strlen)
c:/progra~2/armgnu~1/112202~1.02/bin/../lib/gcc/arm-none-eabi/11.2.1/thumb/v6-m/nofp\libg.a(lib_a-svfscanf.o)
                              c:/progra~2/armgnu~1/112202~1.02/bin/../lib/gcc/arm-none-eabi/11.2.1/thumb/v6-m/nofp\libg.a(lib_a-sscanf.o) (__ssvfscanf_r)
c:/progra~2/armgnu~1/112202~1.02/bin/../lib/gcc/arm-none-eabi/11.2.1/thumb/v6-m/nofp\libg.a(lib_a-writer.o)
                              c:/progra~2/armgnu~1/112202~1.02/bin/../lib/gcc/arm-none-eabi/11.2.1/thumb/v6-m/nofp\libg.a(lib_a-stdio.o) (_write_r)
c:/progra~2/armgnu~1/112202~1.02/bin/../lib/gcc/arm-none-eabi/11.2.1/thumb/v6-m/nofp\libg.a(lib_a-closer.o)
                              c:/progra~2/armgnu~1/112202~1.02/bin/../lib/gcc/arm-none-eabi/11.2.1/thumb/v6-m/nofp\libg.a(lib_a-stdio.o) (_close_r)
c:/progra~2/armgnu~1/112202~1.02/bin/../lib/gcc/arm-none-eabi/11.2.1/thumb/v6-m/nofp\libg.a(lib_a-ctype_.o)
                              c:/progra~2/armgnu~1/112202~1.02/bin/../lib/gcc/arm-none-eabi/11.2.1/thumb/v6-m/nofp\libg.a(lib_a-svfscanf.o) (_ctype_)
c:/progra~2/armgnu~1/112202~1.02/bin/../lib/gcc/arm-none-eabi/11.2.1/thumb/v6-m/nofp\libg.a(lib_a-freer.o)
[...]
Memory Configuration

Name             Origin             Length             Attributes
FLASH            0x10000000         0x00200000         xr
RAM              0x20000000         0x00040000         xrw
SCRATCH_X        0x20040000         0x00001000         xrw
SCRATCH_Y        0x20041000         0x00001000         xrw
*default*        0x00000000         0xffffffff

Linker script and memory map

LOAD c:/progra~2/armgnu~1/112202~1.02/bin/../lib/gcc/arm-none-eabi/11.2.1/thumb/v6-m/nofp/crti.o
LOAD c:/progra~2/armgnu~1/112202~1.02/bin/../lib/gcc/arm-none-eabi/11.2.1/thumb/v6-m/nofp/crtbegin.o
LOAD c:/progra~2/armgnu~1/112202~1.02/bin/../lib/gcc/arm-none-eabi/11.2.1/thumb/v6-m/nofp/crt0.o

.flash_begin    0x10000000        0x0
                0x10000000                __flash_binary_start = .

.boot2          0x10000000      0x100
                0x10000000                __boot2_start__ = .
 *(.boot2)
 .boot2         0x10000000      0x100 C:\Users\shabaz\AppData\Local\Temp\cccnT1Wj.o
                0x10000100                __boot2_end__ = .
                0x00000001                ASSERT (((__boot2_end__ - __boot2_start__) == 0x100), ERROR: Pico second stage bootloader must be 256 bytes in size)

.text           0x10000100     0xcd38
                0x10000100                __logical_binary_start = .
 *(.vectors)
 .vectors       0x10000100       0xd4 CMakeFiles/adc_board_test.dir/C_/development/pico/pico-sdk/src/rp2_common/pico_standard_link/crt0.S.obj
                0x10000100                __VECTOR_TABLE
                0x10000100                __vectors
                0x100001c0                isr_invalid
                0x100001c0                __default_isrs_start
                0x100001c2                isr_nmi
                0x100001c4                isr_hardfault
                0x100001c6                isr_svcall
                0x100001c8                isr_pendsv
                0x100001ca                isr_systick
                0x100001cc                isr_irq23
                0x100001cc                isr_irq18
                0x100001cc                isr_irq11
                0x100001cc                isr_irq28
                0x100001cc                isr_irq19
                0x100001cc                isr_irq0
                0x100001cc                isr_irq6
                0x100001cc                isr_irq5
                0x100001cc                isr_irq12
                0x100001cc                isr_irq22
                0x100001cc                isr_irq31
                0x100001cc                isr_irq17
                0x100001cc                isr_irq27
                0x100001cc                isr_irq30
                0x100001cc                isr_irq2
                0x100001cc                isr_irq10
                0x100001cc                isr_irq8
                0x100001cc                isr_irq24
                0x100001cc                isr_irq1
                0x100001cc                isr_irq7
                0x100001cc                isr_irq21
                0x100001cc                isr_irq20
                0x100001cc                isr_irq15
                0x100001cc                isr_irq25
                0x100001cc                isr_irq13
                0x100001cc                __unhandled_user_irq
                0x100001cc                isr_irq4
                0x100001cc                isr_irq16
                0x100001cc                isr_irq29
                0x100001cc                isr_irq26
                0x100001cc                __default_isrs_end
                0x100001cc                isr_irq3
                0x100001cc                isr_irq14
                0x100001cc                isr_irq9
                0x100001d2                unhandled_user_irq_num_in_r0
 *(.binary_info_header)
 .binary_info_header
                0x100001d4       0x14 CMakeFiles/adc_board_test.dir/C_/development/pico/pico-sdk/src/rp2_common/pico_standard_link/crt0.S.obj
                0x100001e8                __binary_info_header_end = .
 *(.reset)
 .reset         0x100001e8       0xa0 CMakeFiles/adc_board_test.dir/C_/development/pico/pico-sdk/src/rp2_common/pico_standard_link/crt0.S.obj
                0x100001e8                _entry_point
 .reset         0x10000288       0x30 CMakeFiles/adc_board_test.dir/C_/development/pico/pico-sdk/src/rp2_common/pico_standard_link/binary_info.c.obj
 *(.init)
 .init          0x100002b8        0x4 c:/progra~2/armgnu~1/112202~1.02/bin/../lib/gcc/arm-none-eabi/11.2.1/thumb/v6-m/nofp/crti.o
                0x100002b8                _init
 *(EXCLUDE_FILE(*libm.a: *libc.a:*lib_a-mem*.o *libgcc.a:) .text*)
 .text.register_tm_clones
                0x100002bc       0x28 c:/progra~2/armgnu~1/112202~1.02/bin/../lib/gcc/arm-none-eabi/11.2.1/thumb/v6-m/nofp/crtbegin.o
 .text.frame_dummy
                0x100002e4       0x24 c:/progra~2/armgnu~1/112202~1.02/bin/../lib/gcc/arm-none-eabi/11.2.1/thumb/v6-m/nofp/crtbegin.o
 .text._Z11print_titlev
                0x10000308       0x2c CMakeFiles/adc_board_test.dir/main.cpp.obj
                0x10000308                _Z11print_titlev
 .text._Z18check_for_keypressv
                0x10000334       0x16 CMakeFiles/adc_board_test.dir/main.cpp.obj
                0x10000334                _Z18check_for_keypressv
 *fill*         0x1000034a        0x2 
 .text._Z21wait_for_string_entryPci
                0x1000034c       0x8c CMakeFiles/adc_board_test.dir/main.cpp.obj
                0x1000034c                _Z21wait_for_string_entryPci
 .text._Z15wait_byte_entryv
                0x100003d8       0x3c CMakeFiles/adc_board_test.dir/main.cpp.obj
                0x100003d8                _Z15wait_byte_entryv
 .text._Z17wait_double_entryv
                0x10000414       0x30 CMakeFiles/adc_board_test.dir/main.cpp.obj
                0x10000414                _Z17wait_double_entryv
 .text._Z16wait_float_entryv
                0x10000444       0x28 CMakeFiles/adc_board_test.dir/main.cpp.obj
                0x10000444                _Z16wait_float_entryv
 .text._Z15build_data_ratehh
                0x1000046c       0x34 CMakeFiles/adc_board_test.dir/main.cpp.obj
                0x1000046c                _Z15build_data_ratehh
 .text._Z10build_gainhh
                0x100004a0       0x50 CMakeFiles/adc_board_test.dir/main.cpp.obj
                0x100004a0                _Z10build_gainhh
 .text._Z11adc_set_muxhhh
                0x100004f0       0x90 CMakeFiles/adc_board_test.dir/main.cpp.obj
                0x100004f0                _Z11adc_set_muxhhh
 .text._Z19adc_raw_diff_resulth
                0x10000580       0x58 CMakeFiles/adc_board_test.dir/main.cpp.obj
                0x10000580                _Z19adc_raw_diff_resulth
 .text._Z8to_voltshs
                0x100005d8       0x44 CMakeFiles/adc_board_test.dir/main.cpp.obj
                0x100005d8                _Z8to_voltshs
 .text._Z8adc_initv
                0x1000061c       0xb4 CMakeFiles/adc_board_test.dir/main.cpp.obj
                0x1000061c                _Z8adc_initv
 .text._Z17eeprom_byte_writehhh
                0x100006d0       0x2c CMakeFiles/adc_board_test.dir/main.cpp.obj
                0x100006d0                _Z17eeprom_byte_writehhh
 .text._Z19eeprom_write_doublehhd
                0x100006fc       0x3c CMakeFiles/adc_board_test.dir/main.cpp.obj
                0x100006fc                _Z19eeprom_write_doublehhd
 .text._Z18eeprom_write_floathhf
                0x10000738       0x38 CMakeFiles/adc_board_test.dir/main.cpp.obj
                0x10000738                _Z18eeprom_write_floathhf
 .text._Z16eeprom_byte_readhh
                0x10000770       0x38 CMakeFiles/adc_board_test.dir/main.cpp.obj
                0x10000770                _Z16eeprom_byte_readhh
 .text._Z18eeprom_read_doublehh
                0x100007a8       0x38 CMakeFiles/adc_board_test.dir/main.cpp.obj
                0x100007a8                _Z18eeprom_read_doublehh
 .text._Z17eeprom_read_floathh
                0x100007e0       0x34 CMakeFiles/adc_board_test.dir/main.cpp.obj
                0x100007e0                _Z17eeprom_read_floathh
 .text._Z14print_cfg_menuv
                0x10000814       0xb8 CMakeFiles/adc_board_test.dir/main.cpp.obj
                0x10000814                _Z14print_cfg_menuv
 .text._Z8cfg_menuv
                0x100008cc      0x1b4 CMakeFiles/adc_board_test.dir/main.cpp.obj
                0x100008cc                _Z8cfg_menuv
 .text._Z21startup_button_actionh
                0x10000a80       0x10 CMakeFiles/adc_board_test.dir/main.cpp.obj
                0x10000a80                _Z21startup_button_actionh
 .text._Z10board_initv
                0x10000a90       0x54 CMakeFiles/adc_board_test.dir/main.cpp.obj
                0x10000a90                _Z10board_initv
 .text.main     0x10000ae4      0x150 CMakeFiles/adc_board_test.dir/main.cpp.obj
                0x10000ae4                main
 .text.gpio_set_function
                0x10000c34       0x30 CMakeFiles/adc_board_test.dir/C_/development/pico/pico-sdk/src/rp2_common/hardware_gpio/gpio.c.obj
                0x10000c34                gpio_set_function
 .text.gpio_set_pulls
                0x10000c64       0x34 CMakeFiles/adc_board_test.dir/C_/development/pico/pico-sdk/src/rp2_common/hardware_gpio/gpio.c.obj
                0x10000c64                gpio_set_pulls
 .text.gpio_init
                0x10000c98       0x16 CMakeFiles/adc_board_test.dir/C_/development/pico/pico-sdk/src/rp2_common/hardware_gpio/gpio.c.obj
                0x10000c98                gpio_init
 *fill*         0x10000cae        0x2 
 .text.running_on_fpga
                0x10000cb0       0x14 CMakeFiles/adc_board_test.dir/C_/development/pico/pico-sdk/src/rp2_common/pico_platform/platform.c.obj
                0x10000cb0                running_on_fpga
 .text.hw_claim_lock
                0x10000cc4       0x18 CMakeFiles/adc_board_test.dir/C_/development/pico/pico-sdk/src/rp2_common/hardware_claim/claim.c.obj
                0x10000cc4                hw_claim_lock
 .text.hw_claim_unlock
                0x10000cdc       0x14 CMakeFiles/adc_board_test.dir/C_/development/pico/pico-sdk/src/rp2_common/hardware_claim/claim.c.obj
                0x10000cdc                hw_claim_unlock
 .text.hw_claim_or_assert
                0x10000cf0       0x32 CMakeFiles/adc_board_test.dir/C_/development/pico/pico-sdk/src/rp2_common/hardware_claim/claim.c.obj
                0x10000cf0                hw_claim_or_assert
 .text.hw_claim_unused_from_range
                0x10000d22       0x50 CMakeFiles/adc_board_test.dir/C_/development/pico/pico-sdk/src/rp2_common/hardware_claim/claim.c.obj
                0x10000d22                hw_claim_unused_from_range
 *fill*         0x10000d72        0x2 
 .text.spin_locks_reset
                0x10000d74       0x20 CMakeFiles/adc_board_test.dir/C_/development/pico/pico-sdk/src/rp2_common/hardware_sync/sync.c.obj
                0x10000d74                spin_locks_reset
 .text.next_striped_spin_lock_num
                0x10000d94       0x1c CMakeFiles/adc_board_test.dir/C_/development/pico/pico-sdk/src/rp2_common/hardware_sync/sync.c.obj
                0x10000d94                next_striped_spin_lock_num
 .text.spin_lock_claim_unused
                0x10000db0       0x24 CMakeFiles/adc_board_test.dir/C_/development/pico/pico-sdk/src/rp2_common/hardware_sync/sync.c.obj
                0x10000db0                spin_lock_claim_unused
 .text.set_raw_irq_handler_and_unlock
                0x10000dd4       0x28 CMakeFiles/adc_board_test.dir/C_/development/pico/pico-sdk/src/rp2_common/hardware_irq/irq.c.obj
 .text.make_branch
                0x10000dfc       0x48 CMakeFiles/adc_board_test.dir/C_/development/pico/pico-sdk/src/rp2_common/hardware_irq/irq.c.obj
 .text.insert_branch_and_link
                0x10000e44       0x40 CMakeFiles/adc_board_test.dir/C_/development/pico/pico-sdk/src/rp2_common/hardware_irq/irq.c.obj
 .text.irq_is_enabled
                0x10000e84       0x18 CMakeFiles/adc_board_test.dir/C_/development/pico/pico-sdk/src/rp2_common/hardware_irq/irq.c.obj
                0x10000e84                irq_is_enabled
 .text.irq_set_mask_enabled
                0x10000e9c       0x20 CMakeFiles/adc_board_test.dir/C_/development/pico/pico-sdk/src/rp2_common/hardware_irq/irq.c.obj
                0x10000e9c                irq_set_mask_enabled
 .text.irq_set_enabled
                0x10000ebc        0xe CMakeFiles/adc_board_test.dir/C_/development/pico/pico-sdk/src/rp2_common/hardware_irq/irq.c.obj
                0x10000ebc                irq_set_enabled
 *fill*         0x10000eca        0x2 
 .text.irq_set_pending
                0x10000ecc       0x10 CMakeFiles/adc_board_test.dir/C_/development/pico/pico-sdk/src/rp2_common/hardware_irq/irq.c.obj
                0x10000ecc                irq_set_pending
 .text.irq_get_vtable_handler
                0x10000edc       0x10 CMakeFiles/adc_board_test.dir/C_/development/pico/pico-sdk/src/rp2_common/hardware_irq/irq.c.obj
                0x10000edc                irq_get_vtable_handler
 .text.irq_has_shared_handler
                0x10000eec       0x24 CMakeFiles/adc_board_test.dir/C_/development/pico/pico-sdk/src/rp2_common/hardware_irq/irq.c.obj
                0x10000eec                irq_has_shared_handler
 .text.irq_set_exclusive_handler
                0x10000f10       0x54 CMakeFiles/adc_board_test.dir/C_/development/pico/pico-sdk/src/rp2_common/hardware_irq/irq.c.obj
                0x10000f10                irq_set_exclusive_handler
 .text.irq_add_shared_handler
                0x10000f64      0x230 CMakeFiles/adc_board_test.dir/C_/development/pico/pico-sdk/src/rp2_common/hardware_irq/irq.c.obj
                0x10000f64                irq_add_shared_handler
 .text.irq_remove_handler
                0x10001194      0x1a8 CMakeFiles/adc_board_test.dir/C_/development/pico/pico-sdk/src/rp2_common/hardware_irq/irq.c.obj
                0x10001194                irq_remove_handler
 .text.irq_add_tail_to_free_list
                0x1000133c       0xf0 CMakeFiles/adc_board_test.dir/C_/development/pico/pico-sdk/src/rp2_common/hardware_irq/irq.c.obj
                0x1000133c                irq_add_tail_to_free_list
 .text.irq_init_priorities
                0x1000142c       0x1c CMakeFiles/adc_board_test.dir/C_/development/pico/pico-sdk/src/rp2_common/hardware_irq/irq.c.obj
                0x1000142c                irq_init_priorities
 .text.user_irq_claim_unused
                0x10001448       0x2c CMakeFiles/adc_board_test.dir/C_/development/pico/pico-sdk/src/rp2_common/hardware_irq/irq.c.obj
                0x10001448                user_irq_claim_unused
 .text.lock_init
                0x10001474       0x10 CMakeFiles/adc_board_test.dir/C_/development/pico/pico-sdk/src/common/pico_sync/lock_core.c.obj
                0x10001474                lock_init
 .text.mutex_init
                0x10001484       0x1a CMakeFiles/adc_board_test.dir/C_/development/pico/pico-sdk/src/common/pico_sync/mutex.c.obj
                0x10001484                mutex_init
 .text.recursive_mutex_init
                0x1000149e       0x1e CMakeFiles/adc_board_test.dir/C_/development/pico/pico-sdk/src/common/pico_sync/mutex.c.obj
                0x1000149e                recursive_mutex_init
 .text.critical_section_init_with_lock_num
                0x100014bc       0x14 CMakeFiles/adc_board_test.dir/C_/development/pico/pico-sdk/src/common/pico_sync/critical_section.c.obj
                0x100014bc                critical_section_init_with_lock_num
 .text.critical_section_init
                0x100014d0       0x14 CMakeFiles/adc_board_test.dir/C_/development/pico/pico-sdk/src/common/pico_sync/critical_section.c.obj
                0x100014d0                critical_section_init
 .text.alarm_pool_post_alloc_init
                0x100014e4       0x40 CMakeFiles/adc_board_test.dir/C_/development/pico/pico-sdk/src/common/pico_time/time.c.obj
 .text.sleep_until_callback
                0x10001524       0x30 CMakeFiles/adc_board_test.dir/C_/development/pico/pico-sdk/src/common/pico_time/time.c.obj
 .text.timer_pool_entry_comparator
                0x10001554       0x78 CMakeFiles/adc_board_test.dir/C_/development/pico/pico-sdk/src/common/pico_time/time.c.obj
                0x10001554                timer_pool_entry_comparator
 .text.ph_add_child_node
                0x100015cc       0xa0 CMakeFiles/adc_board_test.dir/C_/development/pico/pico-sdk/src/common/pico_time/time.c.obj
 .text.ph_merge_nodes
                0x1000166c       0x3e CMakeFiles/adc_board_test.dir/C_/development/pico/pico-sdk/src/common/pico_time/time.c.obj
 *fill*         0x100016aa        0x2 
 .text.add_alarm_under_lock
                0x100016ac      0x16c CMakeFiles/adc_board_test.dir/C_/development/pico/pico-sdk/src/common/pico_time/time.c.obj
 .text.alarm_pool_alarm_callback
                0x10001818      0x33c CMakeFiles/adc_board_test.dir/C_/development/pico/pico-sdk/src/common/pico_time/time.c.obj
 .text.alarm_pool_init_default
                0x10001b54       0x40 CMakeFiles/adc_board_test.dir/C_/development/pico/pico-sdk/src/common/pico_time/time.c.obj
                0x10001b54                alarm_pool_init_default
 .text.alarm_pool_get_default
                0x10001b94       0x2c CMakeFiles/adc_board_test.dir/C_/development/pico/pico-sdk/src/common/pico_time/time.c.obj
                0x10001b94                alarm_pool_get_default
 .text.alarm_pool_add_alarm_at
                0x10001bc0      0x16c CMakeFiles/adc_board_test.dir/C_/development/pico/pico-sdk/src/common/pico_time/time.c.obj
                0x10001bc0                alarm_pool_add_alarm_at
 .text.alarm_pool_cancel_alarm
                0x10001d2c       0xec CMakeFiles/adc_board_test.dir/C_/development/pico/pico-sdk/src/common/pico_time/time.c.obj
                0x10001d2c                alarm_pool_cancel_alarm
 .text.alarm_pool_core_num
                0x10001e18        0x4 CMakeFiles/adc_board_test.dir/C_/development/pico/pico-sdk/src/common/pico_time/time.c.obj
                0x10001e18                alarm_pool_core_num
 .text.sleep_until
                0x10001e1c       0xfc CMakeFiles/adc_board_test.dir/C_/development/pico/pico-sdk/src/common/pico_time/time.c.obj
                0x10001e1c                sleep_until
 .text.sleep_us
                0x10001f18       0x58 CMakeFiles/adc_board_test.dir/C_/development/pico/pico-sdk/src/common/pico_time/time.c.obj
                0x10001f18                sleep_us
 .text.sleep_ms
                0x10001f70       0x14 CMakeFiles/adc_board_test.dir/C_/development/pico/pico-sdk/src/common/pico_time/time.c.obj
                0x10001f70                sleep_ms
 .text.best_effort_wfe_or_timeout
                0x10001f84       0xac CMakeFiles/adc_board_test.dir/C_/development/pico/pico-sdk/src/common/pico_time/time.c.obj
                0x10001f84                best_effort_wfe_or_timeout
 .text.hardware_alarm_irq_handler
                0x10002030       0x8c CMakeFiles/adc_board_test.dir/C_/development/pico/pico-sdk/src/rp2_common/hardware_timer/timer.c.obj
 .text.hardware_alarm_claim
                0x100020bc       0x18 CMakeFiles/adc_board_test.dir/C_/development/pico/pico-sdk/src/rp2_common/hardware_timer/timer.c.obj
                0x100020bc                hardware_alarm_claim
 .text.time_us_64
                0x100020d4       0x18 CMakeFiles/adc_board_test.dir/C_/development/pico/pico-sdk/src/rp2_common/hardware_timer/timer.c.obj
                0x100020d4                time_us_64
 .text.busy_wait_until
                0x100020ec       0x28 CMakeFiles/adc_board_test.dir/C_/development/pico/pico-sdk/src/rp2_common/hardware_timer/timer.c.obj
                0x100020ec                busy_wait_until
 .text.busy_wait_us
                0x10002114       0x48 CMakeFiles/adc_board_test.dir/C_/development/pico/pico-sdk/src/rp2_common/hardware_timer/timer.c.obj
                0x10002114                busy_wait_us
 .text.hardware_alarm_set_callback
                0x1000215c       0x90 CMakeFiles/adc_board_test.dir/C_/development/pico/pico-sdk/src/rp2_common/hardware_timer/timer.c.obj
                0x1000215c                hardware_alarm_set_callback
 .text.hardware_alarm_set_target
                0x100021ec       0xe8 CMakeFiles/adc_board_test.dir/C_/development/pico/pico-sdk/src/rp2_common/hardware_timer/timer.c.obj
                0x100021ec                hardware_alarm_set_target
 .text.hardware_alarm_cancel
                0x100022d4       0x40 CMakeFiles/adc_board_test.dir/C_/development/pico/pico-sdk/src/rp2_common/hardware_timer/timer.c.obj
                0x100022d4                hardware_alarm_cancel
 .text.ph_add_child_node
                0x10002314       0xa0 CMakeFiles/adc_board_test.dir/C_/development/pico/pico-sdk/src/common/pico_util/pheap.c.obj
 .text.ph_merge_nodes
                0x100023b4       0x3e CMakeFiles/adc_board_test.dir/C_/development/pico/pico-sdk/src/common/pico_util/pheap.c.obj
 *fill*         0x100023f2        0x2 
 .text.ph_clear
                0x100023f4       0x70 CMakeFiles/adc_board_test.dir/C_/development/pico/pico-sdk/src/common/pico_util/pheap.c.obj
                0x100023f4                ph_clear
 .text.ph_post_alloc_init
                0x10002464        0xe CMakeFiles/adc_board_test.dir/C_/development/pico/pico-sdk/src/common/pico_util/pheap.c.obj
                0x10002464                ph_post_alloc_init
 *fill*         0x10002472        0x2 
 .text.ph_merge_two_pass
                0x10002474       0xa4 CMakeFiles/adc_board_test.dir/C_/development/pico/pico-sdk/src/common/pico_util/pheap.c.obj
                0x10002474                ph_merge_two_pass
 .text.ph_remove_any_head
                0x10002518      0x120 CMakeFiles/adc_board_test.dir/C_/development/pico/pico-sdk/src/common/pico_util/pheap.c.obj
 .text.ph_remove_head
                0x10002638       0x14 CMakeFiles/adc_board_test.dir/C_/development/pico/pico-sdk/src/common/pico_util/pheap.c.obj
                0x10002638                ph_remove_head
 .text.ph_remove_and_free_node
                0x1000264c       0xf8 CMakeFiles/adc_board_test.dir/C_/development/pico/pico-sdk/src/common/pico_util/pheap.c.obj
                0x1000264c                ph_remove_and_free_node
 .text.clock_configure
                0x10002744      0x104 CMakeFiles/adc_board_test.dir/C_/development/pico/pico-sdk/src/rp2_common/hardware_clocks/clocks.c.obj
                0x10002744                clock_configure
 .text.clocks_init
                0x10002848      0x100 CMakeFiles/adc_board_test.dir/C_/development/pico/pico-sdk/src/rp2_common/hardware_clocks/clocks.c.obj
                0x10002848                clocks_init
 .text.clock_get_hz
                0x10002948        0xc CMakeFiles/adc_board_test.dir/C_/development/pico/pico-sdk/src/rp2_common/hardware_clocks/clocks.c.obj
                0x10002948                clock_get_hz
 .text.pll_init
                0x10002954      0x12c CMakeFiles/adc_board_test.dir/C_/development/pico/pico-sdk/src/rp2_common/hardware_pll/pll.c.obj
                0x10002954                pll_init
 .text.watchdog_start_tick
                0x10002a80       0x10 CMakeFiles/adc_board_test.dir/C_/development/pico/pico-sdk/src/rp2_common/hardware_watchdog/watchdog.c.obj
                0x10002a80                watchdog_start_tick
 .text.watchdog_update
                0x10002a90       0x14 CMakeFiles/adc_board_test.dir/C_/development/pico/pico-sdk/src/rp2_common/hardware_watchdog/watchdog.c.obj
                0x10002a90                watchdog_update
 .text._watchdog_enable
                0x10002aa4       0x78 CMakeFiles/adc_board_test.dir/C_/development/pico/pico-sdk/src/rp2_common/hardware_watchdog/watchdog.c.obj
                0x10002aa4                _watchdog_enable
 .text.watchdog_reboot
                0x10002b1c       0x48 CMakeFiles/adc_board_test.dir/C_/development/pico/pico-sdk/src/rp2_common/hardware_watchdog/watchdog.c.obj
                0x10002b1c                watchdog_reboot
 .text.xosc_init
                0x10002b64       0x28 CMakeFiles/adc_board_test.dir/C_/development/pico/pico-sdk/src/rp2_common/hardware_xosc/xosc.c.obj
                0x10002b64                xosc_init
 .text._exit    0x10002b8c        0x4 CMakeFiles/adc_board_test.dir/C_/development/pico/pico-sdk/src/rp2_common/pico_runtime/runtime.c.obj
                0x10002b8c                _exit
 .text._sbrk    0x10002b90       0x38 CMakeFiles/adc_board_test.dir/C_/development/pico/pico-sdk/src/rp2_common/pico_runtime/runtime.c.obj
                0x10002b90                _sbrk
 .text.exit     0x10002bc8        0x6 CMakeFiles/adc_board_test.dir/C_/development/pico/pico-sdk/src/rp2_common/pico_runtime/runtime.c.obj
                0x10002bc8                exit
 *fill*         0x10002bce        0x2 
 .text.__assert_func
                0x10002bd0       0x3c CMakeFiles/adc_board_test.dir/C_/development/pico/pico-sdk/src/rp2_common/pico_runtime/runtime.c.obj
                0x10002bd0                __assert_func
 .text.runtime_init
                0x10002c0c       0xf8 CMakeFiles/adc_board_test.dir/C_/development/pico/pico-sdk/src/rp2_common/pico_runtime/runtime.c.obj
                0x10002c0c                runtime_init
 .text.panic    0x10002d04       0x30 CMakeFiles/adc_board_test.dir/C_/development/pico/pico-sdk/src/rp2_common/pico_runtime/runtime.c.obj
                0x10002d04                panic
 .text._out_buffer
                0x10002d34        0x8 CMakeFiles/adc_board_test.dir/C_/development/pico/pico-sdk/src/rp2_common/pico_printf/printf.c.obj
 .text._out_null
                0x10002d3c        0x2 CMakeFiles/adc_board_test.dir/C_/development/pico/pico-sdk/src/rp2_common/pico_printf/printf.c.obj
 .text._out_fct
                0x10002d3e        0xe CMakeFiles/adc_board_test.dir/C_/development/pico/pico-sdk/src/rp2_common/pico_printf/printf.c.obj
 .text._atoi    0x10002d4c       0x24 CMakeFiles/adc_board_test.dir/C_/development/pico/pico-sdk/src/rp2_common/pico_printf/printf.c.obj
 .text._out_rev
                0x10002d70       0xae CMakeFiles/adc_board_test.dir/C_/development/pico/pico-sdk/src/rp2_common/pico_printf/printf.c.obj
 .text._ntoa_format
                0x10002e1e      0x112 CMakeFiles/adc_board_test.dir/C_/development/pico/pico-sdk/src/rp2_common/pico_printf/printf.c.obj
 .text._ntoa_long
                0x10002f30       0xbc CMakeFiles/adc_board_test.dir/C_/development/pico/pico-sdk/src/rp2_common/pico_printf/printf.c.obj
 .text._ntoa_long_long
                0x10002fec       0xe2 CMakeFiles/adc_board_test.dir/C_/development/pico/pico-sdk/src/rp2_common/pico_printf/printf.c.obj
 *fill*         0x100030ce        0x2 
 .text._etoa    0x100030d0      0x414 CMakeFiles/adc_board_test.dir/C_/development/pico/pico-sdk/src/rp2_common/pico_printf/printf.c.obj
 .text._ftoa    0x100034e4      0x354 CMakeFiles/adc_board_test.dir/C_/development/pico/pico-sdk/src/rp2_common/pico_printf/printf.c.obj
 .text._vsnprintf
                0x10003838      0x650 CMakeFiles/adc_board_test.dir/C_/development/pico/pico-sdk/src/rp2_common/pico_printf/printf.c.obj
 .text.__wrap_sprintf
                0x10003e88       0x2c CMakeFiles/adc_board_test.dir/C_/development/pico/pico-sdk/src/rp2_common/pico_printf/printf.c.obj
                0x10003e88                __wrap_sprintf
 .text.vfctprintf
                0x10003eb4       0x20 CMakeFiles/adc_board_test.dir/C_/development/pico/pico-sdk/src/rp2_common/pico_printf/printf.c.obj
                0x10003eb4                vfctprintf
 .text          0x10003ed4       0x10 CMakeFiles/adc_board_test.dir/C_/development/pico/pico-sdk/src/rp2_common/pico_bit_ops/bit_ops_aeabi.S.obj
 .text.rom_func_lookup
                0x10003ee4       0x10 CMakeFiles/adc_board_test.dir/C_/development/pico/pico-sdk/src/rp2_common/pico_bootrom/bootrom.c.obj
                0x10003ee4                rom_func_lookup
 .text.rom_data_lookup
                0x10003ef4       0x10 CMakeFiles/adc_board_test.dir/C_/development/pico/pico-sdk/src/rp2_common/pico_bootrom/bootrom.c.obj
                0x10003ef4                rom_data_lookup
 .text.rom_funcs_lookup
                0x10003f04       0x36 CMakeFiles/adc_board_test.dir/C_/development/pico/pico-sdk/src/rp2_common/pico_bootrom/bootrom.c.obj
                0x10003f04                rom_funcs_lookup
 *fill*         0x10003f3a        0x2 
 .text.__wrap___aeabi_idiv
                0x10003f3c       0x50 CMakeFiles/adc_board_test.dir/C_/development/pico/pico-sdk/src/rp2_common/pico_divider/divider.S.obj
                0x10003f3c                __wrap___aeabi_idivmod
                0x10003f3c                divmod_s32s32
                0x10003f3c                div_s32s32
                0x10003f3c                __wrap___aeabi_idiv
                0x10003f44                divmod_s32s32_unsafe
                0x10003f70                divmod_s32s32_savestate
 .text.__wrap___aeabi_uidiv
                0x10003f8c       0x4c CMakeFiles/adc_board_test.dir/C_/development/pico/pico-sdk/src/rp2_common/pico_divider/divider.S.obj
                0x10003f8c                __wrap___aeabi_uidiv
                0x10003f8c                __wrap___aeabi_uidivmod
                0x10003f8c                div_u32u32
                0x10003f8c                divmod_u32u32
                0x10003f94                divmod_u32u32_unsafe
                0x10003fbc                divmod_u32u32_savestate
 .text.__wrap___aeabi_ldiv
                0x10003fd8      0x424 CMakeFiles/adc_board_test.dir/C_/development/pico/pico-sdk/src/rp2_common/pico_divider/divider.S.obj
                0x10003fd8                div_s64s64
                0x10003fd8                divmod_s64s64
                0x10003fd8                __wrap___aeabi_ldivmod
                0x10004008                divmod_u64u64
                0x10004008                div_u64u64
                0x10004008                __wrap___aeabi_uldivmod
                0x10004018                divmod_u64u64_savestate
                0x10004038                divmod_s64s64_unsafe
                0x100040c0                divmod_u64u64_unsafe
 .text.__wrap___aeabi_darithmetic
                0x100043fc       0x60 CMakeFiles/adc_board_test.dir/C_/development/pico/pico-sdk/src/rp2_common/pico_double/double_aeabi.S.obj
                0x100043fc                __wrap___aeabi_drsub
                0x10004402                __wrap___aeabi_dsub
                0x1000440c                __wrap___aeabi_dadd
                0x10004416                __wrap___aeabi_ddiv
                0x1000444a                __wrap___aeabi_dmul
 .text.__wrap___aeabi_cdcmple
                0x1000445c       0x6c CMakeFiles/adc_board_test.dir/C_/development/pico/pico-sdk/src/rp2_common/pico_double/double_aeabi.S.obj
                0x1000445c                __wrap___aeabi_cdrcmple
                0x1000446c                __wrap___aeabi_cdcmpeq
                0x1000446c                __wrap___aeabi_cdcmple
 .text.__wrap___aeabi_dcmpeq
                0x100044c8       0x10 CMakeFiles/adc_board_test.dir/C_/development/pico/pico-sdk/src/rp2_common/pico_double/double_aeabi.S.obj
                0x100044c8                __wrap___aeabi_dcmpeq
 .text.__wrap___aeabi_dcmplt
                0x100044d8        0xc CMakeFiles/adc_board_test.dir/C_/development/pico/pico-sdk/src/rp2_common/pico_double/double_aeabi.S.obj
                0x100044d8                __wrap___aeabi_dcmplt
 .text.__wrap___aeabi_dcmple
                0x100044e4       0x10 CMakeFiles/adc_board_test.dir/C_/development/pico/pico-sdk/src/rp2_common/pico_double/double_aeabi.S.obj
                0x100044e4                __wrap___aeabi_dcmple
 .text.__wrap___aeabi_dcmpge
                0x100044f4       0x10 CMakeFiles/adc_board_test.dir/C_/development/pico/pico-sdk/src/rp2_common/pico_double/double_aeabi.S.obj
                0x100044f4                __wrap___aeabi_dcmpge
 .text.__wrap___aeabi_dcmpgt
                0x10004504        0xa CMakeFiles/adc_board_test.dir/C_/development/pico/pico-sdk/src/rp2_common/pico_double/double_aeabi.S.obj
                0x10004504                __wrap___aeabi_dcmpgt
 .text.__wrap___aeabi_dcmpun
                0x1000450e       0x1c CMakeFiles/adc_board_test.dir/C_/development/pico/pico-sdk/src/rp2_common/pico_double/double_aeabi.S.obj
                0x1000450e                __wrap___aeabi_dcmpun
 *fill*         0x1000452a        0x2 
 .text.__wrap___aeabi_i2d
                0x1000452c       0x38 CMakeFiles/adc_board_test.dir/C_/development/pico/pico-sdk/src/rp2_common/pico_double/double_aeabi.S.obj
                0x1000452c                __wrap___aeabi_ui2d
                0x10004534                __wrap___aeabi_i2d
 .text.__wrap___aeabi_d2iz
                0x10004564       0x48 CMakeFiles/adc_board_test.dir/C_/development/pico/pico-sdk/src/rp2_common/pico_double/double_aeabi.S.obj
                0x10004564                double2int_z
                0x10004564                __wrap___aeabi_d2iz
 .text.__wrap___aeabi_d2uiz
                0x100045ac       0x10 CMakeFiles/adc_board_test.dir/C_/development/pico/pico-sdk/src/rp2_common/pico_double/double_aeabi.S.obj
                0x100045ac                __wrap___aeabi_d2uiz
                0x100045ac                double2uint
 .text.__wrap___aeabi_l2d
                0x100045bc       0x10 CMakeFiles/adc_board_test.dir/C_/development/pico/pico-sdk/src/rp2_common/pico_double/double_aeabi.S.obj
                0x100045bc                __wrap___aeabi_l2d
 .text.__wrap___aeabi_d2lz
                0x100045cc       0x26 CMakeFiles/adc_board_test.dir/C_/development/pico/pico-sdk/src/rp2_common/pico_double/double_aeabi.S.obj
                0x100045cc                double2int64_z
                0x100045cc                __wrap___aeabi_d2lz
 *fill*         0x100045f2        0x2 
 .text.double2int64
                0x100045f4       0x10 CMakeFiles/adc_board_test.dir/C_/development/pico/pico-sdk/src/rp2_common/pico_double/double_aeabi.S.obj
                0x100045f4                double2int64
 .text.double2ufix64
                0x10004604       0x10 CMakeFiles/adc_board_test.dir/C_/development/pico/pico-sdk/src/rp2_common/pico_double/double_aeabi.S.obj
                0x10004604                double2ufix64
 .text.__wrap___aeabi_d2f
                0x10004614       0x10 CMakeFiles/adc_board_test.dir/C_/development/pico/pico-sdk/src/rp2_common/pico_double/double_aeabi.S.obj
                0x10004614                __wrap___aeabi_d2f
 .text.missing_double_func_shim
                0x10004624        0xc CMakeFiles/adc_board_test.dir/C_/development/pico/pico-sdk/src/rp2_common/pico_double/double_init_rom.c.obj
 .text.__aeabi_double_init
                0x10004630       0xcc CMakeFiles/adc_board_test.dir/C_/development/pico/pico-sdk/src/rp2_common/pico_double/double_init_rom.c.obj
                0x10004630                __aeabi_double_init
 .text.double_table_shim_on_use_helper
                0x100046fc       0x34 CMakeFiles/adc_board_test.dir/C_/development/pico/pico-sdk/src/rp2_common/pico_double/double_v1_rom_shim.S.obj
                0x100046fc                double_table_shim_on_use_helper
 .text.__aeabi_lmul
                0x10004730       0x32 CMakeFiles/adc_board_test.dir/C_/development/pico/pico-sdk/src/rp2_common/pico_int64_ops/pico_int64_ops_aeabi.S.obj
                0x10004730                __wrap___aeabi_lmul
 *fill*         0x10004762        0x2 
 .text.__wrap___aeabi_cfcmple
                0x10004764       0x50 CMakeFiles/adc_board_test.dir/C_/development/pico/pico-sdk/src/rp2_common/pico_float/float_aeabi.S.obj
                0x10004764                __wrap___aeabi_cfrcmple
                0x10004770                __wrap___aeabi_cfcmple
                0x10004770                __wrap___aeabi_cfcmpeq
 .text.__wrap___aeabi_fcmpeq
                0x100047b4       0x10 CMakeFiles/adc_board_test.dir/C_/development/pico/pico-sdk/src/rp2_common/pico_float/float_aeabi.S.obj
                0x100047b4                __wrap___aeabi_fcmpeq
 .text.__wrap___aeabi_f2d
                0x100047c4        0xc CMakeFiles/adc_board_test.dir/C_/development/pico/pico-sdk/src/rp2_common/pico_float/float_aeabi.S.obj
                0x100047c4                __wrap___aeabi_f2d
 .text.missing_float_func_shim
                0x100047d0        0xc CMakeFiles/adc_board_test.dir/C_/development/pico/pico-sdk/src/rp2_common/pico_float/float_init_rom.c.obj
 .text.__aeabi_float_init
                0x100047dc       0x88 CMakeFiles/adc_board_test.dir/C_/development/pico/pico-sdk/src/rp2_common/pico_float/float_init_rom.c.obj
                0x100047dc                __aeabi_float_init
 .text.__wrap_malloc
                0x10004864       0x24 CMakeFiles/adc_board_test.dir/C_/development/pico/pico-sdk/src/rp2_common/pico_malloc/pico_malloc.c.obj
                0x10004864                __wrap_malloc
 .text.__wrap_realloc
                0x10004888       0x24 CMakeFiles/adc_board_test.dir/C_/development/pico/pico-sdk/src/rp2_common/pico_malloc/pico_malloc.c.obj
                0x10004888                __wrap_realloc
 .text.__wrap_free
                0x100048ac        0x8 CMakeFiles/adc_board_test.dir/C_/development/pico/pico-sdk/src/rp2_common/pico_malloc/pico_malloc.c.obj
                0x100048ac                __wrap_free
 .text          0x100048b4       0x10 CMakeFiles/adc_board_test.dir/C_/development/pico/pico-sdk/src/rp2_common/pico_mem_ops/mem_ops_aeabi.S.obj
                0x100048b4                __aeabi_mem_init
 .text.memset   0x100048c4        0xc CMakeFiles/adc_board_test.dir/C_/development/pico/pico-sdk/src/rp2_common/pico_mem_ops/mem_ops_aeabi.S.obj
                0x100048c4                __wrap_memset
 .text.memcpy   0x100048d0        0xc CMakeFiles/adc_board_test.dir/C_/development/pico/pico-sdk/src/rp2_common/pico_mem_ops/mem_ops_aeabi.S.obj
                0x100048d0                __wrap_memcpy
                0x100048d0                __wrap___aeabi_memcpy
 .text.stdio_out_chars_no_crlf
                0x100048dc        0xe CMakeFiles/adc_board_test.dir/C_/development/pico/pico-sdk/src/rp2_common/pico_stdio/stdio.c.obj
 *fill*         0x100048ea        0x2 
 .text.stdio_out_chars_crlf
                0x100048ec       0x80 CMakeFiles/adc_board_test.dir/C_/development/pico/pico-sdk/src/rp2_common/pico_stdio/stdio.c.obj
 .text.stdio_stack_buffer_flush
                0x1000496c       0x44 CMakeFiles/adc_board_test.dir/C_/development/pico/pico-sdk/src/rp2_common/pico_stdio/stdio.c.obj
 .text.stdio_buffered_printer
                0x100049b0       0x20 CMakeFiles/adc_board_test.dir/C_/development/pico/pico-sdk/src/rp2_common/pico_stdio/stdio.c.obj
 .text.stdio_get_until
                0x100049d0       0x80 CMakeFiles/adc_board_test.dir/C_/development/pico/pico-sdk/src/rp2_common/pico_stdio/stdio.c.obj
 .text.stdout_serialize_begin
                0x10004a50       0x5c CMakeFiles/adc_board_test.dir/C_/development/pico/pico-sdk/src/rp2_common/pico_stdio/stdio.c.obj
                0x10004a50                stdout_serialize_begin
 .text.stdout_serialize_end
                0x10004aac       0x10 CMakeFiles/adc_board_test.dir/C_/development/pico/pico-sdk/src/rp2_common/pico_stdio/stdio.c.obj
                0x10004aac                stdout_serialize_end
 .text.stdio_put_string
                0x10004abc       0x98 CMakeFiles/adc_board_test.dir/C_/development/pico/pico-sdk/src/rp2_common/pico_stdio/stdio.c.obj
 .text.__wrap_putchar
                0x10004b54       0x1c CMakeFiles/adc_board_test.dir/C_/development/pico/pico-sdk/src/rp2_common/pico_stdio/stdio.c.obj
                0x10004b54                __wrap_putchar
 .text.stdio_set_driver_enabled
                0x10004b70       0x2c CMakeFiles/adc_board_test.dir/C_/development/pico/pico-sdk/src/rp2_common/pico_stdio/stdio.c.obj
                0x10004b70                stdio_set_driver_enabled
 .text.stdio_flush
                0x10004b9c       0x20 CMakeFiles/adc_board_test.dir/C_/development/pico/pico-sdk/src/rp2_common/pico_stdio/stdio.c.obj
                0x10004b9c                stdio_flush
 .text.__wrap_puts
                0x10004bbc       0x1e CMakeFiles/adc_board_test.dir/C_/development/pico/pico-sdk/src/rp2_common/pico_stdio/stdio.c.obj
                0x10004bbc                __wrap_puts
 *fill*         0x10004bda        0x2 
 .text.__wrap_vprintf
                0x10004bdc       0x40 CMakeFiles/adc_board_test.dir/C_/development/pico/pico-sdk/src/rp2_common/pico_stdio/stdio.c.obj
                0x10004bdc                __wrap_vprintf
 .text.__wrap_printf
                0x10004c1c       0x18 CMakeFiles/adc_board_test.dir/C_/development/pico/pico-sdk/src/rp2_common/pico_stdio/stdio.c.obj
                0x10004c1c                __wrap_printf
 .text.stdio_init_all
                0x10004c34        0x8 CMakeFiles/adc_board_test.dir/C_/development/pico/pico-sdk/src/rp2_common/pico_stdio/stdio.c.obj
                0x10004c34                stdio_init_all
 .text.getchar_timeout_us
                0x10004c3c       0x80 CMakeFiles/adc_board_test.dir/C_/development/pico/pico-sdk/src/rp2_common/pico_stdio/stdio.c.obj
                0x10004c3c                getchar_timeout_us
 .text.resetd_init
                0x10004cbc        0x2 CMakeFiles/adc_board_test.dir/C_/development/pico/pico-sdk/src/rp2_common/pico_stdio_usb/reset_interface.c.obj
 *fill*         0x10004cbe        0x2 
 .text.resetd_reset
                0x10004cc0        0xc CMakeFiles/adc_board_test.dir/C_/development/pico/pico-sdk/src/rp2_common/pico_stdio_usb/reset_interface.c.obj
 .text.resetd_open
                0x10004ccc       0x34 CMakeFiles/adc_board_test.dir/C_/development/pico/pico-sdk/src/rp2_common/pico_stdio_usb/reset_interface.c.obj
 .text.resetd_xfer_cb
                0x10004d00        0x4 CMakeFiles/adc_board_test.dir/C_/development/pico/pico-sdk/src/rp2_common/pico_stdio_usb/reset_interface.c.obj
 .text.reset_usb_boot
                0x10004d04       0x18 CMakeFiles/adc_board_test.dir/C_/development/pico/pico-sdk/src/rp2_common/pico_stdio_usb/reset_interface.c.obj
 .text.resetd_control_xfer_cb
                0x10004d1c       0x5c CMakeFiles/adc_board_test.dir/C_/development/pico/pico-sdk/src/rp2_common/pico_stdio_usb/reset_interface.c.obj
 .text.usbd_app_driver_get_cb
                0x10004d78        0xc CMakeFiles/adc_board_test.dir/C_/development/pico/pico-sdk/src/rp2_common/pico_stdio_usb/reset_interface.c.obj
                0x10004d78                usbd_app_driver_get_cb
 .text.tud_cdc_line_coding_cb
                0x10004d84       0x28 CMakeFiles/adc_board_test.dir/C_/development/pico/pico-sdk/src/rp2_common/pico_stdio_usb/reset_interface.c.obj
                0x10004d84                tud_cdc_line_coding_cb
 .text.stdio_usb_set_chars_available_callback
                0x10004dac       0x14 CMakeFiles/adc_board_test.dir/C_/development/pico/pico-sdk/src/rp2_common/pico_stdio_usb/stdio_usb.c.obj
                0x10004dac                stdio_usb_set_chars_available_callback
 .text.usb_irq  0x10004dc0       0x10 CMakeFiles/adc_board_test.dir/C_/development/pico/pico-sdk/src/rp2_common/pico_stdio_usb/stdio_usb.c.obj
 .text.timer_task
                0x10004dd0       0x58 CMakeFiles/adc_board_test.dir/C_/development/pico/pico-sdk/src/rp2_common/pico_stdio_usb/stdio_usb.c.obj
 .text.low_priority_worker_irq
                0x10004e28       0xd8 CMakeFiles/adc_board_test.dir/C_/development/pico/pico-sdk/src/rp2_common/pico_stdio_usb/stdio_usb.c.obj
 .text.tud_cdc_rx_cb
                0x10004f00       0x20 CMakeFiles/adc_board_test.dir/C_/development/pico/pico-sdk/src/rp2_common/pico_stdio_usb/stdio_usb.c.obj
                0x10004f00                tud_cdc_rx_cb
 .text.stdio_usb_init
                0x10004f20      0x12c CMakeFiles/adc_board_test.dir/C_/development/pico/pico-sdk/src/rp2_common/pico_stdio_usb/stdio_usb.c.obj
                0x10004f20                stdio_usb_init
 .text.stdio_usb_connected
                0x1000504c        0xa CMakeFiles/adc_board_test.dir/C_/development/pico/pico-sdk/src/rp2_common/pico_stdio_usb/stdio_usb.c.obj
                0x1000504c                stdio_usb_connected
 *fill*         0x10005056        0x2 
 .text.stdio_usb_in_chars
                0x10005058       0xc4 CMakeFiles/adc_board_test.dir/C_/development/pico/pico-sdk/src/rp2_common/pico_stdio_usb/stdio_usb.c.obj
                0x10005058                stdio_usb_in_chars
 .text.stdio_usb_out_chars
                0x1000511c      0x114 CMakeFiles/adc_board_test.dir/C_/development/pico/pico-sdk/src/rp2_common/pico_stdio_usb/stdio_usb.c.obj
 .text.tud_descriptor_device_cb
                0x10005230        0x8 CMakeFiles/adc_board_test.dir/C_/development/pico/pico-sdk/src/rp2_common/pico_stdio_usb/stdio_usb_descriptors.c.obj
                0x10005230                tud_descriptor_device_cb
 .text.tud_descriptor_configuration_cb
                0x10005238        0x8 CMakeFiles/adc_board_test.dir/C_/development/pico/pico-sdk/src/rp2_common/pico_stdio_usb/stdio_usb_descriptors.c.obj
                0x10005238                tud_descriptor_configuration_cb
 .text.tud_descriptor_string_cb
                0x10005240       0x6c CMakeFiles/adc_board_test.dir/C_/development/pico/pico-sdk/src/rp2_common/pico_stdio_usb/stdio_usb_descriptors.c.obj
                0x10005240                tud_descriptor_string_cb
 .text._retrieve_unique_id_on_boot
                0x100052ac       0x10 CMakeFiles/adc_board_test.dir/C_/development/pico/pico-sdk/src/rp2_common/pico_unique_id/unique_id.c.obj
 .text.pico_get_unique_board_id_string
                0x100052bc       0x5c CMakeFiles/adc_board_test.dir/C_/development/pico/pico-sdk/src/rp2_common/pico_unique_id/unique_id.c.obj
                0x100052bc                pico_get_unique_board_id_string
 .text.flash_get_unique_id
                0x10005318       0x46 CMakeFiles/adc_board_test.dir/C_/development/pico/pico-sdk/src/rp2_common/hardware_flash/flash.c.obj
                0x10005318                flash_get_unique_id
 *fill*         0x1000535e        0x2 
 .text.hw_endpoint_get_by_addr
                0x10005360       0x18 CMakeFiles/adc_board_test.dir/C_/development/pico/pico-sdk/lib/tinyusb/src/portable/raspberrypi/rp2040/dcd_rp2040.c.obj
 .text._hw_endpoint_alloc
                0x10005378       0x70 CMakeFiles/adc_board_test.dir/C_/development/pico/pico-sdk/lib/tinyusb/src/portable/raspberrypi/rp2040/dcd_rp2040.c.obj
 .text.hw_endpoint_init
                0x100053e8       0x88 CMakeFiles/adc_board_test.dir/C_/development/pico/pico-sdk/lib/tinyusb/src/portable/raspberrypi/rp2040/dcd_rp2040.c.obj
 .text.hw_endpoint_xfer
                0x10005470       0x14 CMakeFiles/adc_board_test.dir/C_/development/pico/pico-sdk/lib/tinyusb/src/portable/raspberrypi/rp2040/dcd_rp2040.c.obj
 .text.dcd_int_enable
                0x10005484       0x2c CMakeFiles/adc_board_test.dir/C_/development/pico/pico-sdk/lib/tinyusb/src/portable/raspberrypi/rp2040/dcd_rp2040.c.obj
                0x10005484                dcd_int_enable
 .text.dcd_set_address
                0x100054b0       0x2c CMakeFiles/adc_board_test.dir/C_/development/pico/pico-sdk/lib/tinyusb/src/portable/raspberrypi/rp2040/dcd_rp2040.c.obj
                0x100054b0                dcd_set_address
 .text.dcd_connect
                0x100054dc       0x10 CMakeFiles/adc_board_test.dir/C_/development/pico/pico-sdk/lib/tinyusb/src/portable/raspberrypi/rp2040/dcd_rp2040.c.obj
                0x100054dc                dcd_connect
 .text.dcd_init
                0x100054ec       0x80 CMakeFiles/adc_board_test.dir/C_/development/pico/pico-sdk/lib/tinyusb/src/portable/raspberrypi/rp2040/dcd_rp2040.c.obj
                0x100054ec                dcd_init
 .text.dcd_edpt0_status_complete
                0x1000556c       0x1c CMakeFiles/adc_board_test.dir/C_/development/pico/pico-sdk/lib/tinyusb/src/portable/raspberrypi/rp2040/dcd_rp2040.c.obj
                0x1000556c                dcd_edpt0_status_complete
 .text.dcd_edpt_open
                0x10005588       0x40 CMakeFiles/adc_board_test.dir/C_/development/pico/pico-sdk/lib/tinyusb/src/portable/raspberrypi/rp2040/dcd_rp2040.c.obj
                0x10005588                dcd_edpt_open
 .text.dcd_edpt_close_all
                0x100055c8        0x8 CMakeFiles/adc_board_test.dir/C_/development/pico/pico-sdk/lib/tinyusb/src/portable/raspberrypi/rp2040/dcd_rp2040.c.obj
                0x100055c8                dcd_edpt_close_all
 .text.dcd_edpt_xfer
                0x100055d0       0x34 CMakeFiles/adc_board_test.dir/C_/development/pico/pico-sdk/lib/tinyusb/src/portable/raspberrypi/rp2040/dcd_rp2040.c.obj
                0x100055d0                dcd_edpt_xfer
 .text.dcd_edpt_stall
                0x10005604       0x2c CMakeFiles/adc_board_test.dir/C_/development/pico/pico-sdk/lib/tinyusb/src/portable/raspberrypi/rp2040/dcd_rp2040.c.obj
                0x10005604                dcd_edpt_stall
 .text.dcd_edpt_clear_stall
                0x10005630       0x20 CMakeFiles/adc_board_test.dir/C_/development/pico/pico-sdk/lib/tinyusb/src/portable/raspberrypi/rp2040/dcd_rp2040.c.obj
                0x10005630                dcd_edpt_clear_stall
 .text.rp2040_usb_init
                0x10005650       0x4c CMakeFiles/adc_board_test.dir/C_/development/pico/pico-sdk/lib/tinyusb/src/portable/raspberrypi/rp2040/rp2040_usb.c.obj
                0x10005650                rp2040_usb_init
 .text.hw_endpoint_xfer_start
                0x1000569c       0x50 CMakeFiles/adc_board_test.dir/C_/development/pico/pico-sdk/lib/tinyusb/src/portable/raspberrypi/rp2040/rp2040_usb.c.obj
                0x1000569c                hw_endpoint_xfer_start
 .text.configuration_reset
                0x100056ec       0x84 CMakeFiles/adc_board_test.dir/C_/development/pico/pico-sdk/lib/tinyusb/src/device/usbd.c.obj
 .text.usbd_reset
                0x10005770        0xc CMakeFiles/adc_board_test.dir/C_/development/pico/pico-sdk/lib/tinyusb/src/device/usbd.c.obj
 .text.invoke_class_control
                0x1000577c       0x1a CMakeFiles/adc_board_test.dir/C_/development/pico/pico-sdk/lib/tinyusb/src/device/usbd.c.obj
 *fill*         0x10005796        0x2 
 .text.process_set_config
                0x10005798      0x178 CMakeFiles/adc_board_test.dir/C_/development/pico/pico-sdk/lib/tinyusb/src/device/usbd.c.obj
 .text.process_get_descriptor
                0x10005910       0xdc CMakeFiles/adc_board_test.dir/C_/development/pico/pico-sdk/lib/tinyusb/src/device/usbd.c.obj
 .text.tud_mounted
                0x100059ec       0x10 CMakeFiles/adc_board_test.dir/C_/development/pico/pico-sdk/lib/tinyusb/src/device/usbd.c.obj
                0x100059ec                tud_mounted
 .text.tud_suspended
                0x100059fc       0x10 CMakeFiles/adc_board_test.dir/C_/development/pico/pico-sdk/lib/tinyusb/src/device/usbd.c.obj
                0x100059fc                tud_suspended
 .text.tud_inited
                0x10005a0c       0x14 CMakeFiles/adc_board_test.dir/C_/development/pico/pico-sdk/lib/tinyusb/src/device/usbd.c.obj
                0x10005a0c                tud_inited
 .text.tud_init
                0x10005a20       0xcc CMakeFiles/adc_board_test.dir/C_/development/pico/pico-sdk/lib/tinyusb/src/device/usbd.c.obj
                0x10005a20                tud_init
 .text.usbd_defer_func
                0x10005aec       0x2a CMakeFiles/adc_board_test.dir/C_/development/pico/pico-sdk/lib/tinyusb/src/device/usbd.c.obj
                0x10005aec                usbd_defer_func
 *fill*         0x10005b16        0x2 
 .text.usbd_edpt_open
                0x10005b18       0x34 CMakeFiles/adc_board_test.dir/C_/development/pico/pico-sdk/lib/tinyusb/src/device/usbd.c.obj
                0x10005b18                usbd_edpt_open
 .text.usbd_open_edpt_pair
                0x10005b4c       0x62 CMakeFiles/adc_board_test.dir/C_/development/pico/pico-sdk/lib/tinyusb/src/device/usbd.c.obj
                0x10005b4c                usbd_open_edpt_pair
 *fill*         0x10005bae        0x2 
 .text.usbd_edpt_claim
                0x10005bb0       0x28 CMakeFiles/adc_board_test.dir/C_/development/pico/pico-sdk/lib/tinyusb/src/device/usbd.c.obj
                0x10005bb0                usbd_edpt_claim
 .text.usbd_edpt_release
                0x10005bd8       0x28 CMakeFiles/adc_board_test.dir/C_/development/pico/pico-sdk/lib/tinyusb/src/device/usbd.c.obj
                0x10005bd8                usbd_edpt_release
 .text.usbd_edpt_xfer
                0x10005c00       0x7c CMakeFiles/adc_board_test.dir/C_/development/pico/pico-sdk/lib/tinyusb/src/device/usbd.c.obj
                0x10005c00                usbd_edpt_xfer
 .text.usbd_edpt_stall
                0x10005c7c       0x48 CMakeFiles/adc_board_test.dir/C_/development/pico/pico-sdk/lib/tinyusb/src/device/usbd.c.obj
                0x10005c7c                usbd_edpt_stall
 .text.usbd_edpt_clear_stall
                0x10005cc4       0x48 CMakeFiles/adc_board_test.dir/C_/development/pico/pico-sdk/lib/tinyusb/src/device/usbd.c.obj
                0x10005cc4                usbd_edpt_clear_stall
 .text.usbd_edpt_stalled
                0x10005d0c       0x1c CMakeFiles/adc_board_test.dir/C_/development/pico/pico-sdk/lib/tinyusb/src/device/usbd.c.obj
                0x10005d0c                usbd_edpt_stalled
 .text.process_control_request
                0x10005d28      0x37c CMakeFiles/adc_board_test.dir/C_/development/pico/pico-sdk/lib/tinyusb/src/device/usbd.c.obj
 .text.tud_task_ext
                0x100060a4      0x1b4 CMakeFiles/adc_board_test.dir/C_/development/pico/pico-sdk/lib/tinyusb/src/device/usbd.c.obj
                0x100060a4                tud_task_ext
 .text._data_stage_xact
                0x10006258       0x58 CMakeFiles/adc_board_test.dir/C_/development/pico/pico-sdk/lib/tinyusb/src/device/usbd_control.c.obj
 .text.tud_control_status
                0x100062b0       0x38 CMakeFiles/adc_board_test.dir/C_/development/pico/pico-sdk/lib/tinyusb/src/device/usbd_control.c.obj
                0x100062b0                tud_control_status
 .text.tud_control_xfer
                0x100062e8       0x78 CMakeFiles/adc_board_test.dir/C_/development/pico/pico-sdk/lib/tinyusb/src/device/usbd_control.c.obj
                0x100062e8                tud_control_xfer
 .text.usbd_control_reset
                0x10006360       0x14 CMakeFiles/adc_board_test.dir/C_/development/pico/pico-sdk/lib/tinyusb/src/device/usbd_control.c.obj
                0x10006360                usbd_control_reset
 .text.usbd_control_set_complete_callback
                0x10006374        0xc CMakeFiles/adc_board_test.dir/C_/development/pico/pico-sdk/lib/tinyusb/src/device/usbd_control.c.obj
                0x10006374                usbd_control_set_complete_callback
 .text.usbd_control_set_request
                0x10006380       0x1c CMakeFiles/adc_board_test.dir/C_/development/pico/pico-sdk/lib/tinyusb/src/device/usbd_control.c.obj
                0x10006380                usbd_control_set_request
 .text.usbd_control_xfer_cb
                0x1000639c       0xcc CMakeFiles/adc_board_test.dir/C_/development/pico/pico-sdk/lib/tinyusb/src/device/usbd_control.c.obj
                0x1000639c                usbd_control_xfer_cb
 .text._prep_out_transaction
                0x10006468       0x4a CMakeFiles/adc_board_test.dir/C_/development/pico/pico-sdk/lib/tinyusb/src/class/cdc/cdc_device.c.obj
 *fill*         0x100064b2        0x2 
 .text.tud_cdc_n_connected
                0x100064b4       0x44 CMakeFiles/adc_board_test.dir/C_/development/pico/pico-sdk/lib/tinyusb/src/class/cdc/cdc_device.c.obj
                0x100064b4                tud_cdc_n_connected
 .text.tud_cdc_n_available
                0x100064f8       0x18 CMakeFiles/adc_board_test.dir/C_/development/pico/pico-sdk/lib/tinyusb/src/class/cdc/cdc_device.c.obj
                0x100064f8                tud_cdc_n_available
 .text.tud_cdc_n_read
                0x10006510       0x28 CMakeFiles/adc_board_test.dir/C_/development/pico/pico-sdk/lib/tinyusb/src/class/cdc/cdc_device.c.obj
                0x10006510                tud_cdc_n_read
 .text.tud_cdc_n_write_flush
                0x10006538       0xb8 CMakeFiles/adc_board_test.dir/C_/development/pico/pico-sdk/lib/tinyusb/src/class/cdc/cdc_device.c.obj
                0x10006538                tud_cdc_n_write_flush
 .text.tud_cdc_n_write
                0x100065f0       0x38 CMakeFiles/adc_board_test.dir/C_/development/pico/pico-sdk/lib/tinyusb/src/class/cdc/cdc_device.c.obj
                0x100065f0                tud_cdc_n_write
 .text.tud_cdc_n_write_available
                0x10006628       0x1c CMakeFiles/adc_board_test.dir/C_/development/pico/pico-sdk/lib/tinyusb/src/class/cdc/cdc_device.c.obj
                0x10006628                tud_cdc_n_write_available
 .text.cdcd_init
                0x10006644       0xbc CMakeFiles/adc_board_test.dir/C_/development/pico/pico-sdk/lib/tinyusb/src/class/cdc/cdc_device.c.obj
                0x10006644                cdcd_init
 .text.cdcd_reset
                0x10006700       0x44 CMakeFiles/adc_board_test.dir/C_/development/pico/pico-sdk/lib/tinyusb/src/class/cdc/cdc_device.c.obj
                0x10006700                cdcd_reset
 .text.cdcd_open
                0x10006744       0xcc CMakeFiles/adc_board_test.dir/C_/development/pico/pico-sdk/lib/tinyusb/src/class/cdc/cdc_device.c.obj
                0x10006744                cdcd_open
 .text.cdcd_control_xfer_cb
                0x10006810      0x134 CMakeFiles/adc_board_test.dir/C_/development/pico/pico-sdk/lib/tinyusb/src/class/cdc/cdc_device.c.obj
                0x10006810                cdcd_control_xfer_cb
 .text.cdcd_xfer_cb
                0x10006944      0x130 CMakeFiles/adc_board_test.dir/C_/development/pico/pico-sdk/lib/tinyusb/src/class/cdc/cdc_device.c.obj
                0x10006944                cdcd_xfer_cb
 .text.tusb_init
                0x10006a74        0xa CMakeFiles/adc_board_test.dir/C_/development/pico/pico-sdk/lib/tinyusb/src/tusb.c.obj
                0x10006a74                tusb_init
 .text.tusb_inited
                0x10006a7e        0xe CMakeFiles/adc_board_test.dir/C_/development/pico/pico-sdk/lib/tinyusb/src/tusb.c.obj
                0x10006a7e                tusb_inited
 .text.tu_edpt_claim
                0x10006a8c       0x50 CMakeFiles/adc_board_test.dir/C_/development/pico/pico-sdk/lib/tinyusb/src/tusb.c.obj
                0x10006a8c                tu_edpt_claim
 .text.tu_edpt_release
                0x10006adc       0x3c CMakeFiles/adc_board_test.dir/C_/development/pico/pico-sdk/lib/tinyusb/src/tusb.c.obj
                0x10006adc                tu_edpt_release
 .text.tu_edpt_validate
                0x10006b18       0x78 CMakeFiles/adc_board_test.dir/C_/development/pico/pico-sdk/lib/tinyusb/src/tusb.c.obj
                0x10006b18                tu_edpt_validate
 .text.tu_edpt_bind_driver
                0x10006b90       0x26 CMakeFiles/adc_board_test.dir/C_/development/pico/pico-sdk/lib/tinyusb/src/tusb.c.obj
                0x10006b90                tu_edpt_bind_driver
 .text.advance_index
                0x10006bb6       0x1a CMakeFiles/adc_board_test.dir/C_/development/pico/pico-sdk/lib/tinyusb/src/common/tusb_fifo.c.obj
 .text._tu_fifo_peek
                0x10006bd0       0x56 CMakeFiles/adc_board_test.dir/C_/development/pico/pico-sdk/lib/tinyusb/src/common/tusb_fifo.c.obj
 .text._ff_pull_const_addr
                0x10006c26       0x4c CMakeFiles/adc_board_test.dir/C_/development/pico/pico-sdk/lib/tinyusb/src/common/tusb_fifo.c.obj
 .text._ff_pull_n
                0x10006c72      0x110 CMakeFiles/adc_board_test.dir/C_/development/pico/pico-sdk/lib/tinyusb/src/common/tusb_fifo.c.obj
 .text._tu_fifo_peek_n
                0x10006d82       0x6a CMakeFiles/adc_board_test.dir/C_/development/pico/pico-sdk/lib/tinyusb/src/common/tusb_fifo.c.obj
 .text._tu_fifo_read_n
                0x10006dec       0x4e CMakeFiles/adc_board_test.dir/C_/development/pico/pico-sdk/lib/tinyusb/src/common/tusb_fifo.c.obj
 .text._ff_push_const_addr
                0x10006e3a       0x40 CMakeFiles/adc_board_test.dir/C_/development/pico/pico-sdk/lib/tinyusb/src/common/tusb_fifo.c.obj
 .text._ff_push_n
                0x10006e7a      0x10c CMakeFiles/adc_board_test.dir/C_/development/pico/pico-sdk/lib/tinyusb/src/common/tusb_fifo.c.obj
 .text._tu_fifo_write_n
                0x10006f86       0xf0 CMakeFiles/adc_board_test.dir/C_/development/pico/pico-sdk/lib/tinyusb/src/common/tusb_fifo.c.obj
 .text.tu_fifo_config
                0x10007076       0x7c CMakeFiles/adc_board_test.dir/C_/development/pico/pico-sdk/lib/tinyusb/src/common/tusb_fifo.c.obj
                0x10007076                tu_fifo_config
 .text.tu_fifo_count
                0x100070f2       0x2a CMakeFiles/adc_board_test.dir/C_/development/pico/pico-sdk/lib/tinyusb/src/common/tusb_fifo.c.obj
                0x100070f2                tu_fifo_count
 .text.tu_fifo_empty
                0x1000711c        0xe CMakeFiles/adc_board_test.dir/C_/development/pico/pico-sdk/lib/tinyusb/src/common/tusb_fifo.c.obj
                0x1000711c                tu_fifo_empty
 .text.tu_fifo_full
                0x1000712a       0x28 CMakeFiles/adc_board_test.dir/C_/development/pico/pico-sdk/lib/tinyusb/src/common/tusb_fifo.c.obj
                0x1000712a                tu_fifo_full
 .text.tu_fifo_remaining
                0x10007152       0x2c CMakeFiles/adc_board_test.dir/C_/development/pico/pico-sdk/lib/tinyusb/src/common/tusb_fifo.c.obj
                0x10007152                tu_fifo_remaining
 .text.tu_fifo_read
                0x1000717e       0x42 CMakeFiles/adc_board_test.dir/C_/development/pico/pico-sdk/lib/tinyusb/src/common/tusb_fifo.c.obj
                0x1000717e                tu_fifo_read
 .text.tu_fifo_read_n
                0x100071c0        0xa CMakeFiles/adc_board_test.dir/C_/development/pico/pico-sdk/lib/tinyusb/src/common/tusb_fifo.c.obj
                0x100071c0                tu_fifo_read_n
 .text.tu_fifo_write
                0x100071ca       0x64 CMakeFiles/adc_board_test.dir/C_/development/pico/pico-sdk/lib/tinyusb/src/common/tusb_fifo.c.obj
                0x100071ca                tu_fifo_write
 .text.tu_fifo_write_n
                0x1000722e        0xa CMakeFiles/adc_board_test.dir/C_/development/pico/pico-sdk/lib/tinyusb/src/common/tusb_fifo.c.obj
                0x1000722e                tu_fifo_write_n
 .text.tu_fifo_clear
                0x10007238       0x3e CMakeFiles/adc_board_test.dir/C_/development/pico/pico-sdk/lib/tinyusb/src/common/tusb_fifo.c.obj
                0x10007238                tu_fifo_clear
 .text.tu_fifo_set_overwritable
                0x10007276       0x46 CMakeFiles/adc_board_test.dir/C_/development/pico/pico-sdk/lib/tinyusb/src/common/tusb_fifo.c.obj
                0x10007276                tu_fifo_set_overwritable
 .text.i2c_write_blocking_internal
                0x100072bc      0x140 CMakeFiles/adc_board_test.dir/C_/development/pico/pico-sdk/src/rp2_common/hardware_i2c/i2c.c.obj
 .text.i2c_read_blocking_internal
                0x100073fc       0xea CMakeFiles/adc_board_test.dir/C_/development/pico/pico-sdk/src/rp2_common/hardware_i2c/i2c.c.obj
 *fill*         0x100074e6        0x2 
 .text.i2c_set_baudrate
                0x100074e8       0xf0 CMakeFiles/adc_board_test.dir/C_/development/pico/pico-sdk/src/rp2_common/hardware_i2c/i2c.c.obj
                0x100074e8                i2c_set_baudrate
 .text.i2c_init
                0x100075d8       0x58 CMakeFiles/adc_board_test.dir/C_/development/pico/pico-sdk/src/rp2_common/hardware_i2c/i2c.c.obj
                0x100075d8                i2c_init
 .text.i2c_write_blocking
                0x10007630       0x18 CMakeFiles/adc_board_test.dir/C_/development/pico/pico-sdk/src/rp2_common/hardware_i2c/i2c.c.obj
                0x10007630                i2c_write_blocking
 .text.i2c_read_blocking
                0x10007648       0x18 CMakeFiles/adc_board_test.dir/C_/development/pico/pico-sdk/src/rp2_common/hardware_i2c/i2c.c.obj
                0x10007648                i2c_read_blocking
 .text._calloc_r
                0x10007660       0x9c c:/progra~2/armgnu~1/112202~1.02/bin/../lib/gcc/arm-none-eabi/11.2.1/thumb/v6-m/nofp\libg.a(lib_a-callocr.o)
                0x10007660                _calloc_r
 .text.__errno  0x100076fc        0xc c:/progra~2/armgnu~1/112202~1.02/bin/../lib/gcc/arm-none-eabi/11.2.1/thumb/v6-m/nofp\libg.a(lib_a-errno.o)
                0x100076fc                __errno
 .text.malloc   0x10007708       0x14 c:/progra~2/armgnu~1/112202~1.02/bin/../lib/gcc/arm-none-eabi/11.2.1/thumb/v6-m/nofp\libg.a(lib_a-malloc.o)
                0x10007708                malloc
 .text.free     0x1000771c       0x14 c:/progra~2/armgnu~1/112202~1.02/bin/../lib/gcc/arm-none-eabi/11.2.1/thumb/v6-m/nofp\libg.a(lib_a-malloc.o)
                0x1000771c                free
 .text._malloc_r
                0x10007730      0x57c c:/progra~2/armgnu~1/112202~1.02/bin/../lib/gcc/arm-none-eabi/11.2.1/thumb/v6-m/nofp\libg.a(lib_a-mallocr.o)
                0x10007730                _malloc_r
 .text.__malloc_lock
                0x10007cac        0x4 c:/progra~2/armgnu~1/112202~1.02/bin/../lib/gcc/arm-none-eabi/11.2.1/thumb/v6-m/nofp\libg.a(lib_a-mlock.o)
                0x10007cac                __malloc_lock
 .text.__malloc_unlock
                0x10007cb0        0x4 c:/progra~2/armgnu~1/112202~1.02/bin/../lib/gcc/arm-none-eabi/11.2.1/thumb/v6-m/nofp\libg.a(lib_a-mlock.o)
                0x10007cb0                __malloc_unlock
 .text.realloc  0x10007cb4       0x18 c:/progra~2/armgnu~1/112202~1.02/bin/../lib/gcc/arm-none-eabi/11.2.1/thumb/v6-m/nofp\libg.a(lib_a-realloc.o)
                0x10007cb4                realloc
 .text._realloc_r
                0x10007ccc      0x368 c:/progra~2/armgnu~1/112202~1.02/bin/../lib/gcc/arm-none-eabi/11.2.1/thumb/v6-m/nofp\libg.a(lib_a-reallocr.o)
                0x10007ccc                _realloc_r
 .text._sbrk_r  0x10008034       0x24 c:/progra~2/armgnu~1/112202~1.02/bin/../lib/gcc/arm-none-eabi/11.2.1/thumb/v6-m/nofp\libg.a(lib_a-sbrkr.o)
                0x10008034                _sbrk_r
 .text.sscanf   0x10008058       0x50 c:/progra~2/armgnu~1/112202~1.02/bin/../lib/gcc/arm-none-eabi/11.2.1/thumb/v6-m/nofp\libg.a(lib_a-sscanf.o)
                0x10008058                sscanf
 .text.__seofread
                0x100080a8        0x4 c:/progra~2/armgnu~1/112202~1.02/bin/../lib/gcc/arm-none-eabi/11.2.1/thumb/v6-m/nofp\libg.a(lib_a-stdio.o)
                0x100080a8                __seofread
 .text.strlen   0x100080ac       0x5c c:/progra~2/armgnu~1/112202~1.02/bin/../lib/gcc/arm-none-eabi/11.2.1/thumb/v6-m/nofp\libg.a(lib_a-strlen-stub.o)
                0x100080ac                strlen
 .text.__ssvfscanf_r
                0x10008108     0x197c c:/progra~2/armgnu~1/112202~1.02/bin/../lib/gcc/arm-none-eabi/11.2.1/thumb/v6-m/nofp\libg.a(lib_a-svfscanf.o)
                0x10008108                __ssvfscanf_r
 .text._malloc_trim_r
                0x10009a84       0x9c c:/progra~2/armgnu~1/112202~1.02/bin/../lib/gcc/arm-none-eabi/11.2.1/thumb/v6-m/nofp\libg.a(lib_a-freer.o)
                0x10009a84                _malloc_trim_r
 .text._free_r  0x10009b20      0x1bc c:/progra~2/armgnu~1/112202~1.02/bin/../lib/gcc/arm-none-eabi/11.2.1/thumb/v6-m/nofp\libg.a(lib_a-freer.o)
                0x10009b20                _free_r
 .text.iswspace
                0x10009cdc        0xc c:/progra~2/armgnu~1/112202~1.02/bin/../lib/gcc/arm-none-eabi/11.2.1/thumb/v6-m/nofp\libg.a(lib_a-iswspace.o)
                0x10009cdc                iswspace
 .text._localeconv_r
                0x10009ce8        0x8 c:/progra~2/armgnu~1/112202~1.02/bin/../lib/gcc/arm-none-eabi/11.2.1/thumb/v6-m/nofp\libg.a(lib_a-localeconv.o)
                0x10009ce8                _localeconv_r
 .text.__locale_mb_cur_max
                0x10009cf0       0x10 c:/progra~2/armgnu~1/112202~1.02/bin/../lib/gcc/arm-none-eabi/11.2.1/thumb/v6-m/nofp\libg.a(lib_a-locale.o)
                0x10009cf0                __locale_mb_cur_max
 .text._mbrtowc_r
                0x10009d00       0x54 c:/progra~2/armgnu~1/112202~1.02/bin/../lib/gcc/arm-none-eabi/11.2.1/thumb/v6-m/nofp\libg.a(lib_a-mbrtowc.o)
                0x10009d00                _mbrtowc_r
 .text.__ascii_mbtowc
                0x10009d54       0x2c c:/progra~2/armgnu~1/112202~1.02/bin/../lib/gcc/arm-none-eabi/11.2.1/thumb/v6-m/nofp\libg.a(lib_a-mbtowc_r.o)
                0x10009d54                __ascii_mbtowc
 .text.memmove  0x10009d80       0xac c:/progra~2/armgnu~1/112202~1.02/bin/../lib/gcc/arm-none-eabi/11.2.1/thumb/v6-m/nofp\libg.a(lib_a-memmove.o)
                0x10009d80                memmove
 .text.__sccl   0x10009e2c       0x80 c:/progra~2/armgnu~1/112202~1.02/bin/../lib/gcc/arm-none-eabi/11.2.1/thumb/v6-m/nofp\libg.a(lib_a-sccl.o)
                0x10009e2c                __sccl
 .text.nanf     0x10009eac        0x8 c:/progra~2/armgnu~1/112202~1.02/bin/../lib/gcc/arm-none-eabi/11.2.1/thumb/v6-m/nofp\libg.a(lib_a-sf_nan.o)
                0x10009eac                nanf
 .text.stpncpy  0x10009eb4       0x6c c:/progra~2/armgnu~1/112202~1.02/bin/../lib/gcc/arm-none-eabi/11.2.1/thumb/v6-m/nofp\libg.a(lib_a-stpncpy.o)
                0x10009eb4                stpncpy
 .text          0x10009f20       0x88 c:/progra~2/armgnu~1/112202~1.02/bin/../lib/gcc/arm-none-eabi/11.2.1/thumb/v6-m/nofp\libg.a(lib_a-strcmp.o)
                0x10009f20                strcmp
 .text._strtod_l
                0x10009fa8      0xf38 c:/progra~2/armgnu~1/112202~1.02/bin/../lib/gcc/arm-none-eabi/11.2.1/thumb/v6-m/nofp\libg.a(lib_a-strtod.o)
                0x10009fa8                _strtod_l
 .text._strtod_r
                0x1000aee0       0x10 c:/progra~2/armgnu~1/112202~1.02/bin/../lib/gcc/arm-none-eabi/11.2.1/thumb/v6-m/nofp\libg.a(lib_a-strtod.o)
                0x1000aee0                _strtod_r
 .text._strtoll_l.constprop.0
                0x1000aef0      0x1a0 c:/progra~2/armgnu~1/112202~1.02/bin/../lib/gcc/arm-none-eabi/11.2.1/thumb/v6-m/nofp\libg.a(lib_a-strtoll.o)
 .text._strtoll_r
                0x1000b090        0x8 c:/progra~2/armgnu~1/112202~1.02/bin/../lib/gcc/arm-none-eabi/11.2.1/thumb/v6-m/nofp\libg.a(lib_a-strtoll.o)
                0x1000b090                _strtoll_r
 .text._strtol_l.constprop.0
                0x1000b098      0x16c c:/progra~2/armgnu~1/112202~1.02/bin/../lib/gcc/arm-none-eabi/11.2.1/thumb/v6-m/nofp\libg.a(lib_a-strtol.o)
 .text._strtol_r
                0x1000b204        0x8 c:/progra~2/armgnu~1/112202~1.02/bin/../lib/gcc/arm-none-eabi/11.2.1/thumb/v6-m/nofp\libg.a(lib_a-strtol.o)
                0x1000b204                _strtol_r
 .text._strtoull_l.constprop.0
                0x1000b20c      0x1c4 c:/progra~2/armgnu~1/112202~1.02/bin/../lib/gcc/arm-none-eabi/11.2.1/thumb/v6-m/nofp\libg.a(lib_a-strtoull.o)
 .text._strtoull_r
                0x1000b3d0        0x8 c:/progra~2/armgnu~1/112202~1.02/bin/../lib/gcc/arm-none-eabi/11.2.1/thumb/v6-m/nofp\libg.a(lib_a-strtoull.o)
                0x1000b3d0                _strtoull_r
 .text._strtoul_l.constprop.0
                0x1000b3d8      0x144 c:/progra~2/armgnu~1/112202~1.02/bin/../lib/gcc/arm-none-eabi/11.2.1/thumb/v6-m/nofp\libg.a(lib_a-strtoul.o)
 .text._strtoul_r
                0x1000b51c        0x8 c:/progra~2/armgnu~1/112202~1.02/bin/../lib/gcc/arm-none-eabi/11.2.1/thumb/v6-m/nofp\libg.a(lib_a-strtoul.o)
                0x1000b51c                _strtoul_r
 .text._sungetc_r
                0x1000b524       0x84 c:/progra~2/armgnu~1/112202~1.02/bin/../lib/gcc/arm-none-eabi/11.2.1/thumb/v6-m/nofp\libg.a(lib_a-svfiscanf.o)
                0x1000b524                _sungetc_r
 .text.__ssrefill_r
                0x1000b5a8       0x40 c:/progra~2/armgnu~1/112202~1.02/bin/../lib/gcc/arm-none-eabi/11.2.1/thumb/v6-m/nofp\libg.a(lib_a-svfiscanf.o)
                0x1000b5a8                __ssrefill_r
 .text._sfread_r
                0x1000b5e8       0xc4 c:/progra~2/armgnu~1/112202~1.02/bin/../lib/gcc/arm-none-eabi/11.2.1/thumb/v6-m/nofp\libg.a(lib_a-svfiscanf.o)
                0x1000b5e8                _sfread_r
 .text.__submore
                0x1000b6ac       0x84 c:/progra~2/armgnu~1/112202~1.02/bin/../lib/gcc/arm-none-eabi/11.2.1/thumb/v6-m/nofp\libg.a(lib_a-ungetc.o)
                0x1000b6ac                __submore
 .text.__ascii_wctomb
                0x1000b730       0x1c c:/progra~2/armgnu~1/112202~1.02/bin/../lib/gcc/arm-none-eabi/11.2.1/thumb/v6-m/nofp\libg.a(lib_a-wctomb_r.o)
                0x1000b730                __ascii_wctomb
 .text.rshift   0x1000b74c       0xac c:/progra~2/armgnu~1/112202~1.02/bin/../lib/gcc/arm-none-eabi/11.2.1/thumb/v6-m/nofp\libg.a(lib_a-gdtoa-gethex.o)
 .text.__gethex
                0x1000b7f8      0x5dc c:/progra~2/armgnu~1/112202~1.02/bin/../lib/gcc/arm-none-eabi/11.2.1/thumb/v6-m/nofp\libg.a(lib_a-gdtoa-gethex.o)
                0x1000b7f8                __gethex
 .text.__match  0x1000bdd4       0x2c c:/progra~2/armgnu~1/112202~1.02/bin/../lib/gcc/arm-none-eabi/11.2.1/thumb/v6-m/nofp\libg.a(lib_a-gdtoa-hexnan.o)
                0x1000bdd4                __match
 .text.__hexnan
                0x1000be00      0x1cc c:/progra~2/armgnu~1/112202~1.02/bin/../lib/gcc/arm-none-eabi/11.2.1/thumb/v6-m/nofp\libg.a(lib_a-gdtoa-hexnan.o)
                0x1000be00                __hexnan
 .text.iswspace_l
                0x1000bfcc       0x24 c:/progra~2/armgnu~1/112202~1.02/bin/../lib/gcc/arm-none-eabi/11.2.1/thumb/v6-m/nofp\libg.a(lib_a-iswspace_l.o)
                0x1000bfcc                iswspace_l
 .text.__jp2uc  0x1000bff0      0x178 c:/progra~2/armgnu~1/112202~1.02/bin/../lib/gcc/arm-none-eabi/11.2.1/thumb/v6-m/nofp\libg.a(lib_a-jp2uc.o)
 .text._jp2uc_l
                0x1000c168       0x68 c:/progra~2/armgnu~1/112202~1.02/bin/../lib/gcc/arm-none-eabi/11.2.1/thumb/v6-m/nofp\libg.a(lib_a-jp2uc.o)
                0x1000c168                _jp2uc_l
 .text._Balloc  0x1000c1d0       0x50 c:/progra~2/armgnu~1/112202~1.02/bin/../lib/gcc/arm-none-eabi/11.2.1/thumb/v6-m/nofp\libg.a(lib_a-mprec.o)
                0x1000c1d0                _Balloc
 .text._Bfree   0x1000c220       0x14 c:/progra~2/armgnu~1/112202~1.02/bin/../lib/gcc/arm-none-eabi/11.2.1/thumb/v6-m/nofp\libg.a(lib_a-mprec.o)
                0x1000c220                _Bfree
 .text.__multadd
                0x1000c234       0xa8 c:/progra~2/armgnu~1/112202~1.02/bin/../lib/gcc/arm-none-eabi/11.2.1/thumb/v6-m/nofp\libg.a(lib_a-mprec.o)
                0x1000c234                __multadd
 .text.__s2b    0x1000c2dc       0xb0 c:/progra~2/armgnu~1/112202~1.02/bin/../lib/gcc/arm-none-eabi/11.2.1/thumb/v6-m/nofp\libg.a(lib_a-mprec.o)
                0x1000c2dc                __s2b
 .text.__hi0bits
                0x1000c38c       0x38 c:/progra~2/armgnu~1/112202~1.02/bin/../lib/gcc/arm-none-eabi/11.2.1/thumb/v6-m/nofp\libg.a(lib_a-mprec.o)
                0x1000c38c                __hi0bits
 .text.__lo0bits
                0x1000c3c4       0x5c c:/progra~2/armgnu~1/112202~1.02/bin/../lib/gcc/arm-none-eabi/11.2.1/thumb/v6-m/nofp\libg.a(lib_a-mprec.o)
                0x1000c3c4                __lo0bits
 .text.__i2b    0x1000c420       0x60 c:/progra~2/armgnu~1/112202~1.02/bin/../lib/gcc/arm-none-eabi/11.2.1/thumb/v6-m/nofp\libg.a(lib_a-mprec.o)
                0x1000c420                __i2b
 .text.__multiply
                0x1000c480      0x1a4 c:/progra~2/armgnu~1/112202~1.02/bin/../lib/gcc/arm-none-eabi/11.2.1/thumb/v6-m/nofp\libg.a(lib_a-mprec.o)
                0x1000c480                __multiply
 .text.__pow5mult
                0x1000c624       0xd4 c:/progra~2/armgnu~1/112202~1.02/bin/../lib/gcc/arm-none-eabi/11.2.1/thumb/v6-m/nofp\libg.a(lib_a-mprec.o)
                0x1000c624                __pow5mult
 .text.__lshift
                0x1000c6f8      0x100 c:/progra~2/armgnu~1/112202~1.02/bin/../lib/gcc/arm-none-eabi/11.2.1/thumb/v6-m/nofp\libg.a(lib_a-mprec.o)
                0x1000c6f8                __lshift
 .text.__mcmp   0x1000c7f8       0x34 c:/progra~2/armgnu~1/112202~1.02/bin/../lib/gcc/arm-none-eabi/11.2.1/thumb/v6-m/nofp\libg.a(lib_a-mprec.o)
                0x1000c7f8                __mcmp
 .text.__mdiff  0x1000c82c      0x194 c:/progra~2/armgnu~1/112202~1.02/bin/../lib/gcc/arm-none-eabi/11.2.1/thumb/v6-m/nofp\libg.a(lib_a-mprec.o)
                0x1000c82c                __mdiff
 .text.__ulp    0x1000c9c0       0x3c c:/progra~2/armgnu~1/112202~1.02/bin/../lib/gcc/arm-none-eabi/11.2.1/thumb/v6-m/nofp\libg.a(lib_a-mprec.o)
                0x1000c9c0                __ulp
 .text.__b2d    0x1000c9fc       0xc0 c:/progra~2/armgnu~1/112202~1.02/bin/../lib/gcc/arm-none-eabi/11.2.1/thumb/v6-m/nofp\libg.a(lib_a-mprec.o)
                0x1000c9fc                __b2d
 .text.__d2b    0x1000cabc       0xd0 c:/progra~2/armgnu~1/112202~1.02/bin/../lib/gcc/arm-none-eabi/11.2.1/thumb/v6-m/nofp\libg.a(lib_a-mprec.o)
                0x1000cabc                __d2b
 .text.__ratio  0x1000cb8c       0x68 c:/progra~2/armgnu~1/112202~1.02/bin/../lib/gcc/arm-none-eabi/11.2.1/thumb/v6-m/nofp\libg.a(lib_a-mprec.o)
                0x1000cb8c                __ratio
 .text.__copybits
                0x1000cbf4       0x40 c:/progra~2/armgnu~1/112202~1.02/bin/../lib/gcc/arm-none-eabi/11.2.1/thumb/v6-m/nofp\libg.a(lib_a-mprec.o)
                0x1000cbf4                __copybits
 .text.__any_on
                0x1000cc34       0x50 c:/progra~2/armgnu~1/112202~1.02/bin/../lib/gcc/arm-none-eabi/11.2.1/thumb/v6-m/nofp\libg.a(lib_a-mprec.o)
                0x1000cc34                __any_on
 .text.nan      0x1000cc84        0xc c:/progra~2/armgnu~1/112202~1.02/bin/../lib/gcc/arm-none-eabi/11.2.1/thumb/v6-m/nofp\libg.a(lib_a-s_nan.o)
                0x1000cc84                nan
 .text.strncmp  0x1000cc90       0x74 c:/progra~2/armgnu~1/112202~1.02/bin/../lib/gcc/arm-none-eabi/11.2.1/thumb/v6-m/nofp\libg.a(lib_a-strncmp.o)
                0x1000cc90                strncmp
 .text.category
                0x1000cd04       0x50 c:/progra~2/armgnu~1/112202~1.02/bin/../lib/gcc/arm-none-eabi/11.2.1/thumb/v6-m/nofp\libg.a(lib_a-categories.o)
                0x1000cd04                category
 *(.fini)
 .fini          0x1000cd54        0x4 c:/progra~2/armgnu~1/112202~1.02/bin/../lib/gcc/arm-none-eabi/11.2.1/thumb/v6-m/nofp/crti.o
                0x1000cd54                _fini
 .fini.__stub   0x1000cd58       0xe0 linker stubs
 *crtbegin.o(.ctors)
 *crtbegin?.o(.ctors)
 *(EXCLUDE_FILE(*crtend.o *crtend?.o) .ctors)
 *(SORT_BY_NAME(.ctors.*))
 *(.ctors)
 *crtbegin.o(.dtors)
 *crtbegin?.o(.dtors)
 *(EXCLUDE_FILE(*crtend.o *crtend?.o) .dtors)
 *(SORT_BY_NAME(.dtors.*))
 *(.dtors)
 *(.eh_frame*)
 .eh_frame      0x1000ce38        0x0 c:/progra~2/armgnu~1/112202~1.02/bin/../lib/gcc/arm-none-eabi/11.2.1/thumb/v6-m/nofp/crtbegin.o
                0x1000ce38                . = ALIGN (0x4)

.glue_7         0x1000ce38        0x0
 .glue_7        0x1000ce38        0x0 linker stubs

.glue_7t        0x1000ce38        0x0
 .glue_7t       0x1000ce38        0x0 linker stubs

.vfp11_veneer   0x1000ce38        0x0
 .vfp11_veneer  0x1000ce38        0x0 linker stubs

.v4_bx          0x1000ce38        0x0
 .v4_bx         0x1000ce38        0x0 linker stubs

.iplt           0x1000ce38        0x0
 .iplt          0x1000ce38        0x0 c:/progra~2/armgnu~1/112202~1.02/bin/../lib/gcc/arm-none-eabi/11.2.1/thumb/v6-m/nofp/crtbegin.o

.rodata         0x1000ce38     0x89e4
 *(EXCLUDE_FILE(*libm.a: *libc.a:*lib_a-mem*.o *libgcc.a:) .rodata*)
 .rodata._Z11print_titlev.str1.4
                0x1000ce38       0x30 CMakeFiles/adc_board_test.dir/main.cpp.obj
                                 0x34 (size before relaxing)
 .rodata._Z21wait_for_string_entryPci.str1.4
                0x1000ce68       0x24 CMakeFiles/adc_board_test.dir/main.cpp.obj
 .rodata._Z15wait_byte_entryv.str1.4
                0x1000ce8c       0x2e CMakeFiles/adc_board_test.dir/main.cpp.obj
 *fill*         0x1000ceba        0x2 
 .rodata._Z17wait_double_entryv.str1.4
                0x1000cebc        0x4 CMakeFiles/adc_board_test.dir/main.cpp.obj
 .rodata._Z16wait_float_entryv.str1.4
                0x1000cec0        0x3 CMakeFiles/adc_board_test.dir/main.cpp.obj
 *fill*         0x1000cec3        0x1 
 .rodata._Z15build_data_ratehh.str1.4
                0x1000cec4       0x23 CMakeFiles/adc_board_test.dir/main.cpp.obj
 *fill*         0x1000cee7        0x1 
 .rodata._Z10build_gainhh.str1.4
                0x1000cee8       0x19 CMakeFiles/adc_board_test.dir/main.cpp.obj
 *fill*         0x1000cf01        0x3 
 .rodata._Z11adc_set_muxhhh.str1.4
                0x1000cf04       0x24 CMakeFiles/adc_board_test.dir/main.cpp.obj
 .rodata._Z8adc_initv.str1.4
                0x1000cf28       0x89 CMakeFiles/adc_board_test.dir/main.cpp.obj
 *fill*         0x1000cfb1        0x3 
 .rodata._Z14print_cfg_menuv.str1.4
                0x1000cfb4       0x83 CMakeFiles/adc_board_test.dir/main.cpp.obj
 *fill*         0x1000d037        0x1 
 .rodata._Z8cfg_menuv.str1.4
                0x1000d038      0x10c CMakeFiles/adc_board_test.dir/main.cpp.obj
 .rodata._Z10board_initv.str1.4
                0x1000d144       0x2b CMakeFiles/adc_board_test.dir/main.cpp.obj
 *fill*         0x1000d16f        0x1 
 .rodata.main.str1.4
                0x1000d170       0x27 CMakeFiles/adc_board_test.dir/main.cpp.obj
 *fill*         0x1000d197        0x1 
 .rodata.spin_lock_claim_unused.str1.4
                0x1000d198       0x1b CMakeFiles/adc_board_test.dir/C_/development/pico/pico-sdk/src/rp2_common/hardware_sync/sync.c.obj
 *fill*         0x1000d1b3        0x1 
 .rodata.make_branch.str1.4
                0x1000d1b4       0x6f CMakeFiles/adc_board_test.dir/C_/development/pico/pico-sdk/src/rp2_common/hardware_irq/irq.c.obj
 *fill*         0x1000d223        0x1 
 .rodata.insert_branch_and_link.str1.4
                0x1000d224       0x10 CMakeFiles/adc_board_test.dir/C_/development/pico/pico-sdk/src/rp2_common/hardware_irq/irq.c.obj
 .rodata.irq_set_exclusive_handler.str1.4
                0x1000d234       0x36 CMakeFiles/adc_board_test.dir/C_/development/pico/pico-sdk/src/rp2_common/hardware_irq/irq.c.obj
 *fill*         0x1000d26a        0x2 
 .rodata.irq_add_shared_handler.str1.4
                0x1000d26c       0xd9 CMakeFiles/adc_board_test.dir/C_/development/pico/pico-sdk/src/rp2_common/hardware_irq/irq.c.obj
 *fill*         0x1000d345        0x3 
 .rodata.irq_remove_handler.str1.4
                0x1000d348       0x3a CMakeFiles/adc_board_test.dir/C_/development/pico/pico-sdk/src/rp2_common/hardware_irq/irq.c.obj
 *fill*         0x1000d382        0x2 
 .rodata.irq_add_tail_to_free_list.str1.4
                0x1000d384       0x32 CMakeFiles/adc_board_test.dir/C_/development/pico/pico-sdk/src/rp2_common/hardware_irq/irq.c.obj
                                 0x3a (size before relaxing)
 *fill*         0x1000d3b6        0x2 
 .rodata.user_irq_claim_unused.str1.4
                0x1000d3b8       0x1b CMakeFiles/adc_board_test.dir/C_/development/pico/pico-sdk/src/rp2_common/hardware_irq/irq.c.obj
 *fill*         0x1000d3d3        0x1 
 .rodata.__func__.0
                0x1000d3d4       0x1a CMakeFiles/adc_board_test.dir/C_/development/pico/pico-sdk/src/rp2_common/hardware_irq/irq.c.obj
 *fill*         0x1000d3ee        0x2 
 .rodata.__func__.1
                0x1000d3f0       0x17 CMakeFiles/adc_board_test.dir/C_/development/pico/pico-sdk/src/rp2_common/hardware_irq/irq.c.obj
 *fill*         0x1000d407        0x1 
 .rodata.__func__.2
                0x1000d408       0x13 CMakeFiles/adc_board_test.dir/C_/development/pico/pico-sdk/src/rp2_common/hardware_irq/irq.c.obj
 *fill*         0x1000d41b        0x1 
 .rodata.__func__.3
                0x1000d41c        0xc CMakeFiles/adc_board_test.dir/C_/development/pico/pico-sdk/src/rp2_common/hardware_irq/irq.c.obj
 .rodata.__func__.4
                0x1000d428        0xf CMakeFiles/adc_board_test.dir/C_/development/pico/pico-sdk/src/rp2_common/hardware_irq/irq.c.obj
 *fill*         0x1000d437        0x1 
 .rodata.__func__.5
                0x1000d438       0x17 CMakeFiles/adc_board_test.dir/C_/development/pico/pico-sdk/src/rp2_common/hardware_irq/irq.c.obj
 *fill*         0x1000d44f        0x1 
 .rodata.__func__.6
                0x1000d450       0x1a CMakeFiles/adc_board_test.dir/C_/development/pico/pico-sdk/src/rp2_common/hardware_irq/irq.c.obj
 *fill*         0x1000d46a        0x2 
 .rodata.str1.4
                0x1000d46c       0xf1 CMakeFiles/adc_board_test.dir/C_/development/pico/pico-sdk/src/common/pico_sync/mutex.c.obj
 *fill*         0x1000d55d        0x3 
 .rodata.__func__.1
                0x1000d560        0xb CMakeFiles/adc_board_test.dir/C_/development/pico/pico-sdk/src/common/pico_sync/mutex.c.obj
 *fill*         0x1000d56b        0x1 
 .rodata.__func__.3
                0x1000d56c       0x18 CMakeFiles/adc_board_test.dir/C_/development/pico/pico-sdk/src/common/pico_sync/mutex.c.obj
 .rodata.__func__.4
                0x1000d584       0x15 CMakeFiles/adc_board_test.dir/C_/development/pico/pico-sdk/src/common/pico_sync/mutex.c.obj
 *fill*         0x1000d599        0x3 
 .rodata.repeating_timer_callback.str1.4
                0x1000d59c       0x4d CMakeFiles/adc_board_test.dir/C_/development/pico/pico-sdk/src/common/pico_time/time.c.obj
 *fill*         0x1000d5e9        0x3 
 .rodata.timer_pool_entry_comparator.str1.4
                0x1000d5ec       0x22 CMakeFiles/adc_board_test.dir/C_/development/pico/pico-sdk/src/common/pico_time/time.c.obj
 *fill*         0x1000d60e        0x2 
 .rodata.ph_add_child_node.str1.4
                0x1000d610       0x96 CMakeFiles/adc_board_test.dir/C_/development/pico/pico-sdk/src/common/pico_time/time.c.obj
 *fill*         0x1000d6a6        0x2 
 .rodata.add_alarm_under_lock.str1.4
                0x1000d6a8       0x28 CMakeFiles/adc_board_test.dir/C_/development/pico/pico-sdk/src/common/pico_time/time.c.obj
                                 0x2b (size before relaxing)
 .rodata.alarm_pool_alarm_callback.str1.4
                0x1000d6d0       0x98 CMakeFiles/adc_board_test.dir/C_/development/pico/pico-sdk/src/common/pico_time/time.c.obj
                                 0xfc (size before relaxing)
 .rodata.alarm_pool_get_default.str1.4
                0x1000d768       0x21 CMakeFiles/adc_board_test.dir/C_/development/pico/pico-sdk/src/common/pico_time/time.c.obj
 *fill*         0x1000d789        0x3 
 .rodata.alarm_pool_cancel_alarm.str1.4
                0x1000d78c       0x27 CMakeFiles/adc_board_test.dir/C_/development/pico/pico-sdk/src/common/pico_time/time.c.obj
 *fill*         0x1000d7b3        0x1 
 .rodata.sleep_until.str1.4
                0x1000d7b4       0x4d CMakeFiles/adc_board_test.dir/C_/development/pico/pico-sdk/src/common/pico_time/time.c.obj
 *fill*         0x1000d801        0x3 
 .rodata.__func__.1
                0x1000d804       0x18 CMakeFiles/adc_board_test.dir/C_/development/pico/pico-sdk/src/common/pico_time/time.c.obj
 .rodata.__func__.10
                0x1000d81c       0x15 CMakeFiles/adc_board_test.dir/C_/development/pico/pico-sdk/src/common/pico_time/time.c.obj
 *fill*         0x1000d831        0x3 
 .rodata.__func__.11
                0x1000d834       0x1a CMakeFiles/adc_board_test.dir/C_/development/pico/pico-sdk/src/common/pico_time/time.c.obj
 *fill*         0x1000d84e        0x2 
 .rodata.__func__.12
                0x1000d850        0xa CMakeFiles/adc_board_test.dir/C_/development/pico/pico-sdk/src/common/pico_time/time.c.obj
 *fill*         0x1000d85a        0x2 
 .rodata.__func__.3
                0x1000d85c       0x17 CMakeFiles/adc_board_test.dir/C_/development/pico/pico-sdk/src/common/pico_time/time.c.obj
 *fill*         0x1000d873        0x1 
 .rodata.__func__.4
                0x1000d874       0x12 CMakeFiles/adc_board_test.dir/C_/development/pico/pico-sdk/src/common/pico_time/time.c.obj
 *fill*         0x1000d886        0x2 
 .rodata.__func__.5
                0x1000d888        0xd CMakeFiles/adc_board_test.dir/C_/development/pico/pico-sdk/src/common/pico_time/time.c.obj
 *fill*         0x1000d895        0x3 
 .rodata.__func__.6
                0x1000d898       0x12 CMakeFiles/adc_board_test.dir/C_/development/pico/pico-sdk/src/common/pico_time/time.c.obj
 *fill*         0x1000d8aa        0x2 
 .rodata.__func__.7
                0x1000d8ac        0xf CMakeFiles/adc_board_test.dir/C_/development/pico/pico-sdk/src/common/pico_time/time.c.obj
 *fill*         0x1000d8bb        0x1 
 .rodata.__func__.8
                0x1000d8bc        0xc CMakeFiles/adc_board_test.dir/C_/development/pico/pico-sdk/src/common/pico_time/time.c.obj
 .rodata.__func__.9
                0x1000d8c8       0x15 CMakeFiles/adc_board_test.dir/C_/development/pico/pico-sdk/src/common/pico_time/time.c.obj
 *fill*         0x1000d8dd        0x3 
 .rodata.hardware_alarm_claim.str1.4
                0x1000d8e0       0x22 CMakeFiles/adc_board_test.dir/C_/development/pico/pico-sdk/src/rp2_common/hardware_timer/timer.c.obj
 .rodata.busy_wait_us.str1.4
                0x1000d902       0x63 CMakeFiles/adc_board_test.dir/C_/development/pico/pico-sdk/src/rp2_common/hardware_timer/timer.c.obj
 *fill*         0x1000d902        0x2 
 .rodata.hardware_alarm_set_target.str1.4
                0x1000d904       0x67 CMakeFiles/adc_board_test.dir/C_/development/pico/pico-sdk/src/rp2_common/hardware_timer/timer.c.obj
 *fill*         0x1000d96b        0x1 
 .rodata.__func__.0
                0x1000d96c       0x1a CMakeFiles/adc_board_test.dir/C_/development/pico/pico-sdk/src/rp2_common/hardware_timer/timer.c.obj
 *fill*         0x1000d986        0x2 
 .rodata.__func__.1
                0x1000d988       0x15 CMakeFiles/adc_board_test.dir/C_/development/pico/pico-sdk/src/rp2_common/hardware_timer/timer.c.obj
 .rodata.ph_add_child_node.str1.4
                0x1000d99d       0x96 CMakeFiles/adc_board_test.dir/C_/development/pico/pico-sdk/src/common/pico_util/pheap.c.obj
 *fill*         0x1000d99d        0x3 
 .rodata.ph_remove_any_head.str1.4
                0x1000d9a0       0x90 CMakeFiles/adc_board_test.dir/C_/development/pico/pico-sdk/src/common/pico_util/pheap.c.obj
                                 0xa4 (size before relaxing)
 .rodata.ph_remove_and_free_node.str1.4
                0x1000da30       0x1e CMakeFiles/adc_board_test.dir/C_/development/pico/pico-sdk/src/common/pico_util/pheap.c.obj
                                 0x26 (size before relaxing)
 *fill*         0x1000da4e        0x2 
 .rodata.__func__.0
                0x1000da50       0x18 CMakeFiles/adc_board_test.dir/C_/development/pico/pico-sdk/src/common/pico_util/pheap.c.obj
 .rodata.__func__.1
                0x1000da68       0x13 CMakeFiles/adc_board_test.dir/C_/development/pico/pico-sdk/src/common/pico_util/pheap.c.obj
 *fill*         0x1000da7b        0x1 
 .rodata.__func__.2
                0x1000da7c       0x12 CMakeFiles/adc_board_test.dir/C_/development/pico/pico-sdk/src/common/pico_util/pheap.c.obj
 *fill*         0x1000da8e        0x2 
 .rodata.__func__.3
                0x1000da90        0xc CMakeFiles/adc_board_test.dir/C_/development/pico/pico-sdk/src/common/pico_util/pheap.c.obj
 .rodata.clock_configure.str1.4
                0x1000da9c       0x59 CMakeFiles/adc_board_test.dir/C_/development/pico/pico-sdk/src/rp2_common/hardware_clocks/clocks.c.obj
 *fill*         0x1000daf5        0x3 
 .rodata.__func__.1
                0x1000daf8       0x10 CMakeFiles/adc_board_test.dir/C_/development/pico/pico-sdk/src/rp2_common/hardware_clocks/clocks.c.obj
 .rodata.pll_init.str1.4
                0x1000db08      0x123 CMakeFiles/adc_board_test.dir/C_/development/pico/pico-sdk/src/rp2_common/hardware_pll/pll.c.obj
 *fill*         0x1000dc2b        0x1 
 .rodata.__func__.0
                0x1000dc2c        0x9 CMakeFiles/adc_board_test.dir/C_/development/pico/pico-sdk/src/rp2_common/hardware_pll/pll.c.obj
 *fill*         0x1000dc35        0x3 
 .rodata.__assert_func.str1.4
                0x1000dc38       0x3f CMakeFiles/adc_board_test.dir/C_/development/pico/pico-sdk/src/rp2_common/pico_runtime/runtime.c.obj
                                 0x43 (size before relaxing)
 *fill*         0x1000dc77        0x1 
 .rodata.runtime_init.str1.4
                0x1000dc78       0x63 CMakeFiles/adc_board_test.dir/C_/development/pico/pico-sdk/src/rp2_common/pico_runtime/runtime.c.obj
 *fill*         0x1000dcdb        0x1 
 .rodata.panic.str1.4
                0x1000dcdc       0x10 CMakeFiles/adc_board_test.dir/C_/development/pico/pico-sdk/src/rp2_common/pico_runtime/runtime.c.obj
                                 0x12 (size before relaxing)
 .rodata.__func__.2
                0x1000dcec        0xd CMakeFiles/adc_board_test.dir/C_/development/pico/pico-sdk/src/rp2_common/pico_runtime/runtime.c.obj
 *fill*         0x1000dcf9        0x3 
 .rodata._ftoa.str1.4
                0x1000dcfc       0x15 CMakeFiles/adc_board_test.dir/C_/development/pico/pico-sdk/src/rp2_common/pico_printf/printf.c.obj
 *fill*         0x1000dd11        0x3 
 .rodata._vsnprintf
                0x1000dd14      0x19c CMakeFiles/adc_board_test.dir/C_/development/pico/pico-sdk/src/rp2_common/pico_printf/printf.c.obj
 .rodata.pow10.0
                0x1000deb0       0x50 CMakeFiles/adc_board_test.dir/C_/development/pico/pico-sdk/src/rp2_common/pico_printf/printf.c.obj
 .rodata.missing_double_func_shim.str1.4
                0x1000df00       0x18 CMakeFiles/adc_board_test.dir/C_/development/pico/pico-sdk/src/rp2_common/pico_double/double_init_rom.c.obj
 .rodata.__aeabi_double_init.str1.4
                0x1000df18       0xaa CMakeFiles/adc_board_test.dir/C_/development/pico/pico-sdk/src/rp2_common/pico_double/double_init_rom.c.obj
 *fill*         0x1000dfc2        0x2 
 .rodata.__func__.0
                0x1000dfc4       0x14 CMakeFiles/adc_board_test.dir/C_/development/pico/pico-sdk/src/rp2_common/pico_double/double_init_rom.c.obj
 .rodata.missing_float_func_shim.str1.4
                0x1000dfd8        0x1 CMakeFiles/adc_board_test.dir/C_/development/pico/pico-sdk/src/rp2_common/pico_float/float_init_rom.c.obj
 .rodata.__aeabi_float_init.str1.4
                0x1000dfd8       0x7c CMakeFiles/adc_board_test.dir/C_/development/pico/pico-sdk/src/rp2_common/pico_float/float_init_rom.c.obj
 .rodata.__func__.0
                0x1000e054       0x13 CMakeFiles/adc_board_test.dir/C_/development/pico/pico-sdk/src/rp2_common/pico_float/float_init_rom.c.obj
 *fill*         0x1000e067        0x1 
 .rodata.__wrap_malloc.str1.4