Archive member included to satisfy reference by file (symbol)

c:/progra~2/armgnu~1/112202~1.02/bin/../lib/gcc/arm-none-eabi/11.2.1/thumb/v6-m/nofp\libgcc.a(_dvmd_tls.o)
                              CMakeFiles/adc_board_test.dir/C_/development/pico/pico-sdk/src/rp2_common/pico_divider/divider.S.obj (__aeabi_idiv0)
c:/progra~2/armgnu~1/112202~1.02/bin/../lib/gcc/arm-none-eabi/11.2.1/thumb/v6-m/nofp\libg.a(lib_a-calloc.o)
                              CMakeFiles/adc_board_test.dir/C_/development/pico/pico-sdk/src/rp2_common/pico_malloc/pico_malloc.c.obj (calloc)
c:/progra~2/armgnu~1/112202~1.02/bin/../lib/gcc/arm-none-eabi/11.2.1/thumb/v6-m/nofp\libg.a(lib_a-callocr.o)
                              c:/progra~2/armgnu~1/112202~1.02/bin/../lib/gcc/arm-none-eabi/11.2.1/thumb/v6-m/nofp\libg.a(lib_a-calloc.o) (_calloc_r)
c:/progra~2/armgnu~1/112202~1.02/bin/../lib/gcc/arm-none-eabi/11.2.1/thumb/v6-m/nofp\libg.a(lib_a-errno.o)
                              c:/progra~2/armgnu~1/112202~1.02/bin/../lib/gcc/arm-none-eabi/11.2.1/thumb/v6-m/nofp\libg.a(lib_a-callocr.o) (__errno)
c:/progra~2/armgnu~1/112202~1.02/bin/../lib/gcc/arm-none-eabi/11.2.1/thumb/v6-m/nofp\libg.a(lib_a-impure.o)
                              c:/progra~2/armgnu~1/112202~1.02/bin/../lib/gcc/arm-none-eabi/11.2.1/thumb/v6-m/nofp\libg.a(lib_a-calloc.o) (_impure_ptr)
c:/progra~2/armgnu~1/112202~1.02/bin/../lib/gcc/arm-none-eabi/11.2.1/thumb/v6-m/nofp\libg.a(lib_a-init.o)
                              c:/progra~2/armgnu~1/112202~1.02/bin/../lib/gcc/arm-none-eabi/11.2.1/thumb/v6-m/nofp/crt0.o (__libc_init_array)
c:/progra~2/armgnu~1/112202~1.02/bin/../lib/gcc/arm-none-eabi/11.2.1/thumb/v6-m/nofp\libg.a(lib_a-malloc.o)
                              CMakeFiles/adc_board_test.dir/C_/development/pico/pico-sdk/src/rp2_common/pico_malloc/pico_malloc.c.obj (malloc)
c:/progra~2/armgnu~1/112202~1.02/bin/../lib/gcc/arm-none-eabi/11.2.1/thumb/v6-m/nofp\libg.a(lib_a-mallocr.o)
                              c:/progra~2/armgnu~1/112202~1.02/bin/../lib/gcc/arm-none-eabi/11.2.1/thumb/v6-m/nofp\libg.a(lib_a-callocr.o) (_malloc_r)
c:/progra~2/armgnu~1/112202~1.02/bin/../lib/gcc/arm-none-eabi/11.2.1/thumb/v6-m/nofp\libg.a(lib_a-mlock.o)
                              c:/progra~2/armgnu~1/112202~1.02/bin/../lib/gcc/arm-none-eabi/11.2.1/thumb/v6-m/nofp\libg.a(lib_a-mallocr.o) (__malloc_lock)
c:/progra~2/armgnu~1/112202~1.02/bin/../lib/gcc/arm-none-eabi/11.2.1/thumb/v6-m/nofp\libg.a(lib_a-realloc.o)
                              CMakeFiles/adc_board_test.dir/C_/development/pico/pico-sdk/src/rp2_common/pico_malloc/pico_malloc.c.obj (realloc)
c:/progra~2/armgnu~1/112202~1.02/bin/../lib/gcc/arm-none-eabi/11.2.1/thumb/v6-m/nofp\libg.a(lib_a-reallocr.o)
                              c:/progra~2/armgnu~1/112202~1.02/bin/../lib/gcc/arm-none-eabi/11.2.1/thumb/v6-m/nofp\libg.a(lib_a-realloc.o) (_realloc_r)
c:/progra~2/armgnu~1/112202~1.02/bin/../lib/gcc/arm-none-eabi/11.2.1/thumb/v6-m/nofp\libg.a(lib_a-sbrkr.o)
                              c:/progra~2/armgnu~1/112202~1.02/bin/../lib/gcc/arm-none-eabi/11.2.1/thumb/v6-m/nofp\libg.a(lib_a-mallocr.o) (_sbrk_r)
c:/progra~2/armgnu~1/112202~1.02/bin/../lib/gcc/arm-none-eabi/11.2.1/thumb/v6-m/nofp\libg.a(lib_a-sscanf.o)
                              CMakeFiles/adc_board_test.dir/main.cpp.obj (sscanf)
c:/progra~2/armgnu~1/112202~1.02/bin/../lib/gcc/arm-none-eabi/11.2.1/thumb/v6-m/nofp\libg.a(lib_a-stdio.o)
                              c:/progra~2/armgnu~1/112202~1.02/bin/../lib/gcc/arm-none-eabi/11.2.1/thumb/v6-m/nofp\libg.a(lib_a-sscanf.o) (__seofread)
c:/progra~2/armgnu~1/112202~1.02/bin/../lib/gcc/arm-none-eabi/11.2.1/thumb/v6-m/nofp\libg.a(lib_a-strlen-stub.o)
                              CMakeFiles/adc_board_test.dir/C_/development/pico/pico-sdk/src/rp2_common/pico_stdio/stdio.c.obj (strlen)
c:/progra~2/armgnu~1/112202~1.02/bin/../lib/gcc/arm-none-eabi/11.2.1/thumb/v6-m/nofp\libg.a(lib_a-svfscanf.o)
                              c:/progra~2/armgnu~1/112202~1.02/bin/../lib/gcc/arm-none-eabi/11.2.1/thumb/v6-m/nofp\libg.a(lib_a-sscanf.o) (__ssvfscanf_r)
c:/progra~2/armgnu~1/112202~1.02/bin/../lib/gcc/arm-none-eabi/11.2.1/thumb/v6-m/nofp\libg.a(lib_a-writer.o)
                              c:/progra~2/armgnu~1/112202~1.02/bin/../lib/gcc/arm-none-eabi/11.2.1/thumb/v6-m/nofp\libg.a(lib_a-stdio.o) (_write_r)
c:/progra~2/armgnu~1/112202~1.02/bin/../lib/gcc/arm-none-eabi/11.2.1/thumb/v6-m/nofp\libg.a(lib_a-closer.o)
                              c:/progra~2/armgnu~1/112202~1.02/bin/../lib/gcc/arm-none-eabi/11.2.1/thumb/v6-m/nofp\libg.a(lib_a-stdio.o) (_close_r)
c:/progra~2/armgnu~1/112202~1.02/bin/../lib/gcc/arm-none-eabi/11.2.1/thumb/v6-m/nofp\libg.a(lib_a-ctype_.o)
                              c:/progra~2/armgnu~1/112202~1.02/bin/../lib/gcc/arm-none-eabi/11.2.1/thumb/v6-m/nofp\libg.a(lib_a-svfscanf.o) (_ctype_)
c:/progra~2/armgnu~1/112202~1.02/bin/../lib/gcc/arm-none-eabi/11.2.1/thumb/v6-m/nofp\libg.a(lib_a-freer.o)
[...]
Memory Configuration

Name             Origin             Length             Attributes
FLASH            0x10000000         0x00200000         xr
RAM              0x20000000         0x00040000         xrw
SCRATCH_X        0x20040000         0x00001000         xrw
SCRATCH_Y        0x20041000         0x00001000         xrw
*default*        0x00000000         0xffffffff

Linker script and memory map

LOAD c:/progra~2/armgnu~1/112202~1.02/bin/../lib/gcc/arm-none-eabi/11.2.1/thumb/v6-m/nofp/crti.o
LOAD c:/progra~2/armgnu~1/112202~1.02/bin/../lib/gcc/arm-none-eabi/11.2.1/thumb/v6-m/nofp/crtbegin.o
LOAD c:/progra~2/armgnu~1/112202~1.02/bin/../lib/gcc/arm-none-eabi/11.2.1/thumb/v6-m/nofp/crt0.o

.flash_begin    0x10000000        0x0
                0x10000000                __flash_binary_start = .

.boot2          0x10000000      0x100
                0x10000000                __boot2_start__ = .
 *(.boot2)
 .boot2         0x10000000      0x100 C:\Users\shabaz\AppData\Local\Temp\ccucQt0r.o
                0x10000100                __boot2_end__ = .
                0x00000001                ASSERT (((__boot2_end__ - __boot2_start__) == 0x100), ERROR: Pico second stage bootloader must be 256 bytes in size)

.text           0x10000100     0xd068
                0x10000100                __logical_binary_start = .
 *(.vectors)
 .vectors       0x10000100       0xd4 CMakeFiles/adc_board_test.dir/C_/development/pico/pico-sdk/src/rp2_common/pico_standard_link/crt0.S.obj
                0x10000100                __VECTOR_TABLE
                0x10000100                __vectors
                0x100001c0                isr_invalid
                0x100001c0                __default_isrs_start
                0x100001c2                isr_nmi
                0x100001c4                isr_hardfault
                0x100001c6                isr_svcall
                0x100001c8                isr_pendsv
                0x100001ca                isr_systick
                0x100001cc                isr_irq23
                0x100001cc                isr_irq18
                0x100001cc                isr_irq11
                0x100001cc                isr_irq28
                0x100001cc                isr_irq19
                0x100001cc                isr_irq0
                0x100001cc                isr_irq6
                0x100001cc                isr_irq5
                0x100001cc                isr_irq12
                0x100001cc                isr_irq22
                0x100001cc                isr_irq31
                0x100001cc                isr_irq17
                0x100001cc                isr_irq27
                0x100001cc                isr_irq30
                0x100001cc                isr_irq2
                0x100001cc                isr_irq10
                0x100001cc                isr_irq8
                0x100001cc                isr_irq24
                0x100001cc                isr_irq1
                0x100001cc                isr_irq7
                0x100001cc                isr_irq21
                0x100001cc                isr_irq20
                0x100001cc                isr_irq15
                0x100001cc                isr_irq25
                0x100001cc                isr_irq13
                0x100001cc                __unhandled_user_irq
                0x100001cc                isr_irq4
                0x100001cc                isr_irq16
                0x100001cc                isr_irq29
                0x100001cc                isr_irq26
                0x100001cc                __default_isrs_end
                0x100001cc                isr_irq3
                0x100001cc                isr_irq14
                0x100001cc                isr_irq9
                0x100001d2                unhandled_user_irq_num_in_r0
 *(.binary_info_header)
 .binary_info_header
                0x100001d4       0x14 CMakeFiles/adc_board_test.dir/C_/development/pico/pico-sdk/src/rp2_common/pico_standard_link/crt0.S.obj
                0x100001e8                __binary_info_header_end = .
 *(.reset)
 .reset         0x100001e8       0xa0 CMakeFiles/adc_board_test.dir/C_/development/pico/pico-sdk/src/rp2_common/pico_standard_link/crt0.S.obj
                0x100001e8                _entry_point
 .reset         0x10000288       0x30 CMakeFiles/adc_board_test.dir/C_/development/pico/pico-sdk/src/rp2_common/pico_standard_link/binary_info.c.obj
 *(.init)
 .init          0x100002b8        0x4 c:/progra~2/armgnu~1/112202~1.02/bin/../lib/gcc/arm-none-eabi/11.2.1/thumb/v6-m/nofp/crti.o
                0x100002b8                _init
 *(EXCLUDE_FILE(*libm.a: *libc.a:*lib_a-mem*.o *libgcc.a:) .text*)
 .text.register_tm_clones
                0x100002bc       0x28 c:/progra~2/armgnu~1/112202~1.02/bin/../lib/gcc/arm-none-eabi/11.2.1/thumb/v6-m/nofp/crtbegin.o
 .text.frame_dummy
                0x100002e4       0x24 c:/progra~2/armgnu~1/112202~1.02/bin/../lib/gcc/arm-none-eabi/11.2.1/thumb/v6-m/nofp/crtbegin.o
 .text._Z11print_titlev
                0x10000308       0x2c CMakeFiles/adc_board_test.dir/main.cpp.obj
                0x10000308                _Z11print_titlev
 .text._Z18check_for_keypressv
                0x10000334       0x16 CMakeFiles/adc_board_test.dir/main.cpp.obj
                0x10000334                _Z18check_for_keypressv
 *fill*         0x1000034a        0x2 
 .text._Z21wait_for_string_entryPci
                0x1000034c       0x78 CMakeFiles/adc_board_test.dir/main.cpp.obj
                0x1000034c                _Z21wait_for_string_entryPci
 .text._Z15wait_byte_entryv
                0x100003c4       0x3c CMakeFiles/adc_board_test.dir/main.cpp.obj
                0x100003c4                _Z15wait_byte_entryv
 .text._Z17wait_double_entryv
                0x10000400       0x30 CMakeFiles/adc_board_test.dir/main.cpp.obj
                0x10000400                _Z17wait_double_entryv
 .text._Z16wait_float_entryv
                0x10000430       0x28 CMakeFiles/adc_board_test.dir/main.cpp.obj
                0x10000430                _Z16wait_float_entryv
 .text._Z15build_data_ratehh
                0x10000458       0x34 CMakeFiles/adc_board_test.dir/main.cpp.obj
                0x10000458                _Z15build_data_ratehh
 .text._Z10build_gainhhh
                0x1000048c       0x54 CMakeFiles/adc_board_test.dir/main.cpp.obj
                0x1000048c                _Z10build_gainhhh
 .text._Z11adc_set_muxhhh
                0x100004e0       0x90 CMakeFiles/adc_board_test.dir/main.cpp.obj
                0x100004e0                _Z11adc_set_muxhhh
 .text._Z19adc_raw_diff_resulth
                0x10000570       0x58 CMakeFiles/adc_board_test.dir/main.cpp.obj
                0x10000570                _Z19adc_raw_diff_resulth
 .text._Z8to_voltshhs
                0x100005c8       0x4c CMakeFiles/adc_board_test.dir/main.cpp.obj
                0x100005c8                _Z8to_voltshhs
 .text._Z8adc_initv
                0x10000614       0xb4 CMakeFiles/adc_board_test.dir/main.cpp.obj
                0x10000614                _Z8adc_initv
 .text._Z17eeprom_byte_writehhh
                0x100006c8       0x2c CMakeFiles/adc_board_test.dir/main.cpp.obj
                0x100006c8                _Z17eeprom_byte_writehhh
 .text._Z19eeprom_write_doublehhd
                0x100006f4       0x3c CMakeFiles/adc_board_test.dir/main.cpp.obj
                0x100006f4                _Z19eeprom_write_doublehhd
 .text._Z18eeprom_write_floathhf
                0x10000730       0x38 CMakeFiles/adc_board_test.dir/main.cpp.obj
                0x10000730                _Z18eeprom_write_floathhf
 .text._Z17eeprom_page_writehhPhh
                0x10000768       0x3c CMakeFiles/adc_board_test.dir/main.cpp.obj
                0x10000768                _Z17eeprom_page_writehhPhh
 .text._Z16eeprom_byte_readhh
                0x100007a4       0x38 CMakeFiles/adc_board_test.dir/main.cpp.obj
                0x100007a4                _Z16eeprom_byte_readhh
 .text._Z18eeprom_read_doublehh
                0x100007dc       0x38 CMakeFiles/adc_board_test.dir/main.cpp.obj
                0x100007dc                _Z18eeprom_read_doublehh
 .text._Z17eeprom_read_floathh
                0x10000814       0x34 CMakeFiles/adc_board_test.dir/main.cpp.obj
                0x10000814                _Z17eeprom_read_floathh
 .text._Z22cfg_quick_sanity_checkhh
                0x10000848      0x1e8 CMakeFiles/adc_board_test.dir/main.cpp.obj
                0x10000848                _Z22cfg_quick_sanity_checkhh
 .text._Z14print_cfg_menuv
                0x10000a30      0x10c CMakeFiles/adc_board_test.dir/main.cpp.obj
                0x10000a30                _Z14print_cfg_menuv
 .text._Z14eeprom_zeroiseh
                0x10000b3c       0x34 CMakeFiles/adc_board_test.dir/main.cpp.obj
                0x10000b3c                _Z14eeprom_zeroiseh
 .text._Z8cfg_menuv
                0x10000b70      0x1ec CMakeFiles/adc_board_test.dir/main.cpp.obj
                0x10000b70                _Z8cfg_menuv
 .text._Z19startup_button_scanv
                0x10000d5c       0x48 CMakeFiles/adc_board_test.dir/main.cpp.obj
                0x10000d5c                _Z19startup_button_scanv
 .text._Z21startup_button_actionh
                0x10000da4       0x10 CMakeFiles/adc_board_test.dir/main.cpp.obj
                0x10000da4                _Z21startup_button_actionh
 .text._Z10board_initv
                0x10000db4       0x84 CMakeFiles/adc_board_test.dir/main.cpp.obj
                0x10000db4                _Z10board_initv
 .text.main     0x10000e38      0x120 CMakeFiles/adc_board_test.dir/main.cpp.obj
                0x10000e38                main
 .text.gpio_set_function
                0x10000f58       0x30 CMakeFiles/adc_board_test.dir/C_/development/pico/pico-sdk/src/rp2_common/hardware_gpio/gpio.c.obj
                0x10000f58                gpio_set_function
 .text.gpio_set_pulls
                0x10000f88       0x34 CMakeFiles/adc_board_test.dir/C_/development/pico/pico-sdk/src/rp2_common/hardware_gpio/gpio.c.obj
                0x10000f88                gpio_set_pulls
 .text.gpio_init
                0x10000fbc       0x16 CMakeFiles/adc_board_test.dir/C_/development/pico/pico-sdk/src/rp2_common/hardware_gpio/gpio.c.obj
                0x10000fbc                gpio_init
 *fill*         0x10000fd2        0x2 
 .text.running_on_fpga
                0x10000fd4       0x14 CMakeFiles/adc_board_test.dir/C_/development/pico/pico-sdk/src/rp2_common/pico_platform/platform.c.obj
                0x10000fd4                running_on_fpga
 .text.hw_claim_lock
                0x10000fe8       0x18 CMakeFiles/adc_board_test.dir/C_/development/pico/pico-sdk/src/rp2_common/hardware_claim/claim.c.obj
                0x10000fe8                hw_claim_lock
 .text.hw_claim_unlock
                0x10001000       0x14 CMakeFiles/adc_board_test.dir/C_/development/pico/pico-sdk/src/rp2_common/hardware_claim/claim.c.obj
                0x10001000                hw_claim_unlock
 .text.hw_claim_or_assert
                0x10001014       0x32 CMakeFiles/adc_board_test.dir/C_/development/pico/pico-sdk/src/rp2_common/hardware_claim/claim.c.obj
                0x10001014                hw_claim_or_assert
 .text.hw_claim_unused_from_range
                0x10001046       0x50 CMakeFiles/adc_board_test.dir/C_/development/pico/pico-sdk/src/rp2_common/hardware_claim/claim.c.obj
                0x10001046                hw_claim_unused_from_range
 *fill*         0x10001096        0x2 
 .text.spin_locks_reset
                0x10001098       0x20 CMakeFiles/adc_board_test.dir/C_/development/pico/pico-sdk/src/rp2_common/hardware_sync/sync.c.obj
                0x10001098                spin_locks_reset
 .text.next_striped_spin_lock_num
                0x100010b8       0x1c CMakeFiles/adc_board_test.dir/C_/development/pico/pico-sdk/src/rp2_common/hardware_sync/sync.c.obj
                0x100010b8                next_striped_spin_lock_num
 .text.spin_lock_claim_unused
                0x100010d4       0x24 CMakeFiles/adc_board_test.dir/C_/development/pico/pico-sdk/src/rp2_common/hardware_sync/sync.c.obj
                0x100010d4                spin_lock_claim_unused
 .text.set_raw_irq_handler_and_unlock
                0x100010f8       0x28 CMakeFiles/adc_board_test.dir/C_/development/pico/pico-sdk/src/rp2_common/hardware_irq/irq.c.obj
 .text.make_branch
                0x10001120       0x48 CMakeFiles/adc_board_test.dir/C_/development/pico/pico-sdk/src/rp2_common/hardware_irq/irq.c.obj
 .text.insert_branch_and_link
                0x10001168       0x40 CMakeFiles/adc_board_test.dir/C_/development/pico/pico-sdk/src/rp2_common/hardware_irq/irq.c.obj
 .text.irq_is_enabled
                0x100011a8       0x18 CMakeFiles/adc_board_test.dir/C_/development/pico/pico-sdk/src/rp2_common/hardware_irq/irq.c.obj
                0x100011a8                irq_is_enabled
 .text.irq_set_mask_enabled
                0x100011c0       0x20 CMakeFiles/adc_board_test.dir/C_/development/pico/pico-sdk/src/rp2_common/hardware_irq/irq.c.obj
                0x100011c0                irq_set_mask_enabled
 .text.irq_set_enabled
                0x100011e0        0xe CMakeFiles/adc_board_test.dir/C_/development/pico/pico-sdk/src/rp2_common/hardware_irq/irq.c.obj
                0x100011e0                irq_set_enabled
 *fill*         0x100011ee        0x2 
 .text.irq_set_pending
                0x100011f0       0x10 CMakeFiles/adc_board_test.dir/C_/development/pico/pico-sdk/src/rp2_common/hardware_irq/irq.c.obj
                0x100011f0                irq_set_pending
 .text.irq_get_vtable_handler
                0x10001200       0x10 CMakeFiles/adc_board_test.dir/C_/development/pico/pico-sdk/src/rp2_common/hardware_irq/irq.c.obj
                0x10001200                irq_get_vtable_handler
 .text.irq_has_shared_handler
                0x10001210       0x24 CMakeFiles/adc_board_test.dir/C_/development/pico/pico-sdk/src/rp2_common/hardware_irq/irq.c.obj
                0x10001210                irq_has_shared_handler
 .text.irq_set_exclusive_handler
                0x10001234       0x54 CMakeFiles/adc_board_test.dir/C_/development/pico/pico-sdk/src/rp2_common/hardware_irq/irq.c.obj
                0x10001234                irq_set_exclusive_handler
 .text.irq_add_shared_handler
                0x10001288      0x230 CMakeFiles/adc_board_test.dir/C_/development/pico/pico-sdk/src/rp2_common/hardware_irq/irq.c.obj
                0x10001288                irq_add_shared_handler
 .text.irq_remove_handler
                0x100014b8      0x1a8 CMakeFiles/adc_board_test.dir/C_/development/pico/pico-sdk/src/rp2_common/hardware_irq/irq.c.obj
                0x100014b8                irq_remove_handler
 .text.irq_add_tail_to_free_list
                0x10001660       0xf0 CMakeFiles/adc_board_test.dir/C_/development/pico/pico-sdk/src/rp2_common/hardware_irq/irq.c.obj
                0x10001660                irq_add_tail_to_free_list
 .text.irq_init_priorities
                0x10001750       0x1c CMakeFiles/adc_board_test.dir/C_/development/pico/pico-sdk/src/rp2_common/hardware_irq/irq.c.obj
                0x10001750                irq_init_priorities
 .text.user_irq_claim_unused
                0x1000176c       0x2c CMakeFiles/adc_board_test.dir/C_/development/pico/pico-sdk/src/rp2_common/hardware_irq/irq.c.obj
                0x1000176c                user_irq_claim_unused
 .text.lock_init
                0x10001798       0x10 CMakeFiles/adc_board_test.dir/C_/development/pico/pico-sdk/src/common/pico_sync/lock_core.c.obj
                0x10001798                lock_init
 .text.mutex_init
                0x100017a8       0x1a CMakeFiles/adc_board_test.dir/C_/development/pico/pico-sdk/src/common/pico_sync/mutex.c.obj
                0x100017a8                mutex_init
 .text.recursive_mutex_init
                0x100017c2       0x1e CMakeFiles/adc_board_test.dir/C_/development/pico/pico-sdk/src/common/pico_sync/mutex.c.obj
                0x100017c2                recursive_mutex_init
 .text.critical_section_init_with_lock_num
                0x100017e0       0x14 CMakeFiles/adc_board_test.dir/C_/development/pico/pico-sdk/src/common/pico_sync/critical_section.c.obj
                0x100017e0                critical_section_init_with_lock_num
 .text.critical_section_init
                0x100017f4       0x14 CMakeFiles/adc_board_test.dir/C_/development/pico/pico-sdk/src/common/pico_sync/critical_section.c.obj
                0x100017f4                critical_section_init
 .text.alarm_pool_post_alloc_init
                0x10001808       0x40 CMakeFiles/adc_board_test.dir/C_/development/pico/pico-sdk/src/common/pico_time/time.c.obj
 .text.sleep_until_callback
                0x10001848       0x30 CMakeFiles/adc_board_test.dir/C_/development/pico/pico-sdk/src/common/pico_time/time.c.obj
 .text.timer_pool_entry_comparator
                0x10001878       0x78 CMakeFiles/adc_board_test.dir/C_/development/pico/pico-sdk/src/common/pico_time/time.c.obj
                0x10001878                timer_pool_entry_comparator
 .text.ph_add_child_node
                0x100018f0       0xa0 CMakeFiles/adc_board_test.dir/C_/development/pico/pico-sdk/src/common/pico_time/time.c.obj
 .text.ph_merge_nodes
                0x10001990       0x3e CMakeFiles/adc_board_test.dir/C_/development/pico/pico-sdk/src/common/pico_time/time.c.obj
 *fill*         0x100019ce        0x2 
 .text.add_alarm_under_lock
                0x100019d0      0x16c CMakeFiles/adc_board_test.dir/C_/development/pico/pico-sdk/src/common/pico_time/time.c.obj
 .text.alarm_pool_alarm_callback
                0x10001b3c      0x33c CMakeFiles/adc_board_test.dir/C_/development/pico/pico-sdk/src/common/pico_time/time.c.obj
 .text.alarm_pool_init_default
                0x10001e78       0x40 CMakeFiles/adc_board_test.dir/C_/development/pico/pico-sdk/src/common/pico_time/time.c.obj
                0x10001e78                alarm_pool_init_default
 .text.alarm_pool_get_default
                0x10001eb8       0x2c CMakeFiles/adc_board_test.dir/C_/development/pico/pico-sdk/src/common/pico_time/time.c.obj
                0x10001eb8                alarm_pool_get_default
 .text.alarm_pool_add_alarm_at
                0x10001ee4      0x16c CMakeFiles/adc_board_test.dir/C_/development/pico/pico-sdk/src/common/pico_time/time.c.obj
                0x10001ee4                alarm_pool_add_alarm_at
 .text.alarm_pool_cancel_alarm
                0x10002050       0xec CMakeFiles/adc_board_test.dir/C_/development/pico/pico-sdk/src/common/pico_time/time.c.obj
                0x10002050                alarm_pool_cancel_alarm
 .text.alarm_pool_core_num
                0x1000213c        0x4 CMakeFiles/adc_board_test.dir/C_/development/pico/pico-sdk/src/common/pico_time/time.c.obj
                0x1000213c                alarm_pool_core_num
 .text.sleep_until
                0x10002140       0xfc CMakeFiles/adc_board_test.dir/C_/development/pico/pico-sdk/src/common/pico_time/time.c.obj
                0x10002140                sleep_until
 .text.sleep_us
                0x1000223c       0x58 CMakeFiles/adc_board_test.dir/C_/development/pico/pico-sdk/src/common/pico_time/time.c.obj
                0x1000223c                sleep_us
 .text.sleep_ms
                0x10002294       0x14 CMakeFiles/adc_board_test.dir/C_/development/pico/pico-sdk/src/common/pico_time/time.c.obj
                0x10002294                sleep_ms
 .text.best_effort_wfe_or_timeout
                0x100022a8       0xac CMakeFiles/adc_board_test.dir/C_/development/pico/pico-sdk/src/common/pico_time/time.c.obj
                0x100022a8                best_effort_wfe_or_timeout
 .text.hardware_alarm_irq_handler
                0x10002354       0x8c CMakeFiles/adc_board_test.dir/C_/development/pico/pico-sdk/src/rp2_common/hardware_timer/timer.c.obj
 .text.hardware_alarm_claim
                0x100023e0       0x18 CMakeFiles/adc_board_test.dir/C_/development/pico/pico-sdk/src/rp2_common/hardware_timer/timer.c.obj
                0x100023e0                hardware_alarm_claim
 .text.time_us_64
                0x100023f8       0x18 CMakeFiles/adc_board_test.dir/C_/development/pico/pico-sdk/src/rp2_common/hardware_timer/timer.c.obj
                0x100023f8                time_us_64
 .text.busy_wait_until
                0x10002410       0x28 CMakeFiles/adc_board_test.dir/C_/development/pico/pico-sdk/src/rp2_common/hardware_timer/timer.c.obj
                0x10002410                busy_wait_until
 .text.busy_wait_us
                0x10002438       0x48 CMakeFiles/adc_board_test.dir/C_/development/pico/pico-sdk/src/rp2_common/hardware_timer/timer.c.obj
                0x10002438                busy_wait_us
 .text.hardware_alarm_set_callback
                0x10002480       0x90 CMakeFiles/adc_board_test.dir/C_/development/pico/pico-sdk/src/rp2_common/hardware_timer/timer.c.obj
                0x10002480                hardware_alarm_set_callback
 .text.hardware_alarm_set_target
                0x10002510       0xe8 CMakeFiles/adc_board_test.dir/C_/development/pico/pico-sdk/src/rp2_common/hardware_timer/timer.c.obj
                0x10002510                hardware_alarm_set_target
 .text.hardware_alarm_cancel
                0x100025f8       0x40 CMakeFiles/adc_board_test.dir/C_/development/pico/pico-sdk/src/rp2_common/hardware_timer/timer.c.obj
                0x100025f8                hardware_alarm_cancel
 .text.ph_add_child_node
                0x10002638       0xa0 CMakeFiles/adc_board_test.dir/C_/development/pico/pico-sdk/src/common/pico_util/pheap.c.obj
 .text.ph_merge_nodes
                0x100026d8       0x3e CMakeFiles/adc_board_test.dir/C_/development/pico/pico-sdk/src/common/pico_util/pheap.c.obj
 *fill*         0x10002716        0x2 
 .text.ph_clear
                0x10002718       0x70 CMakeFiles/adc_board_test.dir/C_/development/pico/pico-sdk/src/common/pico_util/pheap.c.obj
                0x10002718                ph_clear
 .text.ph_post_alloc_init
                0x10002788        0xe CMakeFiles/adc_board_test.dir/C_/development/pico/pico-sdk/src/common/pico_util/pheap.c.obj
                0x10002788                ph_post_alloc_init
 *fill*         0x10002796        0x2 
 .text.ph_merge_two_pass
                0x10002798       0xa4 CMakeFiles/adc_board_test.dir/C_/development/pico/pico-sdk/src/common/pico_util/pheap.c.obj
                0x10002798                ph_merge_two_pass
 .text.ph_remove_any_head
                0x1000283c      0x120 CMakeFiles/adc_board_test.dir/C_/development/pico/pico-sdk/src/common/pico_util/pheap.c.obj
 .text.ph_remove_head
                0x1000295c       0x14 CMakeFiles/adc_board_test.dir/C_/development/pico/pico-sdk/src/common/pico_util/pheap.c.obj
                0x1000295c                ph_remove_head
 .text.ph_remove_and_free_node
                0x10002970       0xf8 CMakeFiles/adc_board_test.dir/C_/development/pico/pico-sdk/src/common/pico_util/pheap.c.obj
                0x10002970                ph_remove_and_free_node
 .text.clock_configure
                0x10002a68      0x104 CMakeFiles/adc_board_test.dir/C_/development/pico/pico-sdk/src/rp2_common/hardware_clocks/clocks.c.obj
                0x10002a68                clock_configure
 .text.clocks_init
                0x10002b6c      0x100 CMakeFiles/adc_board_test.dir/C_/development/pico/pico-sdk/src/rp2_common/hardware_clocks/clocks.c.obj
                0x10002b6c                clocks_init
 .text.clock_get_hz
                0x10002c6c        0xc CMakeFiles/adc_board_test.dir/C_/development/pico/pico-sdk/src/rp2_common/hardware_clocks/clocks.c.obj
                0x10002c6c                clock_get_hz
 .text.pll_init
                0x10002c78      0x12c CMakeFiles/adc_board_test.dir/C_/development/pico/pico-sdk/src/rp2_common/hardware_pll/pll.c.obj
                0x10002c78                pll_init
 .text.watchdog_start_tick
                0x10002da4       0x10 CMakeFiles/adc_board_test.dir/C_/development/pico/pico-sdk/src/rp2_common/hardware_watchdog/watchdog.c.obj
                0x10002da4                watchdog_start_tick
 .text.watchdog_update
                0x10002db4       0x14 CMakeFiles/adc_board_test.dir/C_/development/pico/pico-sdk/src/rp2_common/hardware_watchdog/watchdog.c.obj
                0x10002db4                watchdog_update
 .text._watchdog_enable
                0x10002dc8       0x78 CMakeFiles/adc_board_test.dir/C_/development/pico/pico-sdk/src/rp2_common/hardware_watchdog/watchdog.c.obj
                0x10002dc8                _watchdog_enable
 .text.watchdog_reboot
                0x10002e40       0x48 CMakeFiles/adc_board_test.dir/C_/development/pico/pico-sdk/src/rp2_common/hardware_watchdog/watchdog.c.obj
                0x10002e40                watchdog_reboot
 .text.xosc_init
                0x10002e88       0x28 CMakeFiles/adc_board_test.dir/C_/development/pico/pico-sdk/src/rp2_common/hardware_xosc/xosc.c.obj
                0x10002e88                xosc_init
 .text._exit    0x10002eb0        0x4 CMakeFiles/adc_board_test.dir/C_/development/pico/pico-sdk/src/rp2_common/pico_runtime/runtime.c.obj
                0x10002eb0                _exit
 .text._sbrk    0x10002eb4       0x38 CMakeFiles/adc_board_test.dir/C_/development/pico/pico-sdk/src/rp2_common/pico_runtime/runtime.c.obj
                0x10002eb4                _sbrk
 .text.exit     0x10002eec        0x6 CMakeFiles/adc_board_test.dir/C_/development/pico/pico-sdk/src/rp2_common/pico_runtime/runtime.c.obj
                0x10002eec                exit
 *fill*         0x10002ef2        0x2 
 .text.__assert_func
                0x10002ef4       0x3c CMakeFiles/adc_board_test.dir/C_/development/pico/pico-sdk/src/rp2_common/pico_runtime/runtime.c.obj
                0x10002ef4                __assert_func
 .text.runtime_init
                0x10002f30       0xf8 CMakeFiles/adc_board_test.dir/C_/development/pico/pico-sdk/src/rp2_common/pico_runtime/runtime.c.obj
                0x10002f30                runtime_init
 .text.panic    0x10003028       0x30 CMakeFiles/adc_board_test.dir/C_/development/pico/pico-sdk/src/rp2_common/pico_runtime/runtime.c.obj
                0x10003028                panic
 .text._out_buffer
                0x10003058        0x8 CMakeFiles/adc_board_test.dir/C_/development/pico/pico-sdk/src/rp2_common/pico_printf/printf.c.obj
 .text._out_null
                0x10003060        0x2 CMakeFiles/adc_board_test.dir/C_/development/pico/pico-sdk/src/rp2_common/pico_printf/printf.c.obj
 .text._out_fct
                0x10003062        0xe CMakeFiles/adc_board_test.dir/C_/development/pico/pico-sdk/src/rp2_common/pico_printf/printf.c.obj
 .text._atoi    0x10003070       0x24 CMakeFiles/adc_board_test.dir/C_/development/pico/pico-sdk/src/rp2_common/pico_printf/printf.c.obj
 .text._out_rev
                0x10003094       0xae CMakeFiles/adc_board_test.dir/C_/development/pico/pico-sdk/src/rp2_common/pico_printf/printf.c.obj
 .text._ntoa_format
                0x10003142      0x112 CMakeFiles/adc_board_test.dir/C_/development/pico/pico-sdk/src/rp2_common/pico_printf/printf.c.obj
 .text._ntoa_long
                0x10003254       0xbc CMakeFiles/adc_board_test.dir/C_/development/pico/pico-sdk/src/rp2_common/pico_printf/printf.c.obj
 .text._ntoa_long_long
                0x10003310       0xe2 CMakeFiles/adc_board_test.dir/C_/development/pico/pico-sdk/src/rp2_common/pico_printf/printf.c.obj
 *fill*         0x100033f2        0x2 
 .text._etoa    0x100033f4      0x414 CMakeFiles/adc_board_test.dir/C_/development/pico/pico-sdk/src/rp2_common/pico_printf/printf.c.obj
 .text._ftoa    0x10003808      0x354 CMakeFiles/adc_board_test.dir/C_/development/pico/pico-sdk/src/rp2_common/pico_printf/printf.c.obj
 .text._vsnprintf
                0x10003b5c      0x650 CMakeFiles/adc_board_test.dir/C_/development/pico/pico-sdk/src/rp2_common/pico_printf/printf.c.obj
 .text.__wrap_sprintf
                0x100041ac       0x2c CMakeFiles/adc_board_test.dir/C_/development/pico/pico-sdk/src/rp2_common/pico_printf/printf.c.obj
                0x100041ac                __wrap_sprintf
 .text.vfctprintf
                0x100041d8       0x20 CMakeFiles/adc_board_test.dir/C_/development/pico/pico-sdk/src/rp2_common/pico_printf/printf.c.obj
                0x100041d8                vfctprintf
 .text          0x100041f8       0x10 CMakeFiles/adc_board_test.dir/C_/development/pico/pico-sdk/src/rp2_common/pico_bit_ops/bit_ops_aeabi.S.obj
 .text.rom_func_lookup
                0x10004208       0x10 CMakeFiles/adc_board_test.dir/C_/development/pico/pico-sdk/src/rp2_common/pico_bootrom/bootrom.c.obj
                0x10004208                rom_func_lookup
 .text.rom_data_lookup
                0x10004218       0x10 CMakeFiles/adc_board_test.dir/C_/development/pico/pico-sdk/src/rp2_common/pico_bootrom/bootrom.c.obj
                0x10004218                rom_data_lookup
 .text.rom_funcs_lookup
                0x10004228       0x36 CMakeFiles/adc_board_test.dir/C_/development/pico/pico-sdk/src/rp2_common/pico_bootrom/bootrom.c.obj
                0x10004228                rom_funcs_lookup
 *fill*         0x1000425e        0x2 
 .text.__wrap___aeabi_idiv
                0x10004260       0x50 CMakeFiles/adc_board_test.dir/C_/development/pico/pico-sdk/src/rp2_common/pico_divider/divider.S.obj
                0x10004260                __wrap___aeabi_idivmod
                0x10004260                divmod_s32s32
                0x10004260                div_s32s32
                0x10004260                __wrap___aeabi_idiv
                0x10004268                divmod_s32s32_unsafe
                0x10004294                divmod_s32s32_savestate
 .text.__wrap___aeabi_uidiv
                0x100042b0       0x4c CMakeFiles/adc_board_test.dir/C_/development/pico/pico-sdk/src/rp2_common/pico_divider/divider.S.obj
                0x100042b0                __wrap___aeabi_uidiv
                0x100042b0                __wrap___aeabi_uidivmod
                0x100042b0                div_u32u32
                0x100042b0                divmod_u32u32
                0x100042b8                divmod_u32u32_unsafe
                0x100042e0                divmod_u32u32_savestate
 .text.__wrap___aeabi_ldiv
                0x100042fc      0x424 CMakeFiles/adc_board_test.dir/C_/development/pico/pico-sdk/src/rp2_common/pico_divider/divider.S.obj
                0x100042fc                div_s64s64
                0x100042fc                divmod_s64s64
                0x100042fc                __wrap___aeabi_ldivmod
                0x1000432c                divmod_u64u64
                0x1000432c                div_u64u64
                0x1000432c                __wrap___aeabi_uldivmod
                0x1000433c                divmod_u64u64_savestate
                0x1000435c                divmod_s64s64_unsafe
                0x100043e4                divmod_u64u64_unsafe
 .text.__wrap___aeabi_darithmetic
                0x10004720       0x60 CMakeFiles/adc_board_test.dir/C_/development/pico/pico-sdk/src/rp2_common/pico_double/double_aeabi.S.obj
                0x10004720                __wrap___aeabi_drsub
                0x10004726                __wrap___aeabi_dsub
                0x10004730                __wrap___aeabi_dadd
                0x1000473a                __wrap___aeabi_ddiv
                0x1000476e                __wrap___aeabi_dmul
 .text.__wrap___aeabi_cdcmple
                0x10004780       0x6c CMakeFiles/adc_board_test.dir/C_/development/pico/pico-sdk/src/rp2_common/pico_double/double_aeabi.S.obj
                0x10004780                __wrap___aeabi_cdrcmple
                0x10004790                __wrap___aeabi_cdcmpeq
                0x10004790                __wrap___aeabi_cdcmple
 .text.__wrap___aeabi_dcmpeq
                0x100047ec       0x10 CMakeFiles/adc_board_test.dir/C_/development/pico/pico-sdk/src/rp2_common/pico_double/double_aeabi.S.obj
                0x100047ec                __wrap___aeabi_dcmpeq
 .text.__wrap___aeabi_dcmplt
                0x100047fc        0xc CMakeFiles/adc_board_test.dir/C_/development/pico/pico-sdk/src/rp2_common/pico_double/double_aeabi.S.obj
                0x100047fc                __wrap___aeabi_dcmplt
 .text.__wrap___aeabi_dcmple
                0x10004808       0x10 CMakeFiles/adc_board_test.dir/C_/development/pico/pico-sdk/src/rp2_common/pico_double/double_aeabi.S.obj
                0x10004808                __wrap___aeabi_dcmple
 .text.__wrap___aeabi_dcmpge
                0x10004818       0x10 CMakeFiles/adc_board_test.dir/C_/development/pico/pico-sdk/src/rp2_common/pico_double/double_aeabi.S.obj
                0x10004818                __wrap___aeabi_dcmpge
 .text.__wrap___aeabi_dcmpgt
                0x10004828        0xa CMakeFiles/adc_board_test.dir/C_/development/pico/pico-sdk/src/rp2_common/pico_double/double_aeabi.S.obj
                0x10004828                __wrap___aeabi_dcmpgt
 .text.__wrap___aeabi_dcmpun
                0x10004832       0x1c CMakeFiles/adc_board_test.dir/C_/development/pico/pico-sdk/src/rp2_common/pico_double/double_aeabi.S.obj
                0x10004832                __wrap___aeabi_dcmpun
 *fill*         0x1000484e        0x2 
 .text.__wrap___aeabi_i2d
                0x10004850       0x38 CMakeFiles/adc_board_test.dir/C_/development/pico/pico-sdk/src/rp2_common/pico_double/double_aeabi.S.obj
                0x10004850                __wrap___aeabi_ui2d
                0x10004858                __wrap___aeabi_i2d
 .text.__wrap___aeabi_d2iz
                0x10004888       0x48 CMakeFiles/adc_board_test.dir/C_/development/pico/pico-sdk/src/rp2_common/pico_double/double_aeabi.S.obj
                0x10004888                double2int_z
                0x10004888                __wrap___aeabi_d2iz
 .text.__wrap___aeabi_d2uiz
                0x100048d0       0x10 CMakeFiles/adc_board_test.dir/C_/development/pico/pico-sdk/src/rp2_common/pico_double/double_aeabi.S.obj
                0x100048d0                __wrap___aeabi_d2uiz
                0x100048d0                double2uint
 .text.__wrap___aeabi_l2d
                0x100048e0       0x10 CMakeFiles/adc_board_test.dir/C_/development/pico/pico-sdk/src/rp2_common/pico_double/double_aeabi.S.obj
                0x100048e0                __wrap___aeabi_l2d
 .text.__wrap___aeabi_d2lz
                0x100048f0       0x26 CMakeFiles/adc_board_test.dir/C_/development/pico/pico-sdk/src/rp2_common/pico_double/double_aeabi.S.obj
                0x100048f0                double2int64_z
                0x100048f0                __wrap___aeabi_d2lz
 *fill*         0x10004916        0x2 
 .text.double2int64
                0x10004918       0x10 CMakeFiles/adc_board_test.dir/C_/development/pico/pico-sdk/src/rp2_common/pico_double/double_aeabi.S.obj
                0x10004918                double2int64
 .text.double2ufix64
                0x10004928       0x10 CMakeFiles/adc_board_test.dir/C_/development/pico/pico-sdk/src/rp2_common/pico_double/double_aeabi.S.obj
                0x10004928                double2ufix64
 .text.__wrap___aeabi_d2f
                0x10004938       0x10 CMakeFiles/adc_board_test.dir/C_/development/pico/pico-sdk/src/rp2_common/pico_double/double_aeabi.S.obj
                0x10004938                __wrap___aeabi_d2f
 .text.missing_double_func_shim
                0x10004948        0xc CMakeFiles/adc_board_test.dir/C_/development/pico/pico-sdk/src/rp2_common/pico_double/double_init_rom.c.obj
 .text.__aeabi_double_init
                0x10004954       0xcc CMakeFiles/adc_board_test.dir/C_/development/pico/pico-sdk/src/rp2_common/pico_double/double_init_rom.c.obj
                0x10004954                __aeabi_double_init
 .text.double_table_shim_on_use_helper
                0x10004a20       0x34 CMakeFiles/adc_board_test.dir/C_/development/pico/pico-sdk/src/rp2_common/pico_double/double_v1_rom_shim.S.obj
                0x10004a20                double_table_shim_on_use_helper
 .text.__aeabi_lmul
                0x10004a54       0x32 CMakeFiles/adc_board_test.dir/C_/development/pico/pico-sdk/src/rp2_common/pico_int64_ops/pico_int64_ops_aeabi.S.obj
                0x10004a54                __wrap___aeabi_lmul
 *fill*         0x10004a86        0x2 
 .text.__wrap___aeabi_cfcmple
                0x10004a88       0x50 CMakeFiles/adc_board_test.dir/C_/development/pico/pico-sdk/src/rp2_common/pico_float/float_aeabi.S.obj
                0x10004a88                __wrap___aeabi_cfrcmple
                0x10004a94                __wrap___aeabi_cfcmple
                0x10004a94                __wrap___aeabi_cfcmpeq
 .text.__wrap___aeabi_fcmpeq
                0x10004ad8       0x10 CMakeFiles/adc_board_test.dir/C_/development/pico/pico-sdk/src/rp2_common/pico_float/float_aeabi.S.obj
                0x10004ad8                __wrap___aeabi_fcmpeq
 .text.__wrap___aeabi_fcmpgt
                0x10004ae8        0xa CMakeFiles/adc_board_test.dir/C_/development/pico/pico-sdk/src/rp2_common/pico_float/float_aeabi.S.obj
                0x10004ae8                __wrap___aeabi_fcmpgt
 *fill*         0x10004af2        0x2 
 .text.__wrap___aeabi_f2d
                0x10004af4        0xc CMakeFiles/adc_board_test.dir/C_/development/pico/pico-sdk/src/rp2_common/pico_float/float_aeabi.S.obj
                0x10004af4                __wrap___aeabi_f2d
 .text.missing_float_func_shim
                0x10004b00        0xc CMakeFiles/adc_board_test.dir/C_/development/pico/pico-sdk/src/rp2_common/pico_float/float_init_rom.c.obj
 .text.__aeabi_float_init
                0x10004b0c       0x88 CMakeFiles/adc_board_test.dir/C_/development/pico/pico-sdk/src/rp2_common/pico_float/float_init_rom.c.obj
                0x10004b0c                __aeabi_float_init
 .text.__wrap_malloc
                0x10004b94       0x24 CMakeFiles/adc_board_test.dir/C_/development/pico/pico-sdk/src/rp2_common/pico_malloc/pico_malloc.c.obj
                0x10004b94                __wrap_malloc
 .text.__wrap_realloc
                0x10004bb8       0x24 CMakeFiles/adc_board_test.dir/C_/development/pico/pico-sdk/src/rp2_common/pico_malloc/pico_malloc.c.obj
                0x10004bb8                __wrap_realloc
 .text.__wrap_free
                0x10004bdc        0x8 CMakeFiles/adc_board_test.dir/C_/development/pico/pico-sdk/src/rp2_common/pico_malloc/pico_malloc.c.obj
                0x10004bdc                __wrap_free
 .text          0x10004be4       0x10 CMakeFiles/adc_board_test.dir/C_/development/pico/pico-sdk/src/rp2_common/pico_mem_ops/mem_ops_aeabi.S.obj
                0x10004be4                __aeabi_mem_init
 .text.memset   0x10004bf4        0xc CMakeFiles/adc_board_test.dir/C_/development/pico/pico-sdk/src/rp2_common/pico_mem_ops/mem_ops_aeabi.S.obj
                0x10004bf4                __wrap_memset
 .text.memcpy   0x10004c00        0xc CMakeFiles/adc_board_test.dir/C_/development/pico/pico-sdk/src/rp2_common/pico_mem_ops/mem_ops_aeabi.S.obj
                0x10004c00                __wrap_memcpy
                0x10004c00                __wrap___aeabi_memcpy
 .text.stdio_out_chars_no_crlf
                0x10004c0c        0xe CMakeFiles/adc_board_test.dir/C_/development/pico/pico-sdk/src/rp2_common/pico_stdio/stdio.c.obj
 *fill*         0x10004c1a        0x2 
 .text.stdio_out_chars_crlf
                0x10004c1c       0x80 CMakeFiles/adc_board_test.dir/C_/development/pico/pico-sdk/src/rp2_common/pico_stdio/stdio.c.obj
 .text.stdio_stack_buffer_flush
                0x10004c9c       0x44 CMakeFiles/adc_board_test.dir/C_/development/pico/pico-sdk/src/rp2_common/pico_stdio/stdio.c.obj
 .text.stdio_buffered_printer
                0x10004ce0       0x20 CMakeFiles/adc_board_test.dir/C_/development/pico/pico-sdk/src/rp2_common/pico_stdio/stdio.c.obj
 .text.stdio_get_until
                0x10004d00       0x80 CMakeFiles/adc_board_test.dir/C_/development/pico/pico-sdk/src/rp2_common/pico_stdio/stdio.c.obj
 .text.stdout_serialize_begin
                0x10004d80       0x5c CMakeFiles/adc_board_test.dir/C_/development/pico/pico-sdk/src/rp2_common/pico_stdio/stdio.c.obj
                0x10004d80                stdout_serialize_begin
 .text.stdout_serialize_end
                0x10004ddc       0x10 CMakeFiles/adc_board_test.dir/C_/development/pico/pico-sdk/src/rp2_common/pico_stdio/stdio.c.obj
                0x10004ddc                stdout_serialize_end
 .text.stdio_put_string
                0x10004dec       0x98 CMakeFiles/adc_board_test.dir/C_/development/pico/pico-sdk/src/rp2_common/pico_stdio/stdio.c.obj
 .text.__wrap_putchar
                0x10004e84       0x1c CMakeFiles/adc_board_test.dir/C_/development/pico/pico-sdk/src/rp2_common/pico_stdio/stdio.c.obj
                0x10004e84                __wrap_putchar
 .text.stdio_set_driver_enabled
                0x10004ea0       0x2c CMakeFiles/adc_board_test.dir/C_/development/pico/pico-sdk/src/rp2_common/pico_stdio/stdio.c.obj
                0x10004ea0                stdio_set_driver_enabled
 .text.stdio_flush
                0x10004ecc       0x20 CMakeFiles/adc_board_test.dir/C_/development/pico/pico-sdk/src/rp2_common/pico_stdio/stdio.c.obj
                0x10004ecc                stdio_flush
 .text.__wrap_puts
                0x10004eec       0x1e CMakeFiles/adc_board_test.dir/C_/development/pico/pico-sdk/src/rp2_common/pico_stdio/stdio.c.obj
                0x10004eec                __wrap_puts
 *fill*         0x10004f0a        0x2 
 .text.__wrap_vprintf
                0x10004f0c       0x40 CMakeFiles/adc_board_test.dir/C_/development/pico/pico-sdk/src/rp2_common/pico_stdio/stdio.c.obj
                0x10004f0c                __wrap_vprintf
 .text.__wrap_printf
                0x10004f4c       0x18 CMakeFiles/adc_board_test.dir/C_/development/pico/pico-sdk/src/rp2_common/pico_stdio/stdio.c.obj
                0x10004f4c                __wrap_printf
 .text.stdio_init_all
                0x10004f64        0x8 CMakeFiles/adc_board_test.dir/C_/development/pico/pico-sdk/src/rp2_common/pico_stdio/stdio.c.obj
                0x10004f64                stdio_init_all
 .text.getchar_timeout_us
                0x10004f6c       0x80 CMakeFiles/adc_board_test.dir/C_/development/pico/pico-sdk/src/rp2_common/pico_stdio/stdio.c.obj
                0x10004f6c                getchar_timeout_us
 .text.resetd_init
                0x10004fec        0x2 CMakeFiles/adc_board_test.dir/C_/development/pico/pico-sdk/src/rp2_common/pico_stdio_usb/reset_interface.c.obj
 *fill*         0x10004fee        0x2 
 .text.resetd_reset
                0x10004ff0        0xc CMakeFiles/adc_board_test.dir/C_/development/pico/pico-sdk/src/rp2_common/pico_stdio_usb/reset_interface.c.obj
 .text.resetd_open
                0x10004ffc       0x34 CMakeFiles/adc_board_test.dir/C_/development/pico/pico-sdk/src/rp2_common/pico_stdio_usb/reset_interface.c.obj
 .text.resetd_xfer_cb
                0x10005030        0x4 CMakeFiles/adc_board_test.dir/C_/development/pico/pico-sdk/src/rp2_common/pico_stdio_usb/reset_interface.c.obj
 .text.reset_usb_boot
                0x10005034       0x18 CMakeFiles/adc_board_test.dir/C_/development/pico/pico-sdk/src/rp2_common/pico_stdio_usb/reset_interface.c.obj
 .text.resetd_control_xfer_cb
                0x1000504c       0x5c CMakeFiles/adc_board_test.dir/C_/development/pico/pico-sdk/src/rp2_common/pico_stdio_usb/reset_interface.c.obj
 .text.usbd_app_driver_get_cb
                0x100050a8        0xc CMakeFiles/adc_board_test.dir/C_/development/pico/pico-sdk/src/rp2_common/pico_stdio_usb/reset_interface.c.obj
                0x100050a8                usbd_app_driver_get_cb
 .text.tud_cdc_line_coding_cb
                0x100050b4       0x28 CMakeFiles/adc_board_test.dir/C_/development/pico/pico-sdk/src/rp2_common/pico_stdio_usb/reset_interface.c.obj
                0x100050b4                tud_cdc_line_coding_cb
 .text.stdio_usb_set_chars_available_callback
                0x100050dc       0x14 CMakeFiles/adc_board_test.dir/C_/development/pico/pico-sdk/src/rp2_common/pico_stdio_usb/stdio_usb.c.obj
                0x100050dc                stdio_usb_set_chars_available_callback
 .text.usb_irq  0x100050f0       0x10 CMakeFiles/adc_board_test.dir/C_/development/pico/pico-sdk/src/rp2_common/pico_stdio_usb/stdio_usb.c.obj
 .text.timer_task
                0x10005100       0x58 CMakeFiles/adc_board_test.dir/C_/development/pico/pico-sdk/src/rp2_common/pico_stdio_usb/stdio_usb.c.obj
 .text.low_priority_worker_irq
                0x10005158       0xd8 CMakeFiles/adc_board_test.dir/C_/development/pico/pico-sdk/src/rp2_common/pico_stdio_usb/stdio_usb.c.obj
 .text.tud_cdc_rx_cb
                0x10005230       0x20 CMakeFiles/adc_board_test.dir/C_/development/pico/pico-sdk/src/rp2_common/pico_stdio_usb/stdio_usb.c.obj
                0x10005230                tud_cdc_rx_cb
 .text.stdio_usb_init
                0x10005250      0x12c CMakeFiles/adc_board_test.dir/C_/development/pico/pico-sdk/src/rp2_common/pico_stdio_usb/stdio_usb.c.obj
                0x10005250                stdio_usb_init
 .text.stdio_usb_connected
                0x1000537c        0xa CMakeFiles/adc_board_test.dir/C_/development/pico/pico-sdk/src/rp2_common/pico_stdio_usb/stdio_usb.c.obj
                0x1000537c                stdio_usb_connected
 *fill*         0x10005386        0x2 
 .text.stdio_usb_in_chars
                0x10005388       0xc4 CMakeFiles/adc_board_test.dir/C_/development/pico/pico-sdk/src/rp2_common/pico_stdio_usb/stdio_usb.c.obj
                0x10005388                stdio_usb_in_chars
 .text.stdio_usb_out_chars
                0x1000544c      0x114 CMakeFiles/adc_board_test.dir/C_/development/pico/pico-sdk/src/rp2_common/pico_stdio_usb/stdio_usb.c.obj
 .text.tud_descriptor_device_cb
                0x10005560        0x8 CMakeFiles/adc_board_test.dir/C_/development/pico/pico-sdk/src/rp2_common/pico_stdio_usb/stdio_usb_descriptors.c.obj
                0x10005560                tud_descriptor_device_cb
 .text.tud_descriptor_configuration_cb
                0x10005568        0x8 CMakeFiles/adc_board_test.dir/C_/development/pico/pico-sdk/src/rp2_common/pico_stdio_usb/stdio_usb_descriptors.c.obj
                0x10005568                tud_descriptor_configuration_cb
 .text.tud_descriptor_string_cb
                0x10005570       0x6c CMakeFiles/adc_board_test.dir/C_/development/pico/pico-sdk/src/rp2_common/pico_stdio_usb/stdio_usb_descriptors.c.obj
                0x10005570                tud_descriptor_string_cb
 .text._retrieve_unique_id_on_boot
                0x100055dc       0x10 CMakeFiles/adc_board_test.dir/C_/development/pico/pico-sdk/src/rp2_common/pico_unique_id/unique_id.c.obj
 .text.pico_get_unique_board_id_string
                0x100055ec       0x5c CMakeFiles/adc_board_test.dir/C_/development/pico/pico-sdk/src/rp2_common/pico_unique_id/unique_id.c.obj
                0x100055ec                pico_get_unique_board_id_string
 .text.flash_get_unique_id
                0x10005648       0x46 CMakeFiles/adc_board_test.dir/C_/development/pico/pico-sdk/src/rp2_common/hardware_flash/flash.c.obj
                0x10005648                flash_get_unique_id
 *fill*         0x1000568e        0x2 
 .text.hw_endpoint_get_by_addr
                0x10005690       0x18 CMakeFiles/adc_board_test.dir/C_/development/pico/pico-sdk/lib/tinyusb/src/portable/raspberrypi/rp2040/dcd_rp2040.c.obj
 .text._hw_endpoint_alloc
                0x100056a8       0x70 CMakeFiles/adc_board_test.dir/C_/development/pico/pico-sdk/lib/tinyusb/src/portable/raspberrypi/rp2040/dcd_rp2040.c.obj
 .text.hw_endpoint_init
                0x10005718       0x88 CMakeFiles/adc_board_test.dir/C_/development/pico/pico-sdk/lib/tinyusb/src/portable/raspberrypi/rp2040/dcd_rp2040.c.obj
 .text.hw_endpoint_xfer
                0x100057a0       0x14 CMakeFiles/adc_board_test.dir/C_/development/pico/pico-sdk/lib/tinyusb/src/portable/raspberrypi/rp2040/dcd_rp2040.c.obj
 .text.dcd_int_enable
                0x100057b4       0x2c CMakeFiles/adc_board_test.dir/C_/development/pico/pico-sdk/lib/tinyusb/src/portable/raspberrypi/rp2040/dcd_rp2040.c.obj
                0x100057b4                dcd_int_enable
 .text.dcd_set_address
                0x100057e0       0x2c CMakeFiles/adc_board_test.dir/C_/development/pico/pico-sdk/lib/tinyusb/src/portable/raspberrypi/rp2040/dcd_rp2040.c.obj
                0x100057e0                dcd_set_address
 .text.dcd_connect
                0x1000580c       0x10 CMakeFiles/adc_board_test.dir/C_/development/pico/pico-sdk/lib/tinyusb/src/portable/raspberrypi/rp2040/dcd_rp2040.c.obj
                0x1000580c                dcd_connect
 .text.dcd_init
                0x1000581c       0x80 CMakeFiles/adc_board_test.dir/C_/development/pico/pico-sdk/lib/tinyusb/src/portable/raspberrypi/rp2040/dcd_rp2040.c.obj
                0x1000581c                dcd_init
 .text.dcd_edpt0_status_complete
                0x1000589c       0x1c CMakeFiles/adc_board_test.dir/C_/development/pico/pico-sdk/lib/tinyusb/src/portable/raspberrypi/rp2040/dcd_rp2040.c.obj
                0x1000589c                dcd_edpt0_status_complete
 .text.dcd_edpt_open
                0x100058b8       0x40 CMakeFiles/adc_board_test.dir/C_/development/pico/pico-sdk/lib/tinyusb/src/portable/raspberrypi/rp2040/dcd_rp2040.c.obj
                0x100058b8                dcd_edpt_open
 .text.dcd_edpt_close_all
                0x100058f8        0x8 CMakeFiles/adc_board_test.dir/C_/development/pico/pico-sdk/lib/tinyusb/src/portable/raspberrypi/rp2040/dcd_rp2040.c.obj
                0x100058f8                dcd_edpt_close_all
 .text.dcd_edpt_xfer
                0x10005900       0x34 CMakeFiles/adc_board_test.dir/C_/development/pico/pico-sdk/lib/tinyusb/src/portable/raspberrypi/rp2040/dcd_rp2040.c.obj
                0x10005900                dcd_edpt_xfer
 .text.dcd_edpt_stall
                0x10005934       0x2c CMakeFiles/adc_board_test.dir/C_/development/pico/pico-sdk/lib/tinyusb/src/portable/raspberrypi/rp2040/dcd_rp2040.c.obj
                0x10005934                dcd_edpt_stall
 .text.dcd_edpt_clear_stall
                0x10005960       0x20 CMakeFiles/adc_board_test.dir/C_/development/pico/pico-sdk/lib/tinyusb/src/portable/raspberrypi/rp2040/dcd_rp2040.c.obj
                0x10005960                dcd_edpt_clear_stall
 .text.rp2040_usb_init
                0x10005980       0x4c CMakeFiles/adc_board_test.dir/C_/development/pico/pico-sdk/lib/tinyusb/src/portable/raspberrypi/rp2040/rp2040_usb.c.obj
                0x10005980                rp2040_usb_init
 .text.hw_endpoint_xfer_start
                0x100059cc       0x50 CMakeFiles/adc_board_test.dir/C_/development/pico/pico-sdk/lib/tinyusb/src/portable/raspberrypi/rp2040/rp2040_usb.c.obj
                0x100059cc                hw_endpoint_xfer_start
 .text.configuration_reset
                0x10005a1c       0x84 CMakeFiles/adc_board_test.dir/C_/development/pico/pico-sdk/lib/tinyusb/src/device/usbd.c.obj
 .text.usbd_reset
                0x10005aa0        0xc CMakeFiles/adc_board_test.dir/C_/development/pico/pico-sdk/lib/tinyusb/src/device/usbd.c.obj
 .text.invoke_class_control
                0x10005aac       0x1a CMakeFiles/adc_board_test.dir/C_/development/pico/pico-sdk/lib/tinyusb/src/device/usbd.c.obj
 *fill*         0x10005ac6        0x2 
 .text.process_set_config
                0x10005ac8      0x178 CMakeFiles/adc_board_test.dir/C_/development/pico/pico-sdk/lib/tinyusb/src/device/usbd.c.obj
 .text.process_get_descriptor
                0x10005c40       0xdc CMakeFiles/adc_board_test.dir/C_/development/pico/pico-sdk/lib/tinyusb/src/device/usbd.c.obj
 .text.tud_mounted
                0x10005d1c       0x10 CMakeFiles/adc_board_test.dir/C_/development/pico/pico-sdk/lib/tinyusb/src/device/usbd.c.obj
                0x10005d1c                tud_mounted
 .text.tud_suspended
                0x10005d2c       0x10 CMakeFiles/adc_board_test.dir/C_/development/pico/pico-sdk/lib/tinyusb/src/device/usbd.c.obj
                0x10005d2c                tud_suspended
 .text.tud_inited
                0x10005d3c       0x14 CMakeFiles/adc_board_test.dir/C_/development/pico/pico-sdk/lib/tinyusb/src/device/usbd.c.obj
                0x10005d3c                tud_inited
 .text.tud_init
                0x10005d50       0xcc CMakeFiles/adc_board_test.dir/C_/development/pico/pico-sdk/lib/tinyusb/src/device/usbd.c.obj
                0x10005d50                tud_init
 .text.usbd_defer_func
                0x10005e1c       0x2a CMakeFiles/adc_board_test.dir/C_/development/pico/pico-sdk/lib/tinyusb/src/device/usbd.c.obj
                0x10005e1c                usbd_defer_func
 *fill*         0x10005e46        0x2 
 .text.usbd_edpt_open
                0x10005e48       0x34 CMakeFiles/adc_board_test.dir/C_/development/pico/pico-sdk/lib/tinyusb/src/device/usbd.c.obj
                0x10005e48                usbd_edpt_open
 .text.usbd_open_edpt_pair
                0x10005e7c       0x62 CMakeFiles/adc_board_test.dir/C_/development/pico/pico-sdk/lib/tinyusb/src/device/usbd.c.obj
                0x10005e7c                usbd_open_edpt_pair
 *fill*         0x10005ede        0x2 
 .text.usbd_edpt_claim
                0x10005ee0       0x28 CMakeFiles/adc_board_test.dir/C_/development/pico/pico-sdk/lib/tinyusb/src/device/usbd.c.obj
                0x10005ee0                usbd_edpt_claim
 .text.usbd_edpt_release
                0x10005f08       0x28 CMakeFiles/adc_board_test.dir/C_/development/pico/pico-sdk/lib/tinyusb/src/device/usbd.c.obj
                0x10005f08                usbd_edpt_release
 .text.usbd_edpt_xfer
                0x10005f30       0x7c CMakeFiles/adc_board_test.dir/C_/development/pico/pico-sdk/lib/tinyusb/src/device/usbd.c.obj
                0x10005f30                usbd_edpt_xfer
 .text.usbd_edpt_stall
                0x10005fac       0x48 CMakeFiles/adc_board_test.dir/C_/development/pico/pico-sdk/lib/tinyusb/src/device/usbd.c.obj
                0x10005fac                usbd_edpt_stall
 .text.usbd_edpt_clear_stall
                0x10005ff4       0x48 CMakeFiles/adc_board_test.dir/C_/development/pico/pico-sdk/lib/tinyusb/src/device/usbd.c.obj
                0x10005ff4                usbd_edpt_clear_stall
 .text.usbd_edpt_stalled
                0x1000603c       0x1c CMakeFiles/adc_board_test.dir/C_/development/pico/pico-sdk/lib/tinyusb/src/device/usbd.c.obj
                0x1000603c                usbd_edpt_stalled
 .text.process_control_request
                0x10006058      0x37c CMakeFiles/adc_board_test.dir/C_/development/pico/pico-sdk/lib/tinyusb/src/device/usbd.c.obj
 .text.tud_task_ext
                0x100063d4      0x1b4 CMakeFiles/adc_board_test.dir/C_/development/pico/pico-sdk/lib/tinyusb/src/device/usbd.c.obj
                0x100063d4                tud_task_ext
 .text._data_stage_xact
                0x10006588       0x58 CMakeFiles/adc_board_test.dir/C_/development/pico/pico-sdk/lib/tinyusb/src/device/usbd_control.c.obj
 .text.tud_control_status
                0x100065e0       0x38 CMakeFiles/adc_board_test.dir/C_/development/pico/pico-sdk/lib/tinyusb/src/device/usbd_control.c.obj
                0x100065e0                tud_control_status
 .text.tud_control_xfer
                0x10006618       0x78 CMakeFiles/adc_board_test.dir/C_/development/pico/pico-sdk/lib/tinyusb/src/device/usbd_control.c.obj
                0x10006618                tud_control_xfer
 .text.usbd_control_reset
                0x10006690       0x14 CMakeFiles/adc_board_test.dir/C_/development/pico/pico-sdk/lib/tinyusb/src/device/usbd_control.c.obj
                0x10006690                usbd_control_reset
 .text.usbd_control_set_complete_callback
                0x100066a4        0xc CMakeFiles/adc_board_test.dir/C_/development/pico/pico-sdk/lib/tinyusb/src/device/usbd_control.c.obj
                0x100066a4                usbd_control_set_complete_callback
 .text.usbd_control_set_request
                0x100066b0       0x1c CMakeFiles/adc_board_test.dir/C_/development/pico/pico-sdk/lib/tinyusb/src/device/usbd_control.c.obj
                0x100066b0                usbd_control_set_request
 .text.usbd_control_xfer_cb
                0x100066cc       0xcc CMakeFiles/adc_board_test.dir/C_/development/pico/pico-sdk/lib/tinyusb/src/device/usbd_control.c.obj
                0x100066cc                usbd_control_xfer_cb
 .text._prep_out_transaction
                0x10006798       0x4a CMakeFiles/adc_board_test.dir/C_/development/pico/pico-sdk/lib/tinyusb/src/class/cdc/cdc_device.c.obj
 *fill*         0x100067e2        0x2 
 .text.tud_cdc_n_connected
                0x100067e4       0x44 CMakeFiles/adc_board_test.dir/C_/development/pico/pico-sdk/lib/tinyusb/src/class/cdc/cdc_device.c.obj
                0x100067e4                tud_cdc_n_connected
 .text.tud_cdc_n_available
                0x10006828       0x18 CMakeFiles/adc_board_test.dir/C_/development/pico/pico-sdk/lib/tinyusb/src/class/cdc/cdc_device.c.obj
                0x10006828                tud_cdc_n_available
 .text.tud_cdc_n_read
                0x10006840       0x28 CMakeFiles/adc_board_test.dir/C_/development/pico/pico-sdk/lib/tinyusb/src/class/cdc/cdc_device.c.obj
                0x10006840                tud_cdc_n_read
 .text.tud_cdc_n_write_flush
                0x10006868       0xb8 CMakeFiles/adc_board_test.dir/C_/development/pico/pico-sdk/lib/tinyusb/src/class/cdc/cdc_device.c.obj
                0x10006868                tud_cdc_n_write_flush
 .text.tud_cdc_n_write
                0x10006920       0x38 CMakeFiles/adc_board_test.dir/C_/development/pico/pico-sdk/lib/tinyusb/src/class/cdc/cdc_device.c.obj
                0x10006920                tud_cdc_n_write
 .text.tud_cdc_n_write_available
                0x10006958       0x1c CMakeFiles/adc_board_test.dir/C_/development/pico/pico-sdk/lib/tinyusb/src/class/cdc/cdc_device.c.obj
                0x10006958                tud_cdc_n_write_available
 .text.cdcd_init
                0x10006974       0xbc CMakeFiles/adc_board_test.dir/C_/development/pico/pico-sdk/lib/tinyusb/src/class/cdc/cdc_device.c.obj
                0x10006974                cdcd_init
 .text.cdcd_reset
                0x10006a30       0x44 CMakeFiles/adc_board_test.dir/C_/development/pico/pico-sdk/lib/tinyusb/src/class/cdc/cdc_device.c.obj
                0x10006a30                cdcd_reset
 .text.cdcd_open
                0x10006a74       0xcc CMakeFiles/adc_board_test.dir/C_/development/pico/pico-sdk/lib/tinyusb/src/class/cdc/cdc_device.c.obj
                0x10006a74                cdcd_open
 .text.cdcd_control_xfer_cb
                0x10006b40      0x134 CMakeFiles/adc_board_test.dir/C_/development/pico/pico-sdk/lib/tinyusb/src/class/cdc/cdc_device.c.obj
                0x10006b40                cdcd_control_xfer_cb
 .text.cdcd_xfer_cb
                0x10006c74      0x130 CMakeFiles/adc_board_test.dir/C_/development/pico/pico-sdk/lib/tinyusb/src/class/cdc/cdc_device.c.obj
                0x10006c74                cdcd_xfer_cb
 .text.tusb_init
                0x10006da4        0xa CMakeFiles/adc_board_test.dir/C_/development/pico/pico-sdk/lib/tinyusb/src/tusb.c.obj
                0x10006da4                tusb_init
 .text.tusb_inited
                0x10006dae        0xe CMakeFiles/adc_board_test.dir/C_/development/pico/pico-sdk/lib/tinyusb/src/tusb.c.obj
                0x10006dae                tusb_inited
 .text.tu_edpt_claim
                0x10006dbc       0x50 CMakeFiles/adc_board_test.dir/C_/development/pico/pico-sdk/lib/tinyusb/src/tusb.c.obj
                0x10006dbc                tu_edpt_claim
 .text.tu_edpt_release
                0x10006e0c       0x3c CMakeFiles/adc_board_test.dir/C_/development/pico/pico-sdk/lib/tinyusb/src/tusb.c.obj
                0x10006e0c                tu_edpt_release
 .text.tu_edpt_validate
                0x10006e48       0x78 CMakeFiles/adc_board_test.dir/C_/development/pico/pico-sdk/lib/tinyusb/src/tusb.c.obj
                0x10006e48                tu_edpt_validate
 .text.tu_edpt_bind_driver
                0x10006ec0       0x26 CMakeFiles/adc_board_test.dir/C_/development/pico/pico-sdk/lib/tinyusb/src/tusb.c.obj
                0x10006ec0                tu_edpt_bind_driver
 .text.advance_index
                0x10006ee6       0x1a CMakeFiles/adc_board_test.dir/C_/development/pico/pico-sdk/lib/tinyusb/src/common/tusb_fifo.c.obj
 .text._tu_fifo_peek
                0x10006f00       0x56 CMakeFiles/adc_board_test.dir/C_/development/pico/pico-sdk/lib/tinyusb/src/common/tusb_fifo.c.obj
 .text._ff_pull_const_addr
                0x10006f56       0x4c CMakeFiles/adc_board_test.dir/C_/development/pico/pico-sdk/lib/tinyusb/src/common/tusb_fifo.c.obj
 .text._ff_pull_n
                0x10006fa2      0x110 CMakeFiles/adc_board_test.dir/C_/development/pico/pico-sdk/lib/tinyusb/src/common/tusb_fifo.c.obj
 .text._tu_fifo_peek_n
                0x100070b2       0x6a CMakeFiles/adc_board_test.dir/C_/development/pico/pico-sdk/lib/tinyusb/src/common/tusb_fifo.c.obj
 .text._tu_fifo_read_n
                0x1000711c       0x4e CMakeFiles/adc_board_test.dir/C_/development/pico/pico-sdk/lib/tinyusb/src/common/tusb_fifo.c.obj
 .text._ff_push_const_addr
                0x1000716a       0x40 CMakeFiles/adc_board_test.dir/C_/development/pico/pico-sdk/lib/tinyusb/src/common/tusb_fifo.c.obj
 .text._ff_push_n
                0x100071aa      0x10c CMakeFiles/adc_board_test.dir/C_/development/pico/pico-sdk/lib/tinyusb/src/common/tusb_fifo.c.obj
 .text._tu_fifo_write_n
                0x100072b6       0xf0 CMakeFiles/adc_board_test.dir/C_/development/pico/pico-sdk/lib/tinyusb/src/common/tusb_fifo.c.obj
 .text.tu_fifo_config
                0x100073a6       0x7c CMakeFiles/adc_board_test.dir/C_/development/pico/pico-sdk/lib/tinyusb/src/common/tusb_fifo.c.obj
                0x100073a6                tu_fifo_config
 .text.tu_fifo_count
                0x10007422       0x2a CMakeFiles/adc_board_test.dir/C_/development/pico/pico-sdk/lib/tinyusb/src/common/tusb_fifo.c.obj
                0x10007422                tu_fifo_count
 .text.tu_fifo_empty
                0x1000744c        0xe CMakeFiles/adc_board_test.dir/C_/development/pico/pico-sdk/lib/tinyusb/src/common/tusb_fifo.c.obj
                0x1000744c                tu_fifo_empty
 .text.tu_fifo_full
                0x1000745a       0x28 CMakeFiles/adc_board_test.dir/C_/development/pico/pico-sdk/lib/tinyusb/src/common/tusb_fifo.c.obj
                0x1000745a                tu_fifo_full
 .text.tu_fifo_remaining
                0x10007482       0x2c CMakeFiles/adc_board_test.dir/C_/development/pico/pico-sdk/lib/tinyusb/src/common/tusb_fifo.c.obj
                0x10007482                tu_fifo_remaining
 .text.tu_fifo_read
                0x100074ae       0x42 CMakeFiles/adc_board_test.dir/C_/development/pico/pico-sdk/lib/tinyusb/src/common/tusb_fifo.c.obj
                0x100074ae                tu_fifo_read
 .text.tu_fifo_read_n
                0x100074f0        0xa CMakeFiles/adc_board_test.dir/C_/development/pico/pico-sdk/lib/tinyusb/src/common/tusb_fifo.c.obj
                0x100074f0                tu_fifo_read_n
 .text.tu_fifo_write
                0x100074fa       0x64 CMakeFiles/adc_board_test.dir/C_/development/pico/pico-sdk/lib/tinyusb/src/common/tusb_fifo.c.obj
                0x100074fa                tu_fifo_write
 .text.tu_fifo_write_n
                0x1000755e        0xa CMakeFiles/adc_board_test.dir/C_/development/pico/pico-sdk/lib/tinyusb/src/common/tusb_fifo.c.obj
                0x1000755e                tu_fifo_write_n
 .text.tu_fifo_clear
                0x10007568       0x3e CMakeFiles/adc_board_test.dir/C_/development/pico/pico-sdk/lib/tinyusb/src/common/tusb_fifo.c.obj
                0x10007568                tu_fifo_clear
 .text.tu_fifo_set_overwritable
                0x100075a6       0x46 CMakeFiles/adc_board_test.dir/C_/development/pico/pico-sdk/lib/tinyusb/src/common/tusb_fifo.c.obj
                0x100075a6                tu_fifo_set_overwritable
 .text.i2c_write_blocking_internal
                0x100075ec      0x140 CMakeFiles/adc_board_test.dir/C_/development/pico/pico-sdk/src/rp2_common/hardware_i2c/i2c.c.obj
 .text.i2c_read_blocking_internal
                0x1000772c       0xea CMakeFiles/adc_board_test.dir/C_/development/pico/pico-sdk/src/rp2_common/hardware_i2c/i2c.c.obj
 *fill*         0x10007816        0x2 
 .text.i2c_set_baudrate
                0x10007818       0xf0 CMakeFiles/adc_board_test.dir/C_/development/pico/pico-sdk/src/rp2_common/hardware_i2c/i2c.c.obj
                0x10007818                i2c_set_baudrate
 .text.i2c_init
                0x10007908       0x58 CMakeFiles/adc_board_test.dir/C_/development/pico/pico-sdk/src/rp2_common/hardware_i2c/i2c.c.obj
                0x10007908                i2c_init
 .text.i2c_write_blocking
                0x10007960       0x18 CMakeFiles/adc_board_test.dir/C_/development/pico/pico-sdk/src/rp2_common/hardware_i2c/i2c.c.obj
                0x10007960                i2c_write_blocking
 .text.i2c_read_blocking
                0x10007978       0x18 CMakeFiles/adc_board_test.dir/C_/development/pico/pico-sdk/src/rp2_common/hardware_i2c/i2c.c.obj
                0x10007978                i2c_read_blocking
 .text._calloc_r
                0x10007990       0x9c c:/progra~2/armgnu~1/112202~1.02/bin/../lib/gcc/arm-none-eabi/11.2.1/thumb/v6-m/nofp\libg.a(lib_a-callocr.o)
                0x10007990                _calloc_r
 .text.__errno  0x10007a2c        0xc c:/progra~2/armgnu~1/112202~1.02/bin/../lib/gcc/arm-none-eabi/11.2.1/thumb/v6-m/nofp\libg.a(lib_a-errno.o)
                0x10007a2c                __errno
 .text.malloc   0x10007a38       0x14 c:/progra~2/armgnu~1/112202~1.02/bin/../lib/gcc/arm-none-eabi/11.2.1/thumb/v6-m/nofp\libg.a(lib_a-malloc.o)
                0x10007a38                malloc
 .text.free     0x10007a4c       0x14 c:/progra~2/armgnu~1/112202~1.02/bin/../lib/gcc/arm-none-eabi/11.2.1/thumb/v6-m/nofp\libg.a(lib_a-malloc.o)
                0x10007a4c                free
 .text._malloc_r
                0x10007a60      0x57c c:/progra~2/armgnu~1/112202~1.02/bin/../lib/gcc/arm-none-eabi/11.2.1/thumb/v6-m/nofp\libg.a(lib_a-mallocr.o)
                0x10007a60                _malloc_r
 .text.__malloc_lock
                0x10007fdc        0x4 c:/progra~2/armgnu~1/112202~1.02/bin/../lib/gcc/arm-none-eabi/11.2.1/thumb/v6-m/nofp\libg.a(lib_a-mlock.o)
                0x10007fdc                __malloc_lock
 .text.__malloc_unlock
                0x10007fe0        0x4 c:/progra~2/armgnu~1/112202~1.02/bin/../lib/gcc/arm-none-eabi/11.2.1/thumb/v6-m/nofp\libg.a(lib_a-mlock.o)
                0x10007fe0                __malloc_unlock
 .text.realloc  0x10007fe4       0x18 c:/progra~2/armgnu~1/112202~1.02/bin/../lib/gcc/arm-none-eabi/11.2.1/thumb/v6-m/nofp\libg.a(lib_a-realloc.o)
                0x10007fe4                realloc
 .text._realloc_r
                0x10007ffc      0x368 c:/progra~2/armgnu~1/112202~1.02/bin/../lib/gcc/arm-none-eabi/11.2.1/thumb/v6-m/nofp\libg.a(lib_a-reallocr.o)
                0x10007ffc                _realloc_r
 .text._sbrk_r  0x10008364       0x24 c:/progra~2/armgnu~1/112202~1.02/bin/../lib/gcc/arm-none-eabi/11.2.1/thumb/v6-m/nofp\libg.a(lib_a-sbrkr.o)
                0x10008364                _sbrk_r
 .text.sscanf   0x10008388       0x50 c:/progra~2/armgnu~1/112202~1.02/bin/../lib/gcc/arm-none-eabi/11.2.1/thumb/v6-m/nofp\libg.a(lib_a-sscanf.o)
                0x10008388                sscanf
 .text.__seofread
                0x100083d8        0x4 c:/progra~2/armgnu~1/112202~1.02/bin/../lib/gcc/arm-none-eabi/11.2.1/thumb/v6-m/nofp\libg.a(lib_a-stdio.o)
                0x100083d8                __seofread
 .text.strlen   0x100083dc       0x5c c:/progra~2/armgnu~1/112202~1.02/bin/../lib/gcc/arm-none-eabi/11.2.1/thumb/v6-m/nofp\libg.a(lib_a-strlen-stub.o)
                0x100083dc                strlen
 .text.__ssvfscanf_r
                0x10008438     0x197c c:/progra~2/armgnu~1/112202~1.02/bin/../lib/gcc/arm-none-eabi/11.2.1/thumb/v6-m/nofp\libg.a(lib_a-svfscanf.o)
                0x10008438                __ssvfscanf_r
 .text._malloc_trim_r
                0x10009db4       0x9c c:/progra~2/armgnu~1/112202~1.02/bin/../lib/gcc/arm-none-eabi/11.2.1/thumb/v6-m/nofp\libg.a(lib_a-freer.o)
                0x10009db4                _malloc_trim_r
 .text._free_r  0x10009e50      0x1bc c:/progra~2/armgnu~1/112202~1.02/bin/../lib/gcc/arm-none-eabi/11.2.1/thumb/v6-m/nofp\libg.a(lib_a-freer.o)
                0x10009e50                _free_r
 .text.iswspace
                0x1000a00c        0xc c:/progra~2/armgnu~1/112202~1.02/bin/../lib/gcc/arm-none-eabi/11.2.1/thumb/v6-m/nofp\libg.a(lib_a-iswspace.o)
                0x1000a00c                iswspace
 .text._localeconv_r
                0x1000a018        0x8 c:/progra~2/armgnu~1/112202~1.02/bin/../lib/gcc/arm-none-eabi/11.2.1/thumb/v6-m/nofp\libg.a(lib_a-localeconv.o)
                0x1000a018                _localeconv_r
 .text.__locale_mb_cur_max
                0x1000a020       0x10 c:/progra~2/armgnu~1/112202~1.02/bin/../lib/gcc/arm-none-eabi/11.2.1/thumb/v6-m/nofp\libg.a(lib_a-locale.o)
                0x1000a020                __locale_mb_cur_max
 .text._mbrtowc_r
                0x1000a030       0x54 c:/progra~2/armgnu~1/112202~1.02/bin/../lib/gcc/arm-none-eabi/11.2.1/thumb/v6-m/nofp\libg.a(lib_a-mbrtowc.o)
                0x1000a030                _mbrtowc_r
 .text.__ascii_mbtowc
                0x1000a084       0x2c c:/progra~2/armgnu~1/112202~1.02/bin/../lib/gcc/arm-none-eabi/11.2.1/thumb/v6-m/nofp\libg.a(lib_a-mbtowc_r.o)
                0x1000a084                __ascii_mbtowc
 .text.memmove  0x1000a0b0       0xac c:/progra~2/armgnu~1/112202~1.02/bin/../lib/gcc/arm-none-eabi/11.2.1/thumb/v6-m/nofp\libg.a(lib_a-memmove.o)
                0x1000a0b0                memmove
 .text.__sccl   0x1000a15c       0x80 c:/progra~2/armgnu~1/112202~1.02/bin/../lib/gcc/arm-none-eabi/11.2.1/thumb/v6-m/nofp\libg.a(lib_a-sccl.o)
                0x1000a15c                __sccl
 .text.nanf     0x1000a1dc        0x8 c:/progra~2/armgnu~1/112202~1.02/bin/../lib/gcc/arm-none-eabi/11.2.1/thumb/v6-m/nofp\libg.a(lib_a-sf_nan.o)
                0x1000a1dc                nanf
 .text.stpncpy  0x1000a1e4       0x6c c:/progra~2/armgnu~1/112202~1.02/bin/../lib/gcc/arm-none-eabi/11.2.1/thumb/v6-m/nofp\libg.a(lib_a-stpncpy.o)
                0x1000a1e4                stpncpy
 .text          0x1000a250       0x88 c:/progra~2/armgnu~1/112202~1.02/bin/../lib/gcc/arm-none-eabi/11.2.1/thumb/v6-m/nofp\libg.a(lib_a-strcmp.o)
                0x1000a250                strcmp
 .text._strtod_l
                0x1000a2d8      0xf38 c:/progra~2/armgnu~1/112202~1.02/bin/../lib/gcc/arm-none-eabi/11.2.1/thumb/v6-m/nofp\libg.a(lib_a-strtod.o)
                0x1000a2d8                _strtod_l
 .text._strtod_r
                0x1000b210       0x10 c:/progra~2/armgnu~1/112202~1.02/bin/../lib/gcc/arm-none-eabi/11.2.1/thumb/v6-m/nofp\libg.a(lib_a-strtod.o)
                0x1000b210                _strtod_r
 .text._strtoll_l.constprop.0
                0x1000b220      0x1a0 c:/progra~2/armgnu~1/112202~1.02/bin/../lib/gcc/arm-none-eabi/11.2.1/thumb/v6-m/nofp\libg.a(lib_a-strtoll.o)
 .text._strtoll_r
                0x1000b3c0        0x8 c:/progra~2/armgnu~1/112202~1.02/bin/../lib/gcc/arm-none-eabi/11.2.1/thumb/v6-m/nofp\libg.a(lib_a-strtoll.o)
                0x1000b3c0                _strtoll_r
 .text._strtol_l.constprop.0
                0x1000b3c8      0x16c c:/progra~2/armgnu~1/112202~1.02/bin/../lib/gcc/arm-none-eabi/11.2.1/thumb/v6-m/nofp\libg.a(lib_a-strtol.o)
 .text._strtol_r
                0x1000b534        0x8 c:/progra~2/armgnu~1/112202~1.02/bin/../lib/gcc/arm-none-eabi/11.2.1/thumb/v6-m/nofp\libg.a(lib_a-strtol.o)
                0x1000b534                _strtol_r
 .text._strtoull_l.constprop.0
                0x1000b53c      0x1c4 c:/progra~2/armgnu~1/112202~1.02/bin/../lib/gcc/arm-none-eabi/11.2.1/thumb/v6-m/nofp\libg.a(lib_a-strtoull.o)
 .text._strtoull_r
                0x1000b700        0x8 c:/progra~2/armgnu~1/112202~1.02/bin/../lib/gcc/arm-none-eabi/11.2.1/thumb/v6-m/nofp\libg.a(lib_a-strtoull.o)
                0x1000b700                _strtoull_r
 .text._strtoul_l.constprop.0
                0x1000b708      0x144 c:/progra~2/armgnu~1/112202~1.02/bin/../lib/gcc/arm-none-eabi/11.2.1/thumb/v6-m/nofp\libg.a(lib_a-strtoul.o)
 .text._strtoul_r
                0x1000b84c        0x8 c:/progra~2/armgnu~1/112202~1.02/bin/../lib/gcc/arm-none-eabi/11.2.1/thumb/v6-m/nofp\libg.a(lib_a-strtoul.o)
                0x1000b84c                _strtoul_r
 .text._sungetc_r
                0x1000b854       0x84 c:/progra~2/armgnu~1/112202~1.02/bin/../lib/gcc/arm-none-eabi/11.2.1/thumb/v6-m/nofp\libg.a(lib_a-svfiscanf.o)
                0x1000b854                _sungetc_r
 .text.__ssrefill_r
                0x1000b8d8       0x40 c:/progra~2/armgnu~1/112202~1.02/bin/../lib/gcc/arm-none-eabi/11.2.1/thumb/v6-m/nofp\libg.a(lib_a-svfiscanf.o)
                0x1000b8d8                __ssrefill_r
 .text._sfread_r
                0x1000b918       0xc4 c:/progra~2/armgnu~1/112202~1.02/bin/../lib/gcc/arm-none-eabi/11.2.1/thumb/v6-m/nofp\libg.a(lib_a-svfiscanf.o)
                0x1000b918                _sfread_r
 .text.__submore
                0x1000b9dc       0x84 c:/progra~2/armgnu~1/112202~1.02/bin/../lib/gcc/arm-none-eabi/11.2.1/thumb/v6-m/nofp\libg.a(lib_a-ungetc.o)
                0x1000b9dc                __submore
 .text.__ascii_wctomb
                0x1000ba60       0x1c c:/progra~2/armgnu~1/112202~1.02/bin/../lib/gcc/arm-none-eabi/11.2.1/thumb/v6-m/nofp\libg.a(lib_a-wctomb_r.o)
                0x1000ba60                __ascii_wctomb
 .text.rshift   0x1000ba7c       0xac c:/progra~2/armgnu~1/112202~1.02/bin/../lib/gcc/arm-none-eabi/11.2.1/thumb/v6-m/nofp\libg.a(lib_a-gdtoa-gethex.o)
 .text.__gethex
                0x1000bb28      0x5dc c:/progra~2/armgnu~1/112202~1.02/bin/../lib/gcc/arm-none-eabi/11.2.1/thumb/v6-m/nofp\libg.a(lib_a-gdtoa-gethex.o)
                0x1000bb28                __gethex
 .text.__match  0x1000c104       0x2c c:/progra~2/armgnu~1/112202~1.02/bin/../lib/gcc/arm-none-eabi/11.2.1/thumb/v6-m/nofp\libg.a(lib_a-gdtoa-hexnan.o)
                0x1000c104                __match
 .text.__hexnan
                0x1000c130      0x1cc c:/progra~2/armgnu~1/112202~1.02/bin/../lib/gcc/arm-none-eabi/11.2.1/thumb/v6-m/nofp\libg.a(lib_a-gdtoa-hexnan.o)
                0x1000c130                __hexnan
 .text.iswspace_l
                0x1000c2fc       0x24 c:/progra~2/armgnu~1/112202~1.02/bin/../lib/gcc/arm-none-eabi/11.2.1/thumb/v6-m/nofp\libg.a(lib_a-iswspace_l.o)
                0x1000c2fc                iswspace_l
 .text.__jp2uc  0x1000c320      0x178 c:/progra~2/armgnu~1/112202~1.02/bin/../lib/gcc/arm-none-eabi/11.2.1/thumb/v6-m/nofp\libg.a(lib_a-jp2uc.o)
 .text._jp2uc_l
                0x1000c498       0x68 c:/progra~2/armgnu~1/112202~1.02/bin/../lib/gcc/arm-none-eabi/11.2.1/thumb/v6-m/nofp\libg.a(lib_a-jp2uc.o)
                0x1000c498                _jp2uc_l
 .text._Balloc  0x1000c500       0x50 c:/progra~2/armgnu~1/112202~1.02/bin/../lib/gcc/arm-none-eabi/11.2.1/thumb/v6-m/nofp\libg.a(lib_a-mprec.o)
                0x1000c500                _Balloc
 .text._Bfree   0x1000c550       0x14 c:/progra~2/armgnu~1/112202~1.02/bin/../lib/gcc/arm-none-eabi/11.2.1/thumb/v6-m/nofp\libg.a(lib_a-mprec.o)
                0x1000c550                _Bfree
 .text.__multadd
                0x1000c564       0xa8 c:/progra~2/armgnu~1/112202~1.02/bin/../lib/gcc/arm-none-eabi/11.2.1/thumb/v6-m/nofp\libg.a(lib_a-mprec.o)
                0x1000c564                __multadd
 .text.__s2b    0x1000c60c       0xb0 c:/progra~2/armgnu~1/112202~1.02/bin/../lib/gcc/arm-none-eabi/11.2.1/thumb/v6-m/nofp\libg.a(lib_a-mprec.o)
                0x1000c60c                __s2b
 .text.__hi0bits
                0x1000c6bc       0x38 c:/progra~2/armgnu~1/112202~1.02/bin/../lib/gcc/arm-none-eabi/11.2.1/thumb/v6-m/nofp\libg.a(lib_a-mprec.o)
                0x1000c6bc                __hi0bits
 .text.__lo0bits
                0x1000c6f4       0x5c c:/progra~2/armgnu~1/112202~1.02/bin/../lib/gcc/arm-none-eabi/11.2.1/thumb/v6-m/nofp\libg.a(lib_a-mprec.o)
                0x1000c6f4                __lo0bits
 .text.__i2b    0x1000c750       0x60 c:/progra~2/armgnu~1/112202~1.02/bin/../lib/gcc/arm-none-eabi/11.2.1/thumb/v6-m/nofp\libg.a(lib_a-mprec.o)
                0x1000c750                __i2b
 .text.__multiply
                0x1000c7b0      0x1a4 c:/progra~2/armgnu~1/112202~1.02/bin/../lib/gcc/arm-none-eabi/11.2.1/thumb/v6-m/nofp\libg.a(lib_a-mprec.o)
                0x1000c7b0                __multiply
 .text.__pow5mult
                0x1000c954       0xd4 c:/progra~2/armgnu~1/112202~1.02/bin/../lib/gcc/arm-none-eabi/11.2.1/thumb/v6-m/nofp\libg.a(lib_a-mprec.o)
                0x1000c954                __pow5mult
 .text.__lshift
                0x1000ca28      0x100 c:/progra~2/armgnu~1/112202~1.02/bin/../lib/gcc/arm-none-eabi/11.2.1/thumb/v6-m/nofp\libg.a(lib_a-mprec.o)
                0x1000ca28                __lshift
 .text.__mcmp   0x1000cb28       0x34 c:/progra~2/armgnu~1/112202~1.02/bin/../lib/gcc/arm-none-eabi/11.2.1/thumb/v6-m/nofp\libg.a(lib_a-mprec.o)
                0x1000cb28                __mcmp
 .text.__mdiff  0x1000cb5c      0x194 c:/progra~2/armgnu~1/112202~1.02/bin/../lib/gcc/arm-none-eabi/11.2.1/thumb/v6-m/nofp\libg.a(lib_a-mprec.o)
                0x1000cb5c                __mdiff
 .text.__ulp    0x1000ccf0       0x3c c:/progra~2/armgnu~1/112202~1.02/bin/../lib/gcc/arm-none-eabi/11.2.1/thumb/v6-m/nofp\libg.a(lib_a-mprec.o)
                0x1000ccf0                __ulp
 .text.__b2d    0x1000cd2c       0xc0 c:/progra~2/armgnu~1/112202~1.02/bin/../lib/gcc/arm-none-eabi/11.2.1/thumb/v6-m/nofp\libg.a(lib_a-mprec.o)
                0x1000cd2c                __b2d
 .text.__d2b    0x1000cdec       0xd0 c:/progra~2/armgnu~1/112202~1.02/bin/../lib/gcc/arm-none-eabi/11.2.1/thumb/v6-m/nofp\libg.a(lib_a-mprec.o)
                0x1000cdec                __d2b
 .text.__ratio  0x1000cebc       0x68 c:/progra~2/armgnu~1/112202~1.02/bin/../lib/gcc/arm-none-eabi/11.2.1/thumb/v6-m/nofp\libg.a(lib_a-mprec.o)
                0x1000cebc                __ratio
 .text.__copybits
                0x1000cf24       0x40 c:/progra~2/armgnu~1/112202~1.02/bin/../lib/gcc/arm-none-eabi/11.2.1/thumb/v6-m/nofp\libg.a(lib_a-mprec.o)
                0x1000cf24                __copybits
 .text.__any_on
                0x1000cf64       0x50 c:/progra~2/armgnu~1/112202~1.02/bin/../lib/gcc/arm-none-eabi/11.2.1/thumb/v6-m/nofp\libg.a(lib_a-mprec.o)
                0x1000cf64                __any_on
 .text.nan      0x1000cfb4        0xc c:/progra~2/armgnu~1/112202~1.02/bin/../lib/gcc/arm-none-eabi/11.2.1/thumb/v6-m/nofp\libg.a(lib_a-s_nan.o)
                0x1000cfb4                nan
 .text.strncmp  0x1000cfc0       0x74 c:/progra~2/armgnu~1/112202~1.02/bin/../lib/gcc/arm-none-eabi/11.2.1/thumb/v6-m/nofp\libg.a(lib_a-strncmp.o)
                0x1000cfc0                strncmp
 .text.category
                0x1000d034       0x50 c:/progra~2/armgnu~1/112202~1.02/bin/../lib/gcc/arm-none-eabi/11.2.1/thumb/v6-m/nofp\libg.a(lib_a-categories.o)
                0x1000d034                category
 *(.fini)
 .fini          0x1000d084        0x4 c:/progra~2/armgnu~1/112202~1.02/bin/../lib/gcc/arm-none-eabi/11.2.1/thumb/v6-m/nofp/crti.o
                0x1000d084                _fini
 .fini.__stub   0x1000d088       0xe0 linker stubs
 *crtbegin.o(.ctors)
 *crtbegin?.o(.ctors)
 *(EXCLUDE_FILE(*crtend.o *crtend?.o) .ctors)
 *(SORT_BY_NAME(.ctors.*))
 *(.ctors)
 *crtbegin.o(.dtors)
 *crtbegin?.o(.dtors)
 *(EXCLUDE_FILE(*crtend.o *crtend?.o) .dtors)
 *(SORT_BY_NAME(.dtors.*))
 *(.dtors)
 *(.eh_frame*)
 .eh_frame      0x1000d168        0x0 c:/progra~2/armgnu~1/112202~1.02/bin/../lib/gcc/arm-none-eabi/11.2.1/thumb/v6-m/nofp/crtbegin.o
                0x1000d168                . = ALIGN (0x4)

.glue_7         0x1000d168        0x0
 .glue_7        0x1000d168        0x0 linker stubs

.glue_7t        0x1000d168        0x0
 .glue_7t       0x1000d168        0x0 linker stubs

.vfp11_veneer   0x1000d168        0x0
 .vfp11_veneer  0x1000d168        0x0 linker stubs

.v4_bx          0x1000d168        0x0
 .v4_bx         0x1000d168        0x0 linker stubs

.iplt           0x1000d168        0x0
 .iplt          0x1000d168        0x0 c:/progra~2/armgnu~1/112202~1.02/bin/../lib/gcc/arm-none-eabi/11.2.1/thumb/v6-m/nofp/crtbegin.o

.rodata         0x1000d168     0x8bf4
 *(EXCLUDE_FILE(*libm.a: *libc.a:*lib_a-mem*.o *libgcc.a:) .rodata*)
 .rodata._Z11print_titlev.str1.4
                0x1000d168       0x30 CMakeFiles/adc_board_test.dir/main.cpp.obj
                                 0x34 (size before relaxing)
 .rodata._Z21wait_for_string_entryPci.str1.4
                0x1000d198        0x4 CMakeFiles/adc_board_test.dir/main.cpp.obj
 .rodata._Z15wait_byte_entryv.str1.4
                0x1000d19c       0x2f CMakeFiles/adc_board_test.dir/main.cpp.obj
 *fill*         0x1000d1cb        0x1 
 .rodata._Z17wait_double_entryv.str1.4
                0x1000d1cc        0x4 CMakeFiles/adc_board_test.dir/main.cpp.obj
 .rodata._Z16wait_float_entryv.str1.4
                0x1000d1d0        0x3 CMakeFiles/adc_board_test.dir/main.cpp.obj
 *fill*         0x1000d1d3        0x1 
 .rodata._Z15build_data_ratehh.str1.4
                0x1000d1d4       0x23 CMakeFiles/adc_board_test.dir/main.cpp.obj
 *fill*         0x1000d1f7        0x1 
 .rodata._Z10build_gainhhh.str1.4
                0x1000d1f8       0x19 CMakeFiles/adc_board_test.dir/main.cpp.obj
 *fill*         0x1000d211        0x3 
 .rodata._Z11adc_set_muxhhh.str1.4
                0x1000d214       0x24 CMakeFiles/adc_board_test.dir/main.cpp.obj
 .rodata._Z8adc_initv.str1.4
                0x1000d238       0x89 CMakeFiles/adc_board_test.dir/main.cpp.obj
 *fill*         0x1000d2c1        0x3 
 .rodata._Z14print_cfg_menuv.str1.4
                0x1000d2c4      0x28c CMakeFiles/adc_board_test.dir/main.cpp.obj
 .rodata._Z8cfg_menuv.str1.4
                0x1000d550      0x134 CMakeFiles/adc_board_test.dir/main.cpp.obj
 .rodata._Z10board_initv.str1.4
                0x1000d684       0x2b CMakeFiles/adc_board_test.dir/main.cpp.obj
 *fill*         0x1000d6af        0x1 
 .rodata.main.str1.4
                0x1000d6b0       0x27 CMakeFiles/adc_board_test.dir/main.cpp.obj
 *fill*         0x1000d6d7        0x1 
 .rodata.spin_lock_claim_unused.str1.4
                0x1000d6d8       0x1b CMakeFiles/adc_board_test.dir/C_/development/pico/pico-sdk/src/rp2_common/hardware_sync/sync.c.obj
 *fill*         0x1000d6f3        0x1 
 .rodata.make_branch.str1.4
                0x1000d6f4       0x6f CMakeFiles/adc_board_test.dir/C_/development/pico/pico-sdk/src/rp2_common/hardware_irq/irq.c.obj
 *fill*         0x1000d763        0x1 
 .rodata.insert_branch_and_link.str1.4
                0x1000d764       0x10 CMakeFiles/adc_board_test.dir/C_/development/pico/pico-sdk/src/rp2_common/hardware_irq/irq.c.obj
 .rodata.irq_set_exclusive_handler.str1.4
                0x1000d774       0x36 CMakeFiles/adc_board_test.dir/C_/development/pico/pico-sdk/src/rp2_common/hardware_irq/irq.c.obj
 *fill*         0x1000d7aa        0x2 
 .rodata.irq_add_shared_handler.str1.4
                0x1000d7ac       0xd9 CMakeFiles/adc_board_test.dir/C_/development/pico/pico-sdk/src/rp2_common/hardware_irq/irq.c.obj
 *fill*         0x1000d885        0x3 
 .rodata.irq_remove_handler.str1.4
                0x1000d888       0x3a CMakeFiles/adc_board_test.dir/C_/development/pico/pico-sdk/src/rp2_common/hardware_irq/irq.c.obj
 *fill*         0x1000d8c2        0x2 
 .rodata.irq_add_tail_to_free_list.str1.4
                0x1000d8c4       0x32 CMakeFiles/adc_board_test.dir/C_/development/pico/pico-sdk/src/rp2_common/hardware_irq/irq.c.obj
                                 0x3a (size before relaxing)
 *fill*         0x1000d8f6        0x2 
 .rodata.user_irq_claim_unused.str1.4
                0x1000d8f8       0x1b CMakeFiles/adc_board_test.dir/C_/development/pico/pico-sdk/src/rp2_common/hardware_irq/irq.c.obj
 *fill*         0x1000d913        0x1 
 .rodata.__func__.0
                0x1000d914       0x1a CMakeFiles/adc_board_test.dir/C_/development/pico/pico-sdk/src/rp2_common/hardware_irq/irq.c.obj
 *fill*         0x1000d92e        0x2 
 .rodata.__func__.1
                0x1000d930       0x17 CMakeFiles/adc_board_test.dir/C_/development/pico/pico-sdk/src/rp2_common/hardware_irq/irq.c.obj
 *fill*         0x1000d947        0x1 
 .rodata.__func__.2
                0x1000d948       0x13 CMakeFiles/adc_board_test.dir/C_/development/pico/pico-sdk/src/rp2_common/hardware_irq/irq.c.obj
 *fill*         0x1000d95b        0x1 
 .rodata.__func__.3
                0x1000d95c        0xc CMakeFiles/adc_board_test.dir/C_/development/pico/pico-sdk/src/rp2_common/hardware_irq/irq.c.obj
 .rodata.__func__.4
                0x1000d968        0xf CMakeFiles/adc_board_test.dir/C_/development/pico/pico-sdk/src/rp2_common/hardware_irq/irq.c.obj
 *fill*         0x1000d977        0x1 
 .rodata.__func__.5
                0x1000d978       0x17 CMakeFiles/adc_board_test.dir/C_/development/pico/pico-sdk/src/rp2_common/hardware_irq/irq.c.obj
 *fill*         0x1000d98f        0x1 
 .rodata.__func__.6
                0x1000d990       0x1a CMakeFiles/adc_board_test.dir/C_/development/pico/pico-sdk/src/rp2_common/hardware_irq/irq.c.obj
 *fill*         0x1000d9aa        0x2 
 .rodata.str1.4
                0x1000d9ac       0xf1 CMakeFiles/adc_board_test.dir/C_/development/pico/pico-sdk/src/common/pico_sync/mutex.c.obj
 *fill*         0x1000da9d        0x3 
 .rodata.__func__.1
                0x1000daa0        0xb CMakeFiles/adc_board_test.dir/C_/development/pico/pico-sdk/src/common/pico_sync/mutex.c.obj
 *fill*         0x1000daab        0x1 
 .rodata.__func__.3
                0x1000daac       0x18 CMakeFiles/adc_board_test.dir/C_/development/pico/pico-sdk/src/common/pico_sync/mutex.c.obj
 .rodata.__func__.4
                0x1000dac4       0x15 CMakeFiles/adc_board_test.dir/C_/development/pico/pico-sdk/src/common/pico_sync/mutex.c.obj
 *fill*         0x1000dad9        0x3 
 .rodata.repeating_timer_callback.str1.4
                0x1000dadc       0x4d CMakeFiles/adc_board_test.dir/C_/development/pico/pico-sdk/src/common/pico_time/time.c.obj
 *fill*         0x1000db29        0x3 
 .rodata.timer_pool_entry_comparator.str1.4
                0x1000db2c       0x22 CMakeFiles/adc_board_test.dir/C_/development/pico/pico-sdk/src/common/pico_time/time.c.obj
 *fill*         0x1000db4e        0x2 
 .rodata.ph_add_child_node.str1.4
                0x1000db50       0x96 CMakeFiles/adc_board_test.dir/C_/development/pico/pico-sdk/src/common/pico_time/time.c.obj
 *fill*         0x1000dbe6        0x2 
 .rodata.add_alarm_under_lock.str1.4
                0x1000dbe8       0x28 CMakeFiles/adc_board_test.dir/C_/development/pico/pico-sdk/src/common/pico_time/time.c.obj
                                 0x2b (size before relaxing)
 .rodata.alarm_pool_alarm_callback.str1.4
                0x1000dc10       0x98 CMakeFiles/adc_board_test.dir/C_/development/pico/pico-sdk/src/common/pico_time/time.c.obj
                                 0xfc (size before relaxing)
 .rodata.alarm_pool_get_default.str1.4
                0x1000dca8       0x21 CMakeFiles/adc_board_test.dir/C_/development/pico/pico-sdk/src/common/pico_time/time.c.obj
 *fill*         0x1000dcc9        0x3 
 .rodata.alarm_pool_cancel_alarm.str1.4
                0x1000dccc       0x27 CMakeFiles/adc_board_test.dir/C_/development/pico/pico-sdk/src/common/pico_time/time.c.obj
 *fill*         0x1000dcf3        0x1 
 .rodata.sleep_until.str1.4
                0x1000dcf4       0x4d CMakeFiles/adc_board_test.dir/C_/development/pico/pico-sdk/src/common/pico_time/time.c.obj
 *fill*         0x1000dd41        0x3 
 .rodata.__func__.1
                0x1000dd44       0x18 CMakeFiles/adc_board_test.dir/C_/development/pico/pico-sdk/src/common/pico_time/time.c.obj
 .rodata.__func__.10
                0x1000dd5c       0x15 CMakeFiles/adc_board_test.dir/C_/development/pico/pico-sdk/src/common/pico_time/time.c.obj
 *fill*         0x1000dd71        0x3 
 .rodata.__func__.11
                0x1000dd74       0x1a CMakeFiles/adc_board_test.dir/C_/development/pico/pico-sdk/src/common/pico_time/time.c.obj
 *fill*         0x1000dd8e        0x2 
 .rodata.__func__.12
                0x1000dd90        0xa CMakeFiles/adc_board_test.dir/C_/development/pico/pico-sdk/src/common/pico_time/time.c.obj
 *fill*         0x1000dd9a        0x2 
 .rodata.__func__.3
                0x1000dd9c       0x17 CMakeFiles/adc_board_test.dir/C_/development/pico/pico-sdk/src/common/pico_time/time.c.obj
 *fill*         0x1000ddb3        0x1 
 .rodata.__func__.4
                0x1000ddb4       0x12 CMakeFiles/adc_board_test.dir/C_/development/pico/pico-sdk/src/common/pico_time/time.c.obj
 *fill*         0x1000ddc6        0x2 
 .rodata.__func__.5
                0x1000ddc8        0xd CMakeFiles/adc_board_test.dir/C_/development/pico/pico-sdk/src/common/pico_time/time.c.obj
 *fill*         0x1000ddd5        0x3 
 .rodata.__func__.6
                0x1000ddd8       0x12 CMakeFiles/adc_board_test.dir/C_/development/pico/pico-sdk/src/common/pico_time/time.c.obj
 *fill*         0x1000ddea        0x2 
 .rodata.__func__.7
                0x1000ddec        0xf CMakeFiles/adc_board_test.dir/C_/development/pico/pico-sdk/src/common/pico_time/time.c.obj
 *fill*         0x1000ddfb        0x1 
 .rodata.__func__.8
                0x1000ddfc        0xc CMakeFiles/adc_board_test.dir/C_/development/pico/pico-sdk/src/common/pico_time/time.c.obj
 .rodata.__func__.9
                0x1000de08       0x15 CMakeFiles/adc_board_test.dir/C_/development/pico/pico-sdk/src/common/pico_time/time.c.obj
 *fill*         0x1000de1d        0x3 
 .rodata.hardware_alarm_claim.str1.4
                0x1000de20       0x22 CMakeFiles/adc_board_test.dir/C_/development/pico/pico-sdk/src/rp2_common/hardware_timer/timer.c.obj
 .rodata.busy_wait_us.str1.4
                0x1000de42       0x63 CMakeFiles/adc_board_test.dir/C_/development/pico/pico-sdk/src/rp2_common/hardware_timer/timer.c.obj
 *fill*         0x1000de42        0x2 
 .rodata.hardware_alarm_set_target.str1.4
                0x1000de44       0x67 CMakeFiles/adc_board_test.dir/C_/development/pico/pico-sdk/src/rp2_common/hardware_timer/timer.c.obj
 *fill*         0x1000deab        0x1 
 .rodata.__func__.0
                0x1000deac       0x1a CMakeFiles/adc_board_test.dir/C_/development/pico/pico-sdk/src/rp2_common/hardware_timer/timer.c.obj
 *fill*         0x1000dec6        0x2 
 .rodata.__func__.1
                0x1000dec8       0x15 CMakeFiles/adc_board_test.dir/C_/development/pico/pico-sdk/src/rp2_common/hardware_timer/timer.c.obj
 .rodata.ph_add_child_node.str1.4
                0x1000dedd       0x96 CMakeFiles/adc_board_test.dir/C_/development/pico/pico-sdk/src/common/pico_util/pheap.c.obj
 *fill*         0x1000dedd        0x3 
 .rodata.ph_remove_any_head.str1.4
                0x1000dee0       0x90 CMakeFiles/adc_board_test.dir/C_/development/pico/pico-sdk/src/common/pico_util/pheap.c.obj
                                 0xa4 (size before relaxing)
 .rodata.ph_remove_and_free_node.str1.4
                0x1000df70       0x1e CMakeFiles/adc_board_test.dir/C_/development/pico/pico-sdk/src/common/pico_util/pheap.c.obj
                                 0x26 (size before relaxing)
 *fill*         0x1000df8e        0x2 
 .rodata.__func__.0
                0x1000df90       0x18 CMakeFiles/adc_board_test.dir/C_/development/pico/pico-sdk/src/common/pico_util/pheap.c.obj
 .rodata.__func__.1
                0x1000dfa8       0x13 CMakeFiles/adc_board_test.dir/C_/development/pico/pico-sdk/src/common/pico_util/pheap.c.obj
 *fill*         0x1000dfbb        0x1 
 .rodata.__func__.2
                0x1000dfbc       0x12 CMakeFiles/adc_board_test.dir/C_/development/pico/pico-sdk/src/common/pico_util/pheap.c.obj
 *fill*         0x1000dfce        0x2 
 .rodata.__func__.3
                0x1000dfd0        0xc CMakeFiles/adc_board_test.dir/C_/development/pico/pico-sdk/src/common/pico_util/pheap.c.obj
 .rodata.clock_configure.str1.4
                0x1000dfdc       0x59 CMakeFiles/adc_board_test.dir/C_/development/pico/pico-sdk/src/rp2_common/hardware_clocks/clocks.c.obj
 *fill*         0x1000e035        0x3 
 .rodata.__func__.1
                0x1000e038       0x10 CMakeFiles/adc_board_test.dir/C_/development/pico/pico-sdk/src/rp2_common/hardware_clocks/clocks.c.obj
 .rodata.pll_init.str1.4
                0x1000e048      0x123 CMakeFiles/adc_board_test.dir/C_/development/pico/pico-sdk/src/rp2_common/hardware_pll/pll.c.obj
 *fill*         0x1000e16b        0x1 
 .rodata.__func__.0
                0x1000e16c        0x9 CMakeFiles/adc_board_test.dir/C_/development/pico/pico-sdk/src/rp2_common/hardware_pll/pll.c.obj
 *fill*         0x1000e175        0x3 
 .rodata.__assert_func.str1.4
                0x1000e178       0x3f CMakeFiles/adc_board_test.dir/C_/development/pico/pico-sdk/src/rp2_common/pico_runtime/runtime.c.obj
                                 0x43 (size before relaxing)
 *fill*         0x1000e1b7        0x1 
 .rodata.runtime_init.str1.4
                0x1000e1b8       0x63 CMakeFiles/adc_board_test.dir/C_/development/pico/pico-sdk/src/rp2_common/pico_runtime/runtime.c.obj
 *fill*         0x1000e21b        0x1 
 .rodata.panic.str1.4
                0x1000e21c       0x10 CMakeFiles/adc_board_test.dir/C_/development/pico/pico-sdk/src/rp2_common/pico_runtime/runtime.c.obj
                                 0x12 (size before relaxing)
 .rodata.__func__.2
                0x1000e22c        0xd CMakeFiles/adc_board_test.dir/C_/development/pico/pico-sdk/src/rp2_common/pico_runtime/runtime.c.obj
 *fill*         0x1000e239        0x3 
 .rodata._ftoa.str1.4
                0x1000e23c       0x15 CMakeFiles/adc_board_test.dir/C_/development/pico/pico-sdk/src/rp2_common/pico_printf/printf.c.obj
 *fill*         0x1000e251        0x3 
 .rodata._vsnprintf
                0x1000e254      0x19c CMakeFiles/adc_board_test.dir/C_/development/pico/pico-sdk/src/rp2_common/pico_printf/printf.c.obj
 .rodata.pow10.0
                0x1000e3f0       0x50 CMakeFiles/adc_board_test.dir/C_/development/pico/pico-sdk/src/rp2_common/pico_printf/printf.c.obj
 .rodata.missing_double_func_shim.str1.4
                0x1000e440       0x18 CMakeFiles/adc_board_test.dir/C_/development/pico/pico-sdk/src/rp2_common/pico_double/double_init_rom.c.obj
 .rodata.__aeabi_double_init.str1.4